Archive member included because of file (symbol)

/home/tuofeichen/SLAM/Firmware/build_px4fmu-v2_lpe/px4io-v2/NuttX/nuttx-export/libs/libnuttx.a(sched-irq_attach.o)
                              src/modules/px4iofirmware/CMakeFiles/px4io-v2.dir/__/__/drivers/stm32/drv_hrt.c.obj (irq_attach)
/home/tuofeichen/SLAM/Firmware/build_px4fmu-v2_lpe/px4io-v2/NuttX/nuttx-export/libs/libnuttx.a(sched-irq_initialize.o)
                              /home/tuofeichen/SLAM/Firmware/build_px4fmu-v2_lpe/px4io-v2/NuttX/nuttx-export/libs/libnuttx.a(sched-irq_attach.o) (g_irqvector)
/home/tuofeichen/SLAM/Firmware/build_px4fmu-v2_lpe/px4io-v2/NuttX/nuttx-export/libs/libnuttx.a(sched-irq_unexpectedisr.o)
                              /home/tuofeichen/SLAM/Firmware/build_px4fmu-v2_lpe/px4io-v2/NuttX/nuttx-export/libs/libnuttx.a(sched-irq_attach.o) (irq_unexpected_isr)
/home/tuofeichen/SLAM/Firmware/build_px4fmu-v2_lpe/px4io-v2/NuttX/nuttx-export/libs/libnuttx.a(c-lib_abort.o)
                              (abort)
/home/tuofeichen/SLAM/Firmware/build_px4fmu-v2_lpe/px4io-v2/NuttX/nuttx-export/libs/libnuttx.a(c-lib_cfsetspeed.o)
                              src/modules/px4iofirmware/CMakeFiles/px4io-v2.dir/__/__/lib/rc/sbus.c.obj (cfsetspeed)
/home/tuofeichen/SLAM/Firmware/build_px4fmu-v2_lpe/px4io-v2/NuttX/nuttx-export/libs/libnuttx.a(c-lib_crc32.o)
                              src/modules/px4iofirmware/CMakeFiles/px4io-v2.dir/px4io.c.obj (crc32part)
/home/tuofeichen/SLAM/Firmware/build_px4fmu-v2_lpe/px4io-v2/NuttX/nuttx-export/libs/libnuttx.a(c-lib_dprintf.o)
                              src/modules/px4iofirmware/CMakeFiles/px4io-v2.dir/__/systemlib/perf_counter.c.obj (dprintf)
/home/tuofeichen/SLAM/Firmware/build_px4fmu-v2_lpe/px4io-v2/NuttX/nuttx-export/libs/libnuttx.a(c-lib_lowsyslog.o)
                              src/modules/px4iofirmware/CMakeFiles/px4io-v2.dir/px4io.c.obj (lowsyslog)
/home/tuofeichen/SLAM/Firmware/build_px4fmu-v2_lpe/px4io-v2/NuttX/nuttx-export/libs/libnuttx.a(c-lib_memchr.o)
                              src/modules/px4iofirmware/CMakeFiles/px4io-v2.dir/__/systemlib/mixer/mixer.cpp.obj (memchr)
/home/tuofeichen/SLAM/Firmware/build_px4fmu-v2_lpe/px4io-v2/NuttX/nuttx-export/libs/libnuttx.a(c-lib_memcpy.o)
                              src/modules/px4iofirmware/CMakeFiles/px4io-v2.dir/mixer.cpp.obj (memcpy)
/home/tuofeichen/SLAM/Firmware/build_px4fmu-v2_lpe/px4io-v2/NuttX/nuttx-export/libs/libnuttx.a(c-lib_memset.o)
                              src/modules/px4iofirmware/CMakeFiles/px4io-v2.dir/registers.c.obj (memset)
/home/tuofeichen/SLAM/Firmware/build_px4fmu-v2_lpe/px4io-v2/NuttX/nuttx-export/libs/libnuttx.a(c-lib_printf.o)
                              src/modules/px4iofirmware/CMakeFiles/px4io-v2.dir/__/systemlib/perf_counter.c.obj (printf)
/home/tuofeichen/SLAM/Firmware/build_px4fmu-v2_lpe/px4io-v2/NuttX/nuttx-export/libs/libnuttx.a(c-lib_sscanf.o)
                              src/modules/px4iofirmware/CMakeFiles/px4io-v2.dir/__/systemlib/mixer/mixer_multirotor.cpp.obj (sscanf)
/home/tuofeichen/SLAM/Firmware/build_px4fmu-v2_lpe/px4io-v2/NuttX/nuttx-export/libs/libnuttx.a(c-lib_strchr.o)
                              /home/tuofeichen/SLAM/Firmware/build_px4fmu-v2_lpe/px4io-v2/NuttX/nuttx-export/libs/libnuttx.a(c-lib_sscanf.o) (strchr)
/home/tuofeichen/SLAM/Firmware/build_px4fmu-v2_lpe/px4io-v2/NuttX/nuttx-export/libs/libnuttx.a(c-lib_strcmp.o)
                              src/modules/px4iofirmware/CMakeFiles/px4io-v2.dir/__/systemlib/perf_counter.c.obj (strcmp)
/home/tuofeichen/SLAM/Firmware/build_px4fmu-v2_lpe/px4io-v2/NuttX/nuttx-export/libs/libnuttx.a(c-lib_strcspn.o)
                              /home/tuofeichen/SLAM/Firmware/build_px4fmu-v2_lpe/px4io-v2/NuttX/nuttx-export/libs/libnuttx.a(c-lib_sscanf.o) (strcspn)
/home/tuofeichen/SLAM/Firmware/build_px4fmu-v2_lpe/px4io-v2/NuttX/nuttx-export/libs/libnuttx.a(c-lib_strncpy.o)
                              /home/tuofeichen/SLAM/Firmware/build_px4fmu-v2_lpe/px4io-v2/NuttX/nuttx-export/libs/libnuttx.a(c-lib_sscanf.o) (strncpy)
/home/tuofeichen/SLAM/Firmware/build_px4fmu-v2_lpe/px4io-v2/NuttX/nuttx-export/libs/libnuttx.a(c-lib_strtol.o)
                              /home/tuofeichen/SLAM/Firmware/build_px4fmu-v2_lpe/px4io-v2/NuttX/nuttx-export/libs/libnuttx.a(c-lib_sscanf.o) (strtol)
/home/tuofeichen/SLAM/Firmware/build_px4fmu-v2_lpe/px4io-v2/NuttX/nuttx-export/libs/libnuttx.a(c-lib_strtoul.o)
                              /home/tuofeichen/SLAM/Firmware/build_px4fmu-v2_lpe/px4io-v2/NuttX/nuttx-export/libs/libnuttx.a(c-lib_strtol.o) (strtoul)
/home/tuofeichen/SLAM/Firmware/build_px4fmu-v2_lpe/px4io-v2/NuttX/nuttx-export/libs/libnuttx.a(c-lib_syslog.o)
                              /home/tuofeichen/SLAM/Firmware/build_px4fmu-v2_lpe/px4io-v2/NuttX/nuttx-export/libs/libnuttx.a(c-lib_printf.o) (vsyslog)
/home/tuofeichen/SLAM/Firmware/build_px4fmu-v2_lpe/px4io-v2/NuttX/nuttx-export/libs/libnuttx.a(c-lib_tcgetattr.o)
[...]
Memory Configuration

Name             Origin             Length             Attributes
flash            0x0000000008001000 0x000000000000f000 xr
sram             0x0000000020000000 0x0000000000002000 xrw
*default*        0x0000000000000000 0xffffffffffffffff

Linker script and memory map

LOAD src/modules/px4iofirmware/CMakeFiles/px4io-v2.dir/adc.c.obj
LOAD src/modules/px4iofirmware/CMakeFiles/px4io-v2.dir/controls.c.obj
LOAD src/modules/px4iofirmware/CMakeFiles/px4io-v2.dir/px4io.c.obj
LOAD src/modules/px4iofirmware/CMakeFiles/px4io-v2.dir/registers.c.obj
LOAD src/modules/px4iofirmware/CMakeFiles/px4io-v2.dir/safety.c.obj
LOAD src/modules/px4iofirmware/CMakeFiles/px4io-v2.dir/__/systemlib/up_cxxinitialize.c.obj
LOAD src/modules/px4iofirmware/CMakeFiles/px4io-v2.dir/__/systemlib/perf_counter.c.obj
LOAD src/modules/px4iofirmware/CMakeFiles/px4io-v2.dir/mixer.cpp.obj
LOAD src/modules/px4iofirmware/CMakeFiles/px4io-v2.dir/__/systemlib/mixer/mixer.cpp.obj
LOAD src/modules/px4iofirmware/CMakeFiles/px4io-v2.dir/__/systemlib/mixer/mixer_group.cpp.obj
LOAD src/modules/px4iofirmware/CMakeFiles/px4io-v2.dir/__/systemlib/mixer/mixer_multirotor.cpp.obj
LOAD src/modules/px4iofirmware/CMakeFiles/px4io-v2.dir/__/systemlib/mixer/mixer_simple.cpp.obj
LOAD src/modules/px4iofirmware/CMakeFiles/px4io-v2.dir/__/systemlib/pwm_limit/pwm_limit.c.obj
LOAD src/modules/px4iofirmware/CMakeFiles/px4io-v2.dir/__/__/lib/rc/st24.c.obj
LOAD src/modules/px4iofirmware/CMakeFiles/px4io-v2.dir/__/__/lib/rc/sumd.c.obj
LOAD src/modules/px4iofirmware/CMakeFiles/px4io-v2.dir/__/__/lib/rc/sbus.c.obj
LOAD src/modules/px4iofirmware/CMakeFiles/px4io-v2.dir/__/__/lib/rc/dsm.c.obj
LOAD src/modules/px4iofirmware/CMakeFiles/px4io-v2.dir/__/__/drivers/stm32/drv_hrt.c.obj
LOAD src/modules/px4iofirmware/CMakeFiles/px4io-v2.dir/__/__/drivers/stm32/drv_io_timer.c.obj
LOAD src/modules/px4iofirmware/CMakeFiles/px4io-v2.dir/__/__/drivers/stm32/drv_pwm_servo.c.obj
LOAD src/modules/px4iofirmware/CMakeFiles/px4io-v2.dir/__/__/drivers/boards/px4io-v2/px4io_init.c.obj
LOAD src/modules/px4iofirmware/CMakeFiles/px4io-v2.dir/__/__/drivers/boards/px4io-v2/px4io_timer_config.c.obj
LOAD src/modules/px4iofirmware/CMakeFiles/px4io-v2.dir/serial.c.obj
LOAD src/modules/px4iofirmware/CMakeFiles/px4io-v2.dir/__/systemlib/hx_stream.c.obj
START GROUP
LOAD /home/tuofeichen/SLAM/Firmware/build_px4fmu-v2_lpe/px4io-v2/NuttX/nuttx-export/libs/libapps.a
LOAD /home/tuofeichen/SLAM/Firmware/build_px4fmu-v2_lpe/px4io-v2/NuttX/nuttx-export/libs/libnuttx.a
LOAD /usr/bin/../lib/gcc/arm-none-eabi/4.9.3/../../../../arm-none-eabi/lib/armv7-m/libnosys.a
LOAD /usr/bin/../lib/gcc/arm-none-eabi/4.9.3/../../../../arm-none-eabi/lib/armv7-m/libm.a
LOAD /usr/bin/../lib/gcc/arm-none-eabi/4.9.3/armv7-m/libgcc.a
END GROUP

.text           0x0000000008001000     0xc6d0
                0x0000000008001000                _stext = ABSOLUTE (.)
 *(.vectors)
 .vectors       0x0000000008001000      0x134 /home/tuofeichen/SLAM/Firmware/build_px4fmu-v2_lpe/px4io-v2/NuttX/nuttx-export/libs/libnuttx.a(arch-up_vectors.o)
                0x0000000008001000                _vectors
 *(.text .text.*)
 .text          0x0000000008001134        0x0 src/modules/px4iofirmware/CMakeFiles/px4io-v2.dir/adc.c.obj
 .text.adc_init
                0x0000000008001134       0x98 src/modules/px4iofirmware/CMakeFiles/px4io-v2.dir/adc.c.obj
                0x0000000008001134                adc_init
 .text.adc_measure
                0x00000000080011cc       0x80 src/modules/px4iofirmware/CMakeFiles/px4io-v2.dir/adc.c.obj
                0x00000000080011cc                adc_measure
 .text          0x000000000800124c        0x0 src/modules/px4iofirmware/CMakeFiles/px4io-v2.dir/controls.c.obj
 .text.controls_init
                0x000000000800124c       0x90 src/modules/px4iofirmware/CMakeFiles/px4io-v2.dir/controls.c.obj
                0x000000000800124c                controls_init
 .text.controls_tick
                0x00000000080012dc      0x6ec src/modules/px4iofirmware/CMakeFiles/px4io-v2.dir/controls.c.obj
                0x00000000080012dc                controls_tick
 .text          0x00000000080019c8        0x0 src/modules/px4iofirmware/CMakeFiles/px4io-v2.dir/px4io.c.obj
 .text.isr_debug
                0x00000000080019c8       0x60 src/modules/px4iofirmware/CMakeFiles/px4io-v2.dir/px4io.c.obj
                0x00000000080019c8                isr_debug
 .text.schedule_reboot
                0x0000000008001a28       0x1c src/modules/px4iofirmware/CMakeFiles/px4io-v2.dir/px4io.c.obj
                0x0000000008001a28                schedule_reboot
 .text.user_start
                0x0000000008001a44      0x340 src/modules/px4iofirmware/CMakeFiles/px4io-v2.dir/px4io.c.obj
                0x0000000008001a44                user_start
 .text          0x0000000008001d84        0x0 src/modules/px4iofirmware/CMakeFiles/px4io-v2.dir/registers.c.obj
 .text.pwm_configure_rates
                0x0000000008001d84       0x90 src/modules/px4iofirmware/CMakeFiles/px4io-v2.dir/registers.c.obj
 .text.registers_set
                0x0000000008001e14      0x680 src/modules/px4iofirmware/CMakeFiles/px4io-v2.dir/registers.c.obj
                0x0000000008001e14                registers_set
 .text.registers_get
                0x0000000008002494      0x288 src/modules/px4iofirmware/CMakeFiles/px4io-v2.dir/registers.c.obj
                0x0000000008002494                registers_get
 .text          0x000000000800271c        0x0 src/modules/px4iofirmware/CMakeFiles/px4io-v2.dir/safety.c.obj
 .text.safety_check_button
                0x000000000800271c       0xe8 src/modules/px4iofirmware/CMakeFiles/px4io-v2.dir/safety.c.obj
 .text.failsafe_blink
                0x0000000008002804       0x40 src/modules/px4iofirmware/CMakeFiles/px4io-v2.dir/safety.c.obj
 .text.safety_init
                0x0000000008002844       0x34 src/modules/px4iofirmware/CMakeFiles/px4io-v2.dir/safety.c.obj
                0x0000000008002844                safety_init
 .text.failsafe_led_init
                0x0000000008002878       0x34 src/modules/px4iofirmware/CMakeFiles/px4io-v2.dir/safety.c.obj
                0x0000000008002878                failsafe_led_init
 .text          0x00000000080028ac        0x0 src/modules/px4iofirmware/CMakeFiles/px4io-v2.dir/__/systemlib/up_cxxinitialize.c.obj
 .text.up_cxxinitialize
                0x00000000080028ac       0x38 src/modules/px4iofirmware/CMakeFiles/px4io-v2.dir/__/systemlib/up_cxxinitialize.c.obj
                0x00000000080028ac                up_cxxinitialize
 .text          0x00000000080028e4        0x0 src/modules/px4iofirmware/CMakeFiles/px4io-v2.dir/__/systemlib/perf_counter.c.obj
 .text.perf_alloc
                0x00000000080028e4       0x50 src/modules/px4iofirmware/CMakeFiles/px4io-v2.dir/__/systemlib/perf_counter.c.obj
                0x00000000080028e4                perf_alloc
 .text.perf_alloc_once
                0x0000000008002934       0x3c src/modules/px4iofirmware/CMakeFiles/px4io-v2.dir/__/systemlib/perf_counter.c.obj
                0x0000000008002934                perf_alloc_once
 .text.perf_free
                0x0000000008002970       0x1c src/modules/px4iofirmware/CMakeFiles/px4io-v2.dir/__/systemlib/perf_counter.c.obj
                0x0000000008002970                perf_free
 .text.perf_count
                0x000000000800298c      0x100 src/modules/px4iofirmware/CMakeFiles/px4io-v2.dir/__/systemlib/perf_counter.c.obj
                0x000000000800298c                perf_count
 .text.perf_begin
                0x0000000008002a8c       0x18 src/modules/px4iofirmware/CMakeFiles/px4io-v2.dir/__/systemlib/perf_counter.c.obj
                0x0000000008002a8c                perf_begin
 .text.perf_end
                0x0000000008002aa4       0xe0 src/modules/px4iofirmware/CMakeFiles/px4io-v2.dir/__/systemlib/perf_counter.c.obj
                0x0000000008002aa4                perf_end
 .text.perf_set
                0x0000000008002b84       0xcc src/modules/px4iofirmware/CMakeFiles/px4io-v2.dir/__/systemlib/perf_counter.c.obj
                0x0000000008002b84                perf_set
 .text.perf_cancel
                0x0000000008002c50       0x14 src/modules/px4iofirmware/CMakeFiles/px4io-v2.dir/__/systemlib/perf_counter.c.obj
                0x0000000008002c50                perf_cancel
 .text.perf_reset
                0x0000000008002c64       0x54 src/modules/px4iofirmware/CMakeFiles/px4io-v2.dir/__/systemlib/perf_counter.c.obj
                0x0000000008002c64                perf_reset
 .text.perf_print_counter_fd
                0x0000000008002cb8      0x144 src/modules/px4iofirmware/CMakeFiles/px4io-v2.dir/__/systemlib/perf_counter.c.obj
                0x0000000008002cb8                perf_print_counter_fd
 .text.perf_print_counter
                0x0000000008002dfc        0x8 src/modules/px4iofirmware/CMakeFiles/px4io-v2.dir/__/systemlib/perf_counter.c.obj
                0x0000000008002dfc                perf_print_counter
 .text.perf_event_count
                0x0000000008002e04       0x20 src/modules/px4iofirmware/CMakeFiles/px4io-v2.dir/__/systemlib/perf_counter.c.obj
                0x0000000008002e04                perf_event_count
 .text.perf_print_all
                0x0000000008002e24       0x20 src/modules/px4iofirmware/CMakeFiles/px4io-v2.dir/__/systemlib/perf_counter.c.obj
                0x0000000008002e24                perf_print_all
 .text.perf_print_latency
                0x0000000008002e44       0x64 src/modules/px4iofirmware/CMakeFiles/px4io-v2.dir/__/systemlib/perf_counter.c.obj
                0x0000000008002e44                perf_print_latency
 .text.perf_reset_all
                0x0000000008002ea8       0x38 src/modules/px4iofirmware/CMakeFiles/px4io-v2.dir/__/systemlib/perf_counter.c.obj
                0x0000000008002ea8                perf_reset_all
 .text          0x0000000008002ee0        0x0 src/modules/px4iofirmware/CMakeFiles/px4io-v2.dir/mixer.cpp.obj
 .text._ZL14mixer_callbackjhhRf
                0x0000000008002ee0      0x180 src/modules/px4iofirmware/CMakeFiles/px4io-v2.dir/mixer.cpp.obj
 .text.mixer_handle_text
                0x0000000008003060      0x118 src/modules/px4iofirmware/CMakeFiles/px4io-v2.dir/mixer.cpp.obj
                0x0000000008003060                mixer_handle_text
 .text.startup._GLOBAL__sub_I_mixer_tick
                0x0000000008003178       0x2c src/modules/px4iofirmware/CMakeFiles/px4io-v2.dir/mixer.cpp.obj
 .text.mixer_tick
                0x00000000080031a4      0x46c src/modules/px4iofirmware/CMakeFiles/px4io-v2.dir/mixer.cpp.obj
                0x00000000080031a4                mixer_tick
 .text.mixer_set_failsafe
                0x0000000008003610       0x80 src/modules/px4iofirmware/CMakeFiles/px4io-v2.dir/mixer.cpp.obj
                0x0000000008003610                mixer_set_failsafe
 .text          0x0000000008003690        0x0 src/modules/px4iofirmware/CMakeFiles/px4io-v2.dir/__/systemlib/mixer/mixer.cpp.obj
 .text._ZN9NullMixerD2Ev
                0x0000000008003690        0x4 src/modules/px4iofirmware/CMakeFiles/px4io-v2.dir/__/systemlib/mixer/mixer.cpp.obj
                0x0000000008003690                NullMixer::~NullMixer()
                0x0000000008003690                NullMixer::~NullMixer()
 .text._ZN9NullMixer3mixEPfjPt
                0x0000000008003694       0x10 src/modules/px4iofirmware/CMakeFiles/px4io-v2.dir/__/systemlib/mixer/mixer.cpp.obj
                0x0000000008003694                NullMixer::mix(float*, unsigned int, unsigned short*)
 .text._ZN9NullMixer15groups_requiredERj
                0x00000000080036a4        0x4 src/modules/px4iofirmware/CMakeFiles/px4io-v2.dir/__/systemlib/mixer/mixer.cpp.obj
                0x00000000080036a4                NullMixer::groups_required(unsigned int&)
 .text._ZN9NullMixerD0Ev
                0x00000000080036a8        0xc src/modules/px4iofirmware/CMakeFiles/px4io-v2.dir/__/systemlib/mixer/mixer.cpp.obj
                0x00000000080036a8                NullMixer::~NullMixer()
 .text._ZN5MixerC2EPFijhhRfEj
                0x00000000080036b4       0x18 src/modules/px4iofirmware/CMakeFiles/px4io-v2.dir/__/systemlib/mixer/mixer.cpp.obj
                0x00000000080036b4                Mixer::Mixer(int (*)(unsigned int, unsigned char, unsigned char, float&), unsigned int)
                0x00000000080036b4                Mixer::Mixer(int (*)(unsigned int, unsigned char, unsigned char, float&), unsigned int)
 .text._ZN5Mixer11get_controlEhh
                0x00000000080036cc       0x14 src/modules/px4iofirmware/CMakeFiles/px4io-v2.dir/__/systemlib/mixer/mixer.cpp.obj
                0x00000000080036cc                Mixer::get_control(unsigned char, unsigned char)
 .text._ZN5Mixer5scaleERK14mixer_scaler_sf
                0x00000000080036e0       0x54 src/modules/px4iofirmware/CMakeFiles/px4io-v2.dir/__/systemlib/mixer/mixer.cpp.obj
                0x00000000080036e0                Mixer::scale(mixer_scaler_s const&, float)
 .text._ZN5Mixer11scale_checkER14mixer_scaler_s
                0x0000000008003734       0x5c src/modules/px4iofirmware/CMakeFiles/px4io-v2.dir/__/systemlib/mixer/mixer.cpp.obj
                0x0000000008003734                Mixer::scale_check(mixer_scaler_s&)
 .text._ZN5Mixer7findtagEPKcRjc
                0x0000000008003790       0x34 src/modules/px4iofirmware/CMakeFiles/px4io-v2.dir/__/systemlib/mixer/mixer.cpp.obj
                0x0000000008003790                Mixer::findtag(char const*, unsigned int&, char)
 .text._ZN5Mixer8skiplineEPKcRj
                0x00000000080037c4       0x30 src/modules/px4iofirmware/CMakeFiles/px4io-v2.dir/__/systemlib/mixer/mixer.cpp.obj
                0x00000000080037c4                Mixer::skipline(char const*, unsigned int&)
 .text._ZN9NullMixerC2Ev
                0x00000000080037f4       0x14 src/modules/px4iofirmware/CMakeFiles/px4io-v2.dir/__/systemlib/mixer/mixer.cpp.obj
                0x00000000080037f4                NullMixer::NullMixer()
                0x00000000080037f4                NullMixer::NullMixer()
 .text._ZN9NullMixer9from_textEPKcRj
                0x0000000008003808       0x60 src/modules/px4iofirmware/CMakeFiles/px4io-v2.dir/__/systemlib/mixer/mixer.cpp.obj
                0x0000000008003808                NullMixer::from_text(char const*, unsigned int&)
 .text          0x0000000008003868        0x0 src/modules/px4iofirmware/CMakeFiles/px4io-v2.dir/__/systemlib/mixer/mixer_group.cpp.obj
 .text._ZN10MixerGroupD2Ev
                0x0000000008003868       0x28 src/modules/px4iofirmware/CMakeFiles/px4io-v2.dir/__/systemlib/mixer/mixer_group.cpp.obj
                0x0000000008003868                MixerGroup::~MixerGroup()
                0x0000000008003868                MixerGroup::~MixerGroup()
 .text._ZN10MixerGroup3mixEPfjPt
                0x0000000008003890       0x40 src/modules/px4iofirmware/CMakeFiles/px4io-v2.dir/__/systemlib/mixer/mixer_group.cpp.obj
                0x0000000008003890                MixerGroup::mix(float*, unsigned int, unsigned short*)
 .text._ZN10MixerGroup15groups_requiredERj
                0x00000000080038d0       0x1c src/modules/px4iofirmware/CMakeFiles/px4io-v2.dir/__/systemlib/mixer/mixer_group.cpp.obj
                0x00000000080038d0                MixerGroup::groups_required(unsigned int&)
 .text._ZN10MixerGroupD0Ev
                0x00000000080038ec       0x2c src/modules/px4iofirmware/CMakeFiles/px4io-v2.dir/__/systemlib/mixer/mixer_group.cpp.obj
                0x00000000080038ec                MixerGroup::~MixerGroup()
 .text._ZN10MixerGroupC2EPFijhhRfEj
                0x0000000008003918       0x18 src/modules/px4iofirmware/CMakeFiles/px4io-v2.dir/__/systemlib/mixer/mixer_group.cpp.obj
                0x0000000008003918                MixerGroup::MixerGroup(int (*)(unsigned int, unsigned char, unsigned char, float&), unsigned int)
                0x0000000008003918                MixerGroup::MixerGroup(int (*)(unsigned int, unsigned char, unsigned char, float&), unsigned int)
 .text._ZN10MixerGroup9add_mixerEP5Mixer
                0x0000000008003930       0x20 src/modules/px4iofirmware/CMakeFiles/px4io-v2.dir/__/systemlib/mixer/mixer_group.cpp.obj
                0x0000000008003930                MixerGroup::add_mixer(Mixer*)
 .text._ZN10MixerGroup5resetEv
                0x0000000008003950       0x1c src/modules/px4iofirmware/CMakeFiles/px4io-v2.dir/__/systemlib/mixer/mixer_group.cpp.obj
                0x0000000008003950                MixerGroup::reset()
 .text._ZN10MixerGroup5countEv
                0x000000000800396c       0x14 src/modules/px4iofirmware/CMakeFiles/px4io-v2.dir/__/systemlib/mixer/mixer_group.cpp.obj
                0x000000000800396c                MixerGroup::count()
 .text._ZN10MixerGroup13load_from_bufEPKcRj
                0x0000000008003980       0x90 src/modules/px4iofirmware/CMakeFiles/px4io-v2.dir/__/systemlib/mixer/mixer_group.cpp.obj
                0x0000000008003980                MixerGroup::load_from_buf(char const*, unsigned int&)
 .text          0x0000000008003a10        0x0 src/modules/px4iofirmware/CMakeFiles/px4io-v2.dir/__/systemlib/mixer/mixer_multirotor.cpp.obj
 .text._ZN15MultirotorMixerD2Ev
                0x0000000008003a10        0x4 src/modules/px4iofirmware/CMakeFiles/px4io-v2.dir/__/systemlib/mixer/mixer_multirotor.cpp.obj
                0x0000000008003a10                MultirotorMixer::~MultirotorMixer()
                0x0000000008003a10                MultirotorMixer::~MultirotorMixer()
 .text._ZN15MultirotorMixer15groups_requiredERj
                0x0000000008003a14        0xc src/modules/px4iofirmware/CMakeFiles/px4io-v2.dir/__/systemlib/mixer/mixer_multirotor.cpp.obj
                0x0000000008003a14                MultirotorMixer::groups_required(unsigned int&)
 .text._ZN15MultirotorMixerD0Ev
                0x0000000008003a20        0xc src/modules/px4iofirmware/CMakeFiles/px4io-v2.dir/__/systemlib/mixer/mixer_multirotor.cpp.obj
                0x0000000008003a20                MultirotorMixer::~MultirotorMixer()
 .text._ZN15MultirotorMixer3mixEPfjPt
                0x0000000008003a2c      0x710 src/modules/px4iofirmware/CMakeFiles/px4io-v2.dir/__/systemlib/mixer/mixer_multirotor.cpp.obj
                0x0000000008003a2c                MultirotorMixer::mix(float*, unsigned int, unsigned short*)
 .text._ZN15MultirotorMixerC2EPFijhhRfEj18MultirotorGeometryffff
                0x000000000800413c       0x58 src/modules/px4iofirmware/CMakeFiles/px4io-v2.dir/__/systemlib/mixer/mixer_multirotor.cpp.obj
                0x000000000800413c                MultirotorMixer::MultirotorMixer(int (*)(unsigned int, unsigned char, unsigned char, float&), unsigned int, MultirotorGeometry, float, float, float, float)
                0x000000000800413c                MultirotorMixer::MultirotorMixer(int (*)(unsigned int, unsigned char, unsigned char, float&), unsigned int, MultirotorGeometry, float, float, float, float)
 .text._ZN15MultirotorMixer9from_textEPFijhhRfEjPKcRj
                0x0000000008004194      0x234 src/modules/px4iofirmware/CMakeFiles/px4io-v2.dir/__/systemlib/mixer/mixer_multirotor.cpp.obj
                0x0000000008004194                MultirotorMixer::from_text(int (*)(unsigned int, unsigned char, unsigned char, float&), unsigned int, char const*, unsigned int&)
 .text          0x00000000080043c8        0x0 src/modules/px4iofirmware/CMakeFiles/px4io-v2.dir/__/systemlib/mixer/mixer_simple.cpp.obj
 .text._ZN11SimpleMixer15groups_requiredERj
                0x00000000080043c8       0x30 src/modules/px4iofirmware/CMakeFiles/px4io-v2.dir/__/systemlib/mixer/mixer_simple.cpp.obj
                0x00000000080043c8                SimpleMixer::groups_required(unsigned int&)
 .text._ZN11SimpleMixerD2Ev
                0x00000000080043f8       0x18 src/modules/px4iofirmware/CMakeFiles/px4io-v2.dir/__/systemlib/mixer/mixer_simple.cpp.obj
                0x00000000080043f8                SimpleMixer::~SimpleMixer()
                0x00000000080043f8                SimpleMixer::~SimpleMixer()
 .text._ZN11SimpleMixerD0Ev
                0x0000000008004410       0x20 src/modules/px4iofirmware/CMakeFiles/px4io-v2.dir/__/systemlib/mixer/mixer_simple.cpp.obj
                0x0000000008004410                SimpleMixer::~SimpleMixer()
 .text._ZN11SimpleMixer3mixEPfjPt
                0x0000000008004430       0x78 src/modules/px4iofirmware/CMakeFiles/px4io-v2.dir/__/systemlib/mixer/mixer_simple.cpp.obj
                0x0000000008004430                SimpleMixer::mix(float*, unsigned int, unsigned short*)
 .text._ZN11SimpleMixerC2EPFijhhRfEjP14mixer_simple_s
                0x00000000080044a8       0x18 src/modules/px4iofirmware/CMakeFiles/px4io-v2.dir/__/systemlib/mixer/mixer_simple.cpp.obj
                0x00000000080044a8                SimpleMixer::SimpleMixer(int (*)(unsigned int, unsigned char, unsigned char, float&), unsigned int, mixer_simple_s*)
                0x00000000080044a8                SimpleMixer::SimpleMixer(int (*)(unsigned int, unsigned char, unsigned char, float&), unsigned int, mixer_simple_s*)
 .text._ZN11SimpleMixer19parse_output_scalerEPKcRjR14mixer_scaler_s
                0x00000000080044c0       0xa8 src/modules/px4iofirmware/CMakeFiles/px4io-v2.dir/__/systemlib/mixer/mixer_simple.cpp.obj
                0x00000000080044c0                SimpleMixer::parse_output_scaler(char const*, unsigned int&, mixer_scaler_s&)
 .text._ZN11SimpleMixer20parse_control_scalerEPKcRjR14mixer_scaler_sRhS5_
                0x0000000008004568       0xb8 src/modules/px4iofirmware/CMakeFiles/px4io-v2.dir/__/systemlib/mixer/mixer_simple.cpp.obj
                0x0000000008004568                SimpleMixer::parse_control_scaler(char const*, unsigned int&, mixer_scaler_s&, unsigned char&, unsigned char&)
 .text._ZN11SimpleMixer9from_textEPFijhhRfEjPKcRj
                0x0000000008004620       0xb4 src/modules/px4iofirmware/CMakeFiles/px4io-v2.dir/__/systemlib/mixer/mixer_simple.cpp.obj
                0x0000000008004620                SimpleMixer::from_text(int (*)(unsigned int, unsigned char, unsigned char, float&), unsigned int, char const*, unsigned int&)
 .text._ZN11SimpleMixer9pwm_inputEPFijhhRfEjjttt
                0x00000000080046d4       0xa4 src/modules/px4iofirmware/CMakeFiles/px4io-v2.dir/__/systemlib/mixer/mixer_simple.cpp.obj
                0x00000000080046d4                SimpleMixer::pwm_input(int (*)(unsigned int, unsigned char, unsigned char, float&), unsigned int, unsigned int, unsigned short, unsigned short, unsigned short)
 .text._ZN11SimpleMixer5checkEv
                0x0000000008004778       0x78 src/modules/px4iofirmware/CMakeFiles/px4io-v2.dir/__/systemlib/mixer/mixer_simple.cpp.obj
                0x0000000008004778                SimpleMixer::check()
 .text          0x00000000080047f0        0x0 src/modules/px4iofirmware/CMakeFiles/px4io-v2.dir/__/systemlib/pwm_limit/pwm_limit.c.obj
 .text.pwm_limit_init
                0x00000000080047f0       0x10 src/modules/px4iofirmware/CMakeFiles/px4io-v2.dir/__/systemlib/pwm_limit/pwm_limit.c.obj
                0x00000000080047f0                pwm_limit_init
 .text.pwm_limit_calc
                0x0000000008004800      0x2bc src/modules/px4iofirmware/CMakeFiles/px4io-v2.dir/__/systemlib/pwm_limit/pwm_limit.c.obj
                0x0000000008004800                pwm_limit_calc
 .text          0x0000000008004abc        0x0 src/modules/px4iofirmware/CMakeFiles/px4io-v2.dir/__/__/lib/rc/st24.c.obj
 .text.st24_common_crc8
                0x0000000008004abc       0x44 src/modules/px4iofirmware/CMakeFiles/px4io-v2.dir/__/__/lib/rc/st24.c.obj
                0x0000000008004abc                st24_common_crc8
 .text.st24_decode
                0x0000000008004b00      0x218 src/modules/px4iofirmware/CMakeFiles/px4io-v2.dir/__/__/lib/rc/st24.c.obj
                0x0000000008004b00                st24_decode
 .text          0x0000000008004d18        0x0 src/modules/px4iofirmware/CMakeFiles/px4io-v2.dir/__/__/lib/rc/sumd.c.obj
 .text.sumd_crc16
                0x0000000008004d18       0x20 src/modules/px4iofirmware/CMakeFiles/px4io-v2.dir/__/__/lib/rc/sumd.c.obj
                0x0000000008004d18                sumd_crc16
 .text.sumd_crc8
                0x0000000008004d38        0x8 src/modules/px4iofirmware/CMakeFiles/px4io-v2.dir/__/__/lib/rc/sumd.c.obj
                0x0000000008004d38                sumd_crc8
 .text.sumd_decode
                0x0000000008004d40      0x4d0 src/modules/px4iofirmware/CMakeFiles/px4io-v2.dir/__/__/lib/rc/sumd.c.obj
                0x0000000008004d40                sumd_decode
 .text          0x0000000008005210        0x0 src/modules/px4iofirmware/CMakeFiles/px4io-v2.dir/__/__/lib/rc/sbus.c.obj
 .text.sbus_dropped_frames
                0x0000000008005210        0xc src/modules/px4iofirmware/CMakeFiles/px4io-v2.dir/__/__/lib/rc/sbus.c.obj
                0x0000000008005210                sbus_dropped_frames
 .text.sbus_config
                0x000000000800521c       0x78 src/modules/px4iofirmware/CMakeFiles/px4io-v2.dir/__/__/lib/rc/sbus.c.obj
                0x000000000800521c                sbus_config
 .text.sbus_init
                0x0000000008005294       0x20 src/modules/px4iofirmware/CMakeFiles/px4io-v2.dir/__/__/lib/rc/sbus.c.obj
                0x0000000008005294                sbus_init
 .text.sbus1_output
                0x00000000080052b4      0x148 src/modules/px4iofirmware/CMakeFiles/px4io-v2.dir/__/__/lib/rc/sbus.c.obj
                0x00000000080052b4                sbus1_output
 .text.sbus2_output
                0x00000000080053fc        0x4 src/modules/px4iofirmware/CMakeFiles/px4io-v2.dir/__/__/lib/rc/sbus.c.obj
                0x00000000080053fc                sbus2_output
 .text.sbus_parse
                0x0000000008005400      0x304 src/modules/px4iofirmware/CMakeFiles/px4io-v2.dir/__/__/lib/rc/sbus.c.obj
                0x0000000008005400                sbus_parse
 .text.sbus_input
                0x0000000008005704       0x64 src/modules/px4iofirmware/CMakeFiles/px4io-v2.dir/__/__/lib/rc/sbus.c.obj
                0x0000000008005704                sbus_input
 .text          0x0000000008005768        0x0 src/modules/px4iofirmware/CMakeFiles/px4io-v2.dir/__/__/lib/rc/dsm.c.obj
 .text.dsm_config
                0x0000000008005768       0x80 src/modules/px4iofirmware/CMakeFiles/px4io-v2.dir/__/__/lib/rc/dsm.c.obj
                0x0000000008005768                dsm_config
 .text.dsm_init
                0x00000000080057e8       0x50 src/modules/px4iofirmware/CMakeFiles/px4io-v2.dir/__/__/lib/rc/dsm.c.obj
                0x00000000080057e8                dsm_init
 .text.dsm_bind
                0x0000000008005838       0xa8 src/modules/px4iofirmware/CMakeFiles/px4io-v2.dir/__/__/lib/rc/dsm.c.obj
                0x0000000008005838                dsm_bind
 .text.dsm_parse
                0x00000000080058e0      0x364 src/modules/px4iofirmware/CMakeFiles/px4io-v2.dir/__/__/lib/rc/dsm.c.obj
                0x00000000080058e0                dsm_parse
 .text.dsm_input
                0x0000000008005c44       0x64 src/modules/px4iofirmware/CMakeFiles/px4io-v2.dir/__/__/lib/rc/dsm.c.obj
                0x0000000008005c44                dsm_input
 .text          0x0000000008005ca8        0x0 src/modules/px4iofirmware/CMakeFiles/px4io-v2.dir/__/__/drivers/stm32/drv_hrt.c.obj
 .text.hrt_absolute_time
                0x0000000008005ca8       0x4c src/modules/px4iofirmware/CMakeFiles/px4io-v2.dir/__/__/drivers/stm32/drv_hrt.c.obj
                0x0000000008005ca8                hrt_absolute_time
 .text.hrt_call_reschedule
                0x0000000008005cf4       0x58 src/modules/px4iofirmware/CMakeFiles/px4io-v2.dir/__/__/drivers/stm32/drv_hrt.c.obj
 .text.hrt_call_enter
                0x0000000008005d4c       0x50 src/modules/px4iofirmware/CMakeFiles/px4io-v2.dir/__/__/drivers/stm32/drv_hrt.c.obj
 .text.hrt_call_internal
                0x0000000008005d9c       0x4c src/modules/px4iofirmware/CMakeFiles/px4io-v2.dir/__/__/drivers/stm32/drv_hrt.c.obj
 .text.hrt_tim_isr
                0x0000000008005de8      0x21c src/modules/px4iofirmware/CMakeFiles/px4io-v2.dir/__/__/drivers/stm32/drv_hrt.c.obj
 .text.ts_to_abstime
                0x0000000008006004       0x28 src/modules/px4iofirmware/CMakeFiles/px4io-v2.dir/__/__/drivers/stm32/drv_hrt.c.obj
                0x0000000008006004                ts_to_abstime
 .text.abstime_to_ts
                0x000000000800602c       0x30 src/modules/px4iofirmware/CMakeFiles/px4io-v2.dir/__/__/drivers/stm32/drv_hrt.c.obj
                0x000000000800602c                abstime_to_ts
 .text.hrt_elapsed_time
                0x000000000800605c       0x24 src/modules/px4iofirmware/CMakeFiles/px4io-v2.dir/__/__/drivers/stm32/drv_hrt.c.obj
                0x000000000800605c                hrt_elapsed_time
 .text.hrt_store_absolute_time
                0x0000000008006080       0x18 src/modules/px4iofirmware/CMakeFiles/px4io-v2.dir/__/__/drivers/stm32/drv_hrt.c.obj
                0x0000000008006080                hrt_store_absolute_time
 .text.hrt_init
                0x0000000008006098       0xcc src/modules/px4iofirmware/CMakeFiles/px4io-v2.dir/__/__/drivers/stm32/drv_hrt.c.obj
                0x0000000008006098                hrt_init
 .text.hrt_call_after
                0x0000000008006164       0x38 src/modules/px4iofirmware/CMakeFiles/px4io-v2.dir/__/__/drivers/stm32/drv_hrt.c.obj
                0x0000000008006164                hrt_call_after
 .text.hrt_call_at
                0x000000000800619c       0x1c src/modules/px4iofirmware/CMakeFiles/px4io-v2.dir/__/__/drivers/stm32/drv_hrt.c.obj
                0x000000000800619c                hrt_call_at
 .text.hrt_call_every
                0x00000000080061b8       0x38 src/modules/px4iofirmware/CMakeFiles/px4io-v2.dir/__/__/drivers/stm32/drv_hrt.c.obj
                0x00000000080061b8                hrt_call_every
 .text.hrt_called
                0x00000000080061f0       0x10 src/modules/px4iofirmware/CMakeFiles/px4io-v2.dir/__/__/drivers/stm32/drv_hrt.c.obj
                0x00000000080061f0                hrt_called
 .text.hrt_cancel
                0x0000000008006200       0x2c src/modules/px4iofirmware/CMakeFiles/px4io-v2.dir/__/__/drivers/stm32/drv_hrt.c.obj
                0x0000000008006200                hrt_cancel
 .text.hrt_call_init
                0x000000000800622c        0x8 src/modules/px4iofirmware/CMakeFiles/px4io-v2.dir/__/__/drivers/stm32/drv_hrt.c.obj
                0x000000000800622c                hrt_call_init
 .text.hrt_call_delay
                0x0000000008006234       0x18 src/modules/px4iofirmware/CMakeFiles/px4io-v2.dir/__/__/drivers/stm32/drv_hrt.c.obj
                0x0000000008006234                hrt_call_delay
 .text          0x000000000800624c        0x0 src/modules/px4iofirmware/CMakeFiles/px4io-v2.dir/__/__/drivers/stm32/drv_io_timer.c.obj
 .text.io_timer_handler
                0x000000000800624c       0xcc src/modules/px4iofirmware/CMakeFiles/px4io-v2.dir/__/__/drivers/stm32/drv_io_timer.c.obj
 .text.get_timer_channels
                0x0000000008006318       0x3c src/modules/px4iofirmware/CMakeFiles/px4io-v2.dir/__/__/drivers/stm32/drv_io_timer.c.obj
 .text.io_timer_handler0
                0x0000000008006354        0x8 src/modules/px4iofirmware/CMakeFiles/px4io-v2.dir/__/__/drivers/stm32/drv_io_timer.c.obj
                0x0000000008006354                io_timer_handler0
 .text.io_timer_handler1
                0x000000000800635c        0x8 src/modules/px4iofirmware/CMakeFiles/px4io-v2.dir/__/__/drivers/stm32/drv_io_timer.c.obj
                0x000000000800635c                io_timer_handler1
 .text.io_timer_handler2
                0x0000000008006364        0x8 src/modules/px4iofirmware/CMakeFiles/px4io-v2.dir/__/__/drivers/stm32/drv_io_timer.c.obj
                0x0000000008006364                io_timer_handler2
 .text.io_timer_handler3
                0x000000000800636c        0x8 src/modules/px4iofirmware/CMakeFiles/px4io-v2.dir/__/__/drivers/stm32/drv_io_timer.c.obj
                0x000000000800636c                io_timer_handler3
 .text.io_timer_validate_channel_index
                0x0000000008006374       0x44 src/modules/px4iofirmware/CMakeFiles/px4io-v2.dir/__/__/drivers/stm32/drv_io_timer.c.obj
                0x0000000008006374                io_timer_validate_channel_index
 .text.io_timer_is_channel_free
                0x00000000080063b8       0x20 src/modules/px4iofirmware/CMakeFiles/px4io-v2.dir/__/__/drivers/stm32/drv_io_timer.c.obj
                0x00000000080063b8                io_timer_is_channel_free
 .text.io_timer_get_mode_channels
                0x00000000080063d8       0x10 src/modules/px4iofirmware/CMakeFiles/px4io-v2.dir/__/__/drivers/stm32/drv_io_timer.c.obj
                0x00000000080063d8                io_timer_get_mode_channels
 .text.io_timer_get_channel_mode
                0x00000000080063e8       0x24 src/modules/px4iofirmware/CMakeFiles/px4io-v2.dir/__/__/drivers/stm32/drv_io_timer.c.obj
                0x00000000080063e8                io_timer_get_channel_mode
 .text.io_timer_set_rate
                0x000000000800640c       0x34 src/modules/px4iofirmware/CMakeFiles/px4io-v2.dir/__/__/drivers/stm32/drv_io_timer.c.obj
                0x000000000800640c                io_timer_set_rate
 .text.io_timer_channel_init
                0x0000000008006440      0x22c src/modules/px4iofirmware/CMakeFiles/px4io-v2.dir/__/__/drivers/stm32/drv_io_timer.c.obj
                0x0000000008006440                io_timer_channel_init
 .text.io_timer_set_enable
                0x000000000800666c      0x1c0 src/modules/px4iofirmware/CMakeFiles/px4io-v2.dir/__/__/drivers/stm32/drv_io_timer.c.obj
                0x000000000800666c                io_timer_set_enable
 .text.io_timer_free_channel
                0x000000000800682c       0x78 src/modules/px4iofirmware/CMakeFiles/px4io-v2.dir/__/__/drivers/stm32/drv_io_timer.c.obj
                0x000000000800682c                io_timer_free_channel
 .text.io_timer_set_ccr
                0x00000000080068a4       0x54 src/modules/px4iofirmware/CMakeFiles/px4io-v2.dir/__/__/drivers/stm32/drv_io_timer.c.obj
                0x00000000080068a4                io_timer_set_ccr
 .text.io_channel_get_ccr
                0x00000000080068f8       0x50 src/modules/px4iofirmware/CMakeFiles/px4io-v2.dir/__/__/drivers/stm32/drv_io_timer.c.obj
                0x00000000080068f8                io_channel_get_ccr
 .text.io_timer_get_group
                0x0000000008006948        0x4 src/modules/px4iofirmware/CMakeFiles/px4io-v2.dir/__/__/drivers/stm32/drv_io_timer.c.obj
                0x0000000008006948                io_timer_get_group
 .text          0x000000000800694c        0x0 src/modules/px4iofirmware/CMakeFiles/px4io-v2.dir/__/__/drivers/stm32/drv_pwm_servo.c.obj
 .text.up_pwm_servo_set
                0x000000000800694c        0x4 src/modules/px4iofirmware/CMakeFiles/px4io-v2.dir/__/__/drivers/stm32/drv_pwm_servo.c.obj
                0x000000000800694c                up_pwm_servo_set
 .text.up_pwm_servo_get
                0x0000000008006950        0x4 src/modules/px4iofirmware/CMakeFiles/px4io-v2.dir/__/__/drivers/stm32/drv_pwm_servo.c.obj
                0x0000000008006950                up_pwm_servo_get
 .text.up_pwm_servo_init
                0x0000000008006954       0x74 src/modules/px4iofirmware/CMakeFiles/px4io-v2.dir/__/__/drivers/stm32/drv_pwm_servo.c.obj
                0x0000000008006954                up_pwm_servo_init
 .text.up_pwm_servo_deinit
                0x00000000080069c8        0xc src/modules/px4iofirmware/CMakeFiles/px4io-v2.dir/__/__/drivers/stm32/drv_pwm_servo.c.obj
                0x00000000080069c8                up_pwm_servo_deinit
 .text.up_pwm_servo_set_rate_group_update
                0x00000000080069d4       0x30 src/modules/px4iofirmware/CMakeFiles/px4io-v2.dir/__/__/drivers/stm32/drv_pwm_servo.c.obj
                0x00000000080069d4                up_pwm_servo_set_rate_group_update
 .text.up_pwm_servo_set_rate
                0x0000000008006a04       0x18 src/modules/px4iofirmware/CMakeFiles/px4io-v2.dir/__/__/drivers/stm32/drv_pwm_servo.c.obj
                0x0000000008006a04                up_pwm_servo_set_rate
 .text.up_pwm_servo_get_rate_group
                0x0000000008006a1c        0x4 src/modules/px4iofirmware/CMakeFiles/px4io-v2.dir/__/__/drivers/stm32/drv_pwm_servo.c.obj
                0x0000000008006a1c                up_pwm_servo_get_rate_group
 .text.up_pwm_servo_arm
                0x0000000008006a20        0x8 src/modules/px4iofirmware/CMakeFiles/px4io-v2.dir/__/__/drivers/stm32/drv_pwm_servo.c.obj
                0x0000000008006a20                up_pwm_servo_arm
 .text          0x0000000008006a28        0x0 src/modules/px4iofirmware/CMakeFiles/px4io-v2.dir/__/__/drivers/boards/px4io-v2/px4io_init.c.obj
 .text.stm32_boardinitialize
                0x0000000008006a28      0x110 src/modules/px4iofirmware/CMakeFiles/px4io-v2.dir/__/__/drivers/boards/px4io-v2/px4io_init.c.obj
                0x0000000008006a28                stm32_boardinitialize
 .text          0x0000000008006b38        0x0 src/modules/px4iofirmware/CMakeFiles/px4io-v2.dir/__/__/drivers/boards/px4io-v2/px4io_timer_config.c.obj
 .text          0x0000000008006b38        0x0 src/modules/px4iofirmware/CMakeFiles/px4io-v2.dir/serial.c.obj
 .text.dma_reset
                0x0000000008006b38       0x70 src/modules/px4iofirmware/CMakeFiles/px4io-v2.dir/serial.c.obj
 .text.rx_dma_callback
                0x0000000008006ba8      0x15c src/modules/px4iofirmware/CMakeFiles/px4io-v2.dir/serial.c.obj
 .text.serial_interrupt
                0x0000000008006d04       0xe4 src/modules/px4iofirmware/CMakeFiles/px4io-v2.dir/serial.c.obj
 .text.interface_init
                0x0000000008006de8       0xdc src/modules/px4iofirmware/CMakeFiles/px4io-v2.dir/serial.c.obj
                0x0000000008006de8                interface_init
 .text          0x0000000008006ec4        0x0 src/modules/px4iofirmware/CMakeFiles/px4io-v2.dir/__/systemlib/hx_stream.c.obj
 .text.hx_stream_init
                0x0000000008006ec4       0x24 src/modules/px4iofirmware/CMakeFiles/px4io-v2.dir/__/systemlib/hx_stream.c.obj
                0x0000000008006ec4                hx_stream_init
 .text.hx_stream_free
                0x0000000008006ee8       0x20 src/modules/px4iofirmware/CMakeFiles/px4io-v2.dir/__/systemlib/hx_stream.c.obj
                0x0000000008006ee8                hx_stream_free
 .text.hx_stream_set_counters
                0x0000000008006f08        0x8 src/modules/px4iofirmware/CMakeFiles/px4io-v2.dir/__/systemlib/hx_stream.c.obj
                0x0000000008006f08                hx_stream_set_counters
 .text.hx_stream_reset
                0x0000000008006f10       0x14 src/modules/px4iofirmware/CMakeFiles/px4io-v2.dir/__/systemlib/hx_stream.c.obj
                0x0000000008006f10                hx_stream_reset
 .text.hx_stream_start
                0x0000000008006f24       0x2c src/modules/px4iofirmware/CMakeFiles/px4io-v2.dir/__/systemlib/hx_stream.c.obj
                0x0000000008006f24                hx_stream_start
 .text.hx_stream_send_next
                0x0000000008006f50       0x80 src/modules/px4iofirmware/CMakeFiles/px4io-v2.dir/__/systemlib/hx_stream.c.obj
                0x0000000008006f50                hx_stream_send_next
 .text.hx_stream_send
                0x0000000008006fd0       0x6c src/modules/px4iofirmware/CMakeFiles/px4io-v2.dir/__/systemlib/hx_stream.c.obj
                0x0000000008006fd0                hx_stream_send
 .text.hx_stream_rx
                0x000000000800703c       0x90 src/modules/px4iofirmware/CMakeFiles/px4io-v2.dir/__/systemlib/hx_stream.c.obj
                0x000000000800703c                hx_stream_rx
 .text          0x00000000080070cc        0x0 /home/tuofeichen/SLAM/Firmware/build_px4fmu-v2_lpe/px4io-v2/NuttX/nuttx-export/libs/libnuttx.a(sched-irq_attach.o)
 .text.irq_attach
                0x00000000080070cc       0x38 /home/tuofeichen/SLAM/Firmware/build_px4fmu-v2_lpe/px4io-v2/NuttX/nuttx-export/libs/libnuttx.a(sched-irq_attach.o)
                0x00000000080070cc                irq_attach
 .text          0x0000000008007104        0x0 /home/tuofeichen/SLAM/Firmware/build_px4fmu-v2_lpe/px4io-v2/NuttX/nuttx-export/libs/libnuttx.a(sched-irq_initialize.o)
 .text.irq_initialize
                0x0000000008007104       0x1c /home/tuofeichen/SLAM/Firmware/build_px4fmu-v2_lpe/px4io-v2/NuttX/nuttx-export/libs/libnuttx.a(sched-irq_initialize.o)
                0x0000000008007104                irq_initialize
 .text          0x0000000008007120        0x0 /home/tuofeichen/SLAM/Firmware/build_px4fmu-v2_lpe/px4io-v2/NuttX/nuttx-export/libs/libnuttx.a(sched-irq_unexpectedisr.o)
 .text.irq_unexpected_isr
                0x0000000008007120       0x14 /home/tuofeichen/SLAM/Firmware/build_px4fmu-v2_lpe/px4io-v2/NuttX/nuttx-export/libs/libnuttx.a(sched-irq_unexpectedisr.o)
                0x0000000008007120                irq_unexpected_isr
 .text          0x0000000008007134        0x0 /home/tuofeichen/SLAM/Firmware/build_px4fmu-v2_lpe/px4io-v2/NuttX/nuttx-export/libs/libnuttx.a(c-lib_abort.o)
 .text.abort    0x0000000008007134        0x8 /home/tuofeichen/SLAM/Firmware/build_px4fmu-v2_lpe/px4io-v2/NuttX/nuttx-export/libs/libnuttx.a(c-lib_abort.o)
                0x0000000008007134                abort
 .text          0x000000000800713c        0x0 /home/tuofeichen/SLAM/Firmware/build_px4fmu-v2_lpe/px4io-v2/NuttX/nuttx-export/libs/libnuttx.a(c-lib_cfsetspeed.o)
 .text.cfsetspeed
                0x000000000800713c        0x6 /home/tuofeichen/SLAM/Firmware/build_px4fmu-v2_lpe/px4io-v2/NuttX/nuttx-export/libs/libnuttx.a(c-lib_cfsetspeed.o)
                0x000000000800713c                cfsetspeed
 .text          0x0000000008007142        0x0 /home/tuofeichen/SLAM/Firmware/build_px4fmu-v2_lpe/px4io-v2/NuttX/nuttx-export/libs/libnuttx.a(c-lib_crc32.o)
 *fill*         0x0000000008007142        0x2 
 .text.crc32part
                0x0000000008007144       0x24 /home/tuofeichen/SLAM/Firmware/build_px4fmu-v2_lpe/px4io-v2/NuttX/nuttx-export/libs/libnuttx.a(c-lib_crc32.o)
                0x0000000008007144                crc32part
 .text.crc32    0x0000000008007168        0x6 /home/tuofeichen/SLAM/Firmware/build_px4fmu-v2_lpe/px4io-v2/NuttX/nuttx-export/libs/libnuttx.a(c-lib_crc32.o)
                0x0000000008007168                crc32
 .text          0x000000000800716e        0x0 /home/tuofeichen/SLAM/Firmware/build_px4fmu-v2_lpe/px4io-v2/NuttX/nuttx-export/libs/libnuttx.a(c-lib_dprintf.o)
 .text.dprintf  0x000000000800716e       0x1a /home/tuofeichen/SLAM/Firmware/build_px4fmu-v2_lpe/px4io-v2/NuttX/nuttx-export/libs/libnuttx.a(c-lib_dprintf.o)
                0x000000000800716e                dprintf
 .text          0x0000000008007188        0x0 /home/tuofeichen/SLAM/Firmware/build_px4fmu-v2_lpe/px4io-v2/NuttX/nuttx-export/libs/libnuttx.a(c-lib_lowsyslog.o)
 .text.lowvsyslog
                0x0000000008007188       0x1a /home/tuofeichen/SLAM/Firmware/build_px4fmu-v2_lpe/px4io-v2/NuttX/nuttx-export/libs/libnuttx.a(c-lib_lowsyslog.o)
                0x0000000008007188                lowvsyslog
 .text.lowsyslog
                0x00000000080071a2       0x1a /home/tuofeichen/SLAM/Firmware/build_px4fmu-v2_lpe/px4io-v2/NuttX/nuttx-export/libs/libnuttx.a(c-lib_lowsyslog.o)
                0x00000000080071a2                lowsyslog
 .text          0x00000000080071bc        0x0 /home/tuofeichen/SLAM/Firmware/build_px4fmu-v2_lpe/px4io-v2/NuttX/nuttx-export/libs/libnuttx.a(c-lib_memchr.o)
 .text.memchr   0x00000000080071bc       0x1e /home/tuofeichen/SLAM/Firmware/build_px4fmu-v2_lpe/px4io-v2/NuttX/nuttx-export/libs/libnuttx.a(c-lib_memchr.o)
                0x00000000080071bc                memchr
 .text          0x00000000080071da        0x0 /home/tuofeichen/SLAM/Firmware/build_px4fmu-v2_lpe/px4io-v2/NuttX/nuttx-export/libs/libnuttx.a(c-lib_memcpy.o)
 .text.memcpy   0x00000000080071da       0x16 /home/tuofeichen/SLAM/Firmware/build_px4fmu-v2_lpe/px4io-v2/NuttX/nuttx-export/libs/libnuttx.a(c-lib_memcpy.o)
                0x00000000080071da                memcpy
 .text          0x00000000080071f0        0x0 /home/tuofeichen/SLAM/Firmware/build_px4fmu-v2_lpe/px4io-v2/NuttX/nuttx-export/libs/libnuttx.a(c-lib_memset.o)
 .text.memset   0x00000000080071f0       0x10 /home/tuofeichen/SLAM/Firmware/build_px4fmu-v2_lpe/px4io-v2/NuttX/nuttx-export/libs/libnuttx.a(c-lib_memset.o)
                0x00000000080071f0                memset
 .text          0x0000000008007200        0x0 /home/tuofeichen/SLAM/Firmware/build_px4fmu-v2_lpe/px4io-v2/NuttX/nuttx-export/libs/libnuttx.a(c-lib_printf.o)
 .text.printf   0x0000000008007200       0x1a /home/tuofeichen/SLAM/Firmware/build_px4fmu-v2_lpe/px4io-v2/NuttX/nuttx-export/libs/libnuttx.a(c-lib_printf.o)
                0x0000000008007200                printf
 .text          0x000000000800721a        0x0 /home/tuofeichen/SLAM/Firmware/build_px4fmu-v2_lpe/px4io-v2/NuttX/nuttx-export/libs/libnuttx.a(c-lib_sscanf.o)
 *fill*         0x000000000800721a        0x2 
 .text.findwidth
                0x000000000800721c       0x34 /home/tuofeichen/SLAM/Firmware/build_px4fmu-v2_lpe/px4io-v2/NuttX/nuttx-export/libs/libnuttx.a(c-lib_sscanf.o)
 .text.vsscanf  0x0000000008007250      0x314 /home/tuofeichen/SLAM/Firmware/build_px4fmu-v2_lpe/px4io-v2/NuttX/nuttx-export/libs/libnuttx.a(c-lib_sscanf.o)
                0x0000000008007250                vsscanf
 .text.sscanf   0x0000000008007564       0x1a /home/tuofeichen/SLAM/Firmware/build_px4fmu-v2_lpe/px4io-v2/NuttX/nuttx-export/libs/libnuttx.a(c-lib_sscanf.o)
                0x0000000008007564                sscanf
 .text          0x000000000800757e        0x0 /home/tuofeichen/SLAM/Firmware/build_px4fmu-v2_lpe/px4io-v2/NuttX/nuttx-export/libs/libnuttx.a(c-lib_strchr.o)
 .text.strchr   0x000000000800757e       0x16 /home/tuofeichen/SLAM/Firmware/build_px4fmu-v2_lpe/px4io-v2/NuttX/nuttx-export/libs/libnuttx.a(c-lib_strchr.o)
                0x000000000800757e                strchr
 .text          0x0000000008007594        0x0 /home/tuofeichen/SLAM/Firmware/build_px4fmu-v2_lpe/px4io-v2/NuttX/nuttx-export/libs/libnuttx.a(c-lib_strcmp.o)
 .text.strcmp   0x0000000008007594       0x1a /home/tuofeichen/SLAM/Firmware/build_px4fmu-v2_lpe/px4io-v2/NuttX/nuttx-export/libs/libnuttx.a(c-lib_strcmp.o)
                0x0000000008007594                strcmp
 .text          0x00000000080075ae        0x0 /home/tuofeichen/SLAM/Firmware/build_px4fmu-v2_lpe/px4io-v2/NuttX/nuttx-export/libs/libnuttx.a(c-lib_strcspn.o)
 .text.strcspn  0x00000000080075ae       0x1e /home/tuofeichen/SLAM/Firmware/build_px4fmu-v2_lpe/px4io-v2/NuttX/nuttx-export/libs/libnuttx.a(c-lib_strcspn.o)
                0x00000000080075ae                strcspn
 .text          0x00000000080075cc        0x0 /home/tuofeichen/SLAM/Firmware/build_px4fmu-v2_lpe/px4io-v2/NuttX/nuttx-export/libs/libnuttx.a(c-lib_strncpy.o)
 .text.strncpy  0x00000000080075cc       0x24 /home/tuofeichen/SLAM/Firmware/build_px4fmu-v2_lpe/px4io-v2/NuttX/nuttx-export/libs/libnuttx.a(c-lib_strncpy.o)
                0x00000000080075cc                strncpy
 .text          0x00000000080075f0        0x0 /home/tuofeichen/SLAM/Firmware/build_px4fmu-v2_lpe/px4io-v2/NuttX/nuttx-export/libs/libnuttx.a(c-lib_strtol.o)
 .text.strtol   0x00000000080075f0       0x3c /home/tuofeichen/SLAM/Firmware/build_px4fmu-v2_lpe/px4io-v2/NuttX/nuttx-export/libs/libnuttx.a(c-lib_strtol.o)
                0x00000000080075f0                strtol
 .text          0x000000000800762c        0x0 /home/tuofeichen/SLAM/Firmware/build_px4fmu-v2_lpe/px4io-v2/NuttX/nuttx-export/libs/libnuttx.a(c-lib_strtoul.o)
 .text.strtoul  0x000000000800762c       0x48 /home/tuofeichen/SLAM/Firmware/build_px4fmu-v2_lpe/px4io-v2/NuttX/nuttx-export/libs/libnuttx.a(c-lib_strtoul.o)
                0x000000000800762c                strtoul
 .text          0x0000000008007674        0x0 /home/tuofeichen/SLAM/Firmware/build_px4fmu-v2_lpe/px4io-v2/NuttX/nuttx-export/libs/libnuttx.a(c-lib_syslog.o)
 .text.vsyslog  0x0000000008007674       0x1e /home/tuofeichen/SLAM/Firmware/build_px4fmu-v2_lpe/px4io-v2/NuttX/nuttx-export/libs/libnuttx.a(c-lib_syslog.o)
                0x0000000008007674                vsyslog
 .text.syslog   0x0000000008007692       0x1a /home/tuofeichen/SLAM/Firmware/build_px4fmu-v2_lpe/px4io-v2/NuttX/nuttx-export/libs/libnuttx.a(c-lib_syslog.o)
                0x0000000008007692                syslog
 .text          0x00000000080076ac        0x0 /home/tuofeichen/SLAM/Firmware/build_px4fmu-v2_lpe/px4io-v2/NuttX/nuttx-export/libs/libnuttx.a(c-lib_tcgetattr.o)
 .text.tcgetattr
                0x00000000080076ac        0xa /home/tuofeichen/SLAM/Firmware/build_px4fmu-v2_lpe/px4io-v2/NuttX/nuttx-export/libs/libnuttx.a(c-lib_tcgetattr.o)
                0x00000000080076ac                tcgetattr
 .text          0x00000000080076b6        0x0 /home/tuofeichen/SLAM/Firmware/build_px4fmu-v2_lpe/px4io-v2/NuttX/nuttx-export/libs/libnuttx.a(c-lib_tcsetattr.o)
 .text.tcsetattr
                0x00000000080076b6       0x10 /home/tuofeichen/SLAM/Firmware/build_px4fmu-v2_lpe/px4io-v2/NuttX/nuttx-export/libs/libnuttx.a(c-lib_tcsetattr.o)
                0x00000000080076b6                tcsetattr
 .text          0x00000000080076c6        0x0 /home/tuofeichen/SLAM/Firmware/build_px4fmu-v2_lpe/px4io-v2/NuttX/nuttx-export/libs/libnuttx.a(c-lib_vdprintf.o)
 .text.vdprintf
                0x00000000080076c6       0x20 /home/tuofeichen/SLAM/Firmware/build_px4fmu-v2_lpe/px4io-v2/NuttX/nuttx-export/libs/libnuttx.a(c-lib_vdprintf.o)
                0x00000000080076c6                vdprintf
 .text          0x00000000080076e6        0x0 /home/tuofeichen/SLAM/Firmware/build_px4fmu-v2_lpe/px4io-v2/NuttX/nuttx-export/libs/libnuttx.a(c-lib_vsnprintf.o)
 .text.vsnprintf
                0x00000000080076e6       0x24 /home/tuofeichen/SLAM/Firmware/build_px4fmu-v2_lpe/px4io-v2/NuttX/nuttx-export/libs/libnuttx.a(c-lib_vsnprintf.o)
                0x00000000080076e6                vsnprintf
 .text          0x000000000800770a        0x0 /home/tuofeichen/SLAM/Firmware/build_px4fmu-v2_lpe/px4io-v2/NuttX/nuttx-export/libs/libnuttx.a(c-sq_addafter.o)
 .text.sq_addafter
                0x000000000800770a       0x1c /home/tuofeichen/SLAM/Firmware/build_px4fmu-v2_lpe/px4io-v2/NuttX/nuttx-export/libs/libnuttx.a(c-sq_addafter.o)
                0x000000000800770a                sq_addafter
 .text          0x0000000008007726        0x0 /home/tuofeichen/SLAM/Firmware/build_px4fmu-v2_lpe/px4io-v2/NuttX/nuttx-export/libs/libnuttx.a(c-sq_addfirst.o)
 .text.sq_addfirst
                0x0000000008007726        0xe /home/tuofeichen/SLAM/Firmware/build_px4fmu-v2_lpe/px4io-v2/NuttX/nuttx-export/libs/libnuttx.a(c-sq_addfirst.o)
                0x0000000008007726                sq_addfirst
 .text          0x0000000008007734        0x0 /home/tuofeichen/SLAM/Firmware/build_px4fmu-v2_lpe/px4io-v2/NuttX/nuttx-export/libs/libnuttx.a(c-sq_addlast.o)
 .text.sq_addlast
                0x0000000008007734       0x14 /home/tuofeichen/SLAM/Firmware/build_px4fmu-v2_lpe/px4io-v2/NuttX/nuttx-export/libs/libnuttx.a(c-sq_addlast.o)
                0x0000000008007734                sq_addlast
 .text          0x0000000008007748        0x0 /home/tuofeichen/SLAM/Firmware/build_px4fmu-v2_lpe/px4io-v2/NuttX/nuttx-export/libs/libnuttx.a(c-sq_rem.o)
 .text.sq_rem   0x0000000008007748       0x2c /home/tuofeichen/SLAM/Firmware/build_px4fmu-v2_lpe/px4io-v2/NuttX/nuttx-export/libs/libnuttx.a(c-sq_rem.o)
                0x0000000008007748                sq_rem
 .text          0x0000000008007774        0x0 /home/tuofeichen/SLAM/Firmware/build_px4fmu-v2_lpe/px4io-v2/NuttX/nuttx-export/libs/libnuttx.a(mm-mm_calloc.o)
 .text.calloc   0x0000000008007774        0xe /home/tuofeichen/SLAM/Firmware/build_px4fmu-v2_lpe/px4io-v2/NuttX/nuttx-export/libs/libnuttx.a(mm-mm_calloc.o)
                0x0000000008007774                calloc
 .text          0x0000000008007782        0x0 /home/tuofeichen/SLAM/Firmware/build_px4fmu-v2_lpe/px4io-v2/NuttX/nuttx-export/libs/libnuttx.a(mm-mm_free.o)
 *fill*         0x0000000008007782        0x2 
 .text.free     0x0000000008007784       0xa8 /home/tuofeichen/SLAM/Firmware/build_px4fmu-v2_lpe/px4io-v2/NuttX/nuttx-export/libs/libnuttx.a(mm-mm_free.o)
                0x0000000008007784                free
 .text          0x000000000800782c        0x0 /home/tuofeichen/SLAM/Firmware/build_px4fmu-v2_lpe/px4io-v2/NuttX/nuttx-export/libs/libnuttx.a(mm-mm_mallinfo.o)
 .text.mallinfo
                0x000000000800782c       0x5c /home/tuofeichen/SLAM/Firmware/build_px4fmu-v2_lpe/px4io-v2/NuttX/nuttx-export/libs/libnuttx.a(mm-mm_mallinfo.o)
                0x000000000800782c                mallinfo
 .text          0x0000000008007888        0x0 /home/tuofeichen/SLAM/Firmware/build_px4fmu-v2_lpe/px4io-v2/NuttX/nuttx-export/libs/libnuttx.a(mm-mm_malloc.o)
 .text.malloc   0x0000000008007888       0x94 /home/tuofeichen/SLAM/Firmware/build_px4fmu-v2_lpe/px4io-v2/NuttX/nuttx-export/libs/libnuttx.a(mm-mm_malloc.o)
                0x0000000008007888                malloc
 .text          0x000000000800791c        0x0 /home/tuofeichen/SLAM/Firmware/build_px4fmu-v2_lpe/px4io-v2/NuttX/nuttx-export/libs/libnuttx.a(mm-mm_sem.o)
 .text.mm_seminitialize
                0x000000000800791c       0x18 /home/tuofeichen/SLAM/Firmware/build_px4fmu-v2_lpe/px4io-v2/NuttX/nuttx-export/libs/libnuttx.a(mm-mm_sem.o)
                0x000000000800791c                mm_seminitialize
 .text.mm_trysemaphore
                0x0000000008007934       0x32 /home/tuofeichen/SLAM/Firmware/build_px4fmu-v2_lpe/px4io-v2/NuttX/nuttx-export/libs/libnuttx.a(mm-mm_sem.o)
                0x0000000008007934                mm_trysemaphore
 *fill*         0x0000000008007966        0x2 
 .text.mm_takesemaphore
                0x0000000008007968       0x40 /home/tuofeichen/SLAM/Firmware/build_px4fmu-v2_lpe/px4io-v2/NuttX/nuttx-export/libs/libnuttx.a(mm-mm_sem.o)
                0x0000000008007968                mm_takesemaphore
 .text.mm_givesemaphore
                0x00000000080079a8       0x2c /home/tuofeichen/SLAM/Firmware/build_px4fmu-v2_lpe/px4io-v2/NuttX/nuttx-export/libs/libnuttx.a(mm-mm_sem.o)
                0x00000000080079a8                mm_givesemaphore
 .text          0x00000000080079d4        0x0 /home/tuofeichen/SLAM/Firmware/build_px4fmu-v2_lpe/px4io-v2/NuttX/nuttx-export/libs/libnuttx.a(mm-mm_size2ndx.o)
 .text.mm_size2ndx
                0x00000000080079d4       0x1a /home/tuofeichen/SLAM/Firmware/build_px4fmu-v2_lpe/px4io-v2/NuttX/nuttx-export/libs/libnuttx.a(mm-mm_size2ndx.o)
                0x00000000080079d4                mm_size2ndx
 .text          0x00000000080079ee        0x0 /home/tuofeichen/SLAM/Firmware/build_px4fmu-v2_lpe/px4io-v2/NuttX/nuttx-export/libs/libnuttx.a(mm-mm_user.o)
 *fill*         0x00000000080079ee        0x2 
 .text.umm_initialize
                0x00000000080079f0       0x10 /home/tuofeichen/SLAM/Firmware/build_px4fmu-v2_lpe/px4io-v2/NuttX/nuttx-export/libs/libnuttx.a(mm-mm_user.o)
                0x00000000080079f0                umm_initialize
 .text.umm_addregion
                0x0000000008007a00       0x10 /home/tuofeichen/SLAM/Firmware/build_px4fmu-v2_lpe/px4io-v2/NuttX/nuttx-export/libs/libnuttx.a(mm-mm_user.o)
                0x0000000008007a00                umm_addregion
 .text.umm_trysemaphore
                0x0000000008007a10        0xc /home/tuofeichen/SLAM/Firmware/build_px4fmu-v2_lpe/px4io-v2/NuttX/nuttx-export/libs/libnuttx.a(mm-mm_user.o)
                0x0000000008007a10                umm_trysemaphore
 .text.umm_givesemaphore
                0x0000000008007a1c        0xc /home/tuofeichen/SLAM/Firmware/build_px4fmu-v2_lpe/px4io-v2/NuttX/nuttx-export/libs/libnuttx.a(mm-mm_user.o)
                0x0000000008007a1c                umm_givesemaphore
 .text          0x0000000008007a28        0x0 /home/tuofeichen/SLAM/Firmware/build_px4fmu-v2_lpe/px4io-v2/NuttX/nuttx-export/libs/libnuttx.a(mm-mm_zalloc.o)
 .text.zalloc   0x0000000008007a28       0x18 /home/tuofeichen/SLAM/Firmware/build_px4fmu-v2_lpe/px4io-v2/NuttX/nuttx-export/libs/libnuttx.a(mm-mm_zalloc.o)
                0x0000000008007a28                zalloc
 .text          0x0000000008007a40        0x0 /home/tuofeichen/SLAM/Firmware/build_px4fmu-v2_lpe/px4io-v2/NuttX/nuttx-export/libs/libnuttx.a(arch-stm32_dma.o)
 .text.stm32_dmachandisable
                0x0000000008007a40       0x20 /home/tuofeichen/SLAM/Firmware/build_px4fmu-v2_lpe/px4io-v2/NuttX/nuttx-export/libs/libnuttx.a(arch-stm32_dma.o)
 .text.stm32_dmainterrupt
                0x0000000008007a60       0x54 /home/tuofeichen/SLAM/Firmware/build_px4fmu-v2_lpe/px4io-v2/NuttX/nuttx-export/libs/libnuttx.a(arch-stm32_dma.o)
 .text.up_dmainitialize
                0x0000000008007ab4       0x3c /home/tuofeichen/SLAM/Firmware/build_px4fmu-v2_lpe/px4io-v2/NuttX/nuttx-export/libs/libnuttx.a(arch-stm32_dma.o)
                0x0000000008007ab4                up_dmainitialize
 .text.stm32_dmachannel
                0x0000000008007af0       0x34 /home/tuofeichen/SLAM/Firmware/build_px4fmu-v2_lpe/px4io-v2/NuttX/nuttx-export/libs/libnuttx.a(arch-stm32_dma.o)
                0x0000000008007af0                stm32_dmachannel
 .text.stm32_dmafree
                0x0000000008007b24        0x6 /home/tuofeichen/SLAM/Firmware/build_px4fmu-v2_lpe/px4io-v2/NuttX/nuttx-export/libs/libnuttx.a(arch-stm32_dma.o)
                0x0000000008007b24                stm32_dmafree
 .text.stm32_dmasetup
                0x0000000008007b2a       0x2a /home/tuofeichen/SLAM/Firmware/build_px4fmu-v2_lpe/px4io-v2/NuttX/nuttx-export/libs/libnuttx.a(arch-stm32_dma.o)
                0x0000000008007b2a                stm32_dmasetup
 .text.stm32_dmastart
                0x0000000008007b54       0x28 /home/tuofeichen/SLAM/Firmware/build_px4fmu-v2_lpe/px4io-v2/NuttX/nuttx-export/libs/libnuttx.a(arch-stm32_dma.o)
                0x0000000008007b54                stm32_dmastart
 .text.stm32_dmastop
                0x0000000008007b7c        0x4 /home/tuofeichen/SLAM/Firmware/build_px4fmu-v2_lpe/px4io-v2/NuttX/nuttx-export/libs/libnuttx.a(arch-stm32_dma.o)
                0x0000000008007b7c                stm32_dmastop
 .text.stm32_dmaresidual
                0x0000000008007b80        0x6 /home/tuofeichen/SLAM/Firmware/build_px4fmu-v2_lpe/px4io-v2/NuttX/nuttx-export/libs/libnuttx.a(arch-stm32_dma.o)
                0x0000000008007b80                stm32_dmaresidual
 .text          0x0000000008007b86        0x0 /home/tuofeichen/SLAM/Firmware/build_px4fmu-v2_lpe/px4io-v2/NuttX/nuttx-export/libs/libnuttx.a(arch-stm32_gpio.o)
 *fill*         0x0000000008007b86        0x2 
 .text.stm32_gpioinit
                0x0000000008007b88       0x10 /home/tuofeichen/SLAM/Firmware/build_px4fmu-v2_lpe/px4io-v2/NuttX/nuttx-export/libs/libnuttx.a(arch-stm32_gpio.o)
                0x0000000008007b88                stm32_gpioinit
 .text.stm32_configgpio
                0x0000000008007b98       0xc4 /home/tuofeichen/SLAM/Firmware/build_px4fmu-v2_lpe/px4io-v2/NuttX/nuttx-export/libs/libnuttx.a(arch-stm32_gpio.o)
                0x0000000008007b98                stm32_configgpio
 .text.stm32_unconfiggpio
                0x0000000008007c5c        0xc /home/tuofeichen/SLAM/Firmware/build_px4fmu-v2_lpe/px4io-v2/NuttX/nuttx-export/libs/libnuttx.a(arch-stm32_gpio.o)
                0x0000000008007c5c                stm32_unconfiggpio
 .text.stm32_gpiowrite
                0x0000000008007c68       0x28 /home/tuofeichen/SLAM/Firmware/build_px4fmu-v2_lpe/px4io-v2/NuttX/nuttx-export/libs/libnuttx.a(arch-stm32_gpio.o)
                0x0000000008007c68                stm32_gpiowrite
 .text.stm32_gpioread
                0x0000000008007c90       0x2c /home/tuofeichen/SLAM/Firmware/build_px4fmu-v2_lpe/px4io-v2/NuttX/nuttx-export/libs/libnuttx.a(arch-stm32_gpio.o)
                0x0000000008007c90                stm32_gpioread
 .text          0x0000000008007cbc        0x0 /home/tuofeichen/SLAM/Firmware/build_px4fmu-v2_lpe/px4io-v2/NuttX/nuttx-export/libs/libnuttx.a(arch-stm32_irq.o)
 .text.stm32_irqinfo
                0x0000000008007cbc       0x68 /home/tuofeichen/SLAM/Firmware/build_px4fmu-v2_lpe/px4io-v2/NuttX/nuttx-export/libs/libnuttx.a(arch-stm32_irq.o)
 .text.up_irqinitialize
                0x0000000008007d24       0x68 /home/tuofeichen/SLAM/Firmware/build_px4fmu-v2_lpe/px4io-v2/NuttX/nuttx-export/libs/libnuttx.a(arch-stm32_irq.o)
                0x0000000008007d24                up_irqinitialize
 .text.up_disable_irq
                0x0000000008007d8c       0x1e /home/tuofeichen/SLAM/Firmware/build_px4fmu-v2_lpe/px4io-v2/NuttX/nuttx-export/libs/libnuttx.a(arch-stm32_irq.o)
                0x0000000008007d8c                up_disable_irq
 .text.up_enable_irq
                0x0000000008007daa       0x1c /home/tuofeichen/SLAM/Firmware/build_px4fmu-v2_lpe/px4io-v2/NuttX/nuttx-export/libs/libnuttx.a(arch-stm32_irq.o)
                0x0000000008007daa                up_enable_irq
 .text.up_maskack_irq
                0x0000000008007dc6        0x4 /home/tuofeichen/SLAM/Firmware/build_px4fmu-v2_lpe/px4io-v2/NuttX/nuttx-export/libs/libnuttx.a(arch-stm32_irq.o)
                0x0000000008007dc6                up_maskack_irq
 .text          0x0000000008007dca        0x0 /home/tuofeichen/SLAM/Firmware/build_px4fmu-v2_lpe/px4io-v2/NuttX/nuttx-export/libs/libnuttx.a(arch-stm32_serial.o)
 .text.up_restoreusartint
                0x0000000008007dca       0x26 /home/tuofeichen/SLAM/Firmware/build_px4fmu-v2_lpe/px4io-v2/NuttX/nuttx-export/libs/libnuttx.a(arch-stm32_serial.o)
 .text.up_set_format
                0x0000000008007df0       0x72 /home/tuofeichen/SLAM/Firmware/build_px4fmu-v2_lpe/px4io-v2/NuttX/nuttx-export/libs/libnuttx.a(arch-stm32_serial.o)
 .text.up_receive
                0x0000000008007e62       0x16 /home/tuofeichen/SLAM/Firmware/build_px4fmu-v2_lpe/px4io-v2/NuttX/nuttx-export/libs/libnuttx.a(arch-stm32_serial.o)
 .text.up_rxint
                0x0000000008007e78       0x2c /home/tuofeichen/SLAM/Firmware/build_px4fmu-v2_lpe/px4io-v2/NuttX/nuttx-export/libs/libnuttx.a(arch-stm32_serial.o)
 .text.up_rxavailable
                0x0000000008007ea4        0xc /home/tuofeichen/SLAM/Firmware/build_px4fmu-v2_lpe/px4io-v2/NuttX/nuttx-export/libs/libnuttx.a(arch-stm32_serial.o)
 .text.up_dma_rxint
                0x0000000008007eb0        0x8 /home/tuofeichen/SLAM/Firmware/build_px4fmu-v2_lpe/px4io-v2/NuttX/nuttx-export/libs/libnuttx.a(arch-stm32_serial.o)
 .text.up_send  0x0000000008007eb8        0x8 /home/tuofeichen/SLAM/Firmware/build_px4fmu-v2_lpe/px4io-v2/NuttX/nuttx-export/libs/libnuttx.a(arch-stm32_serial.o)
 .text.up_txready
                0x0000000008007ec0        0xc /home/tuofeichen/SLAM/Firmware/build_px4fmu-v2_lpe/px4io-v2/NuttX/nuttx-export/libs/libnuttx.a(arch-stm32_serial.o)
 .text.up_txint
                0x0000000008007ecc       0x38 /home/tuofeichen/SLAM/Firmware/build_px4fmu-v2_lpe/px4io-v2/NuttX/nuttx-export/libs/libnuttx.a(arch-stm32_serial.o)
 .text.up_interrupt_common
                0x0000000008007f04       0x4e /home/tuofeichen/SLAM/Firmware/build_px4fmu-v2_lpe/px4io-v2/NuttX/nuttx-export/libs/libnuttx.a(arch-stm32_serial.o)
 *fill*         0x0000000008007f52        0x2 
 .text.up_interrupt_usart3
                0x0000000008007f54        0xc /home/tuofeichen/SLAM/Firmware/build_px4fmu-v2_lpe/px4io-v2/NuttX/nuttx-export/libs/libnuttx.a(arch-stm32_serial.o)
 .text.up_interrupt_usart2
                0x0000000008007f60        0xc /home/tuofeichen/SLAM/Firmware/build_px4fmu-v2_lpe/px4io-v2/NuttX/nuttx-export/libs/libnuttx.a(arch-stm32_serial.o)
 .text.up_interrupt_usart1
                0x0000000008007f6c        0xc /home/tuofeichen/SLAM/Firmware/build_px4fmu-v2_lpe/px4io-v2/NuttX/nuttx-export/libs/libnuttx.a(arch-stm32_serial.o)
 .text.up_dma_receive
                0x0000000008007f78       0x28 /home/tuofeichen/SLAM/Firmware/build_px4fmu-v2_lpe/px4io-v2/NuttX/nuttx-export/libs/libnuttx.a(arch-stm32_serial.o)
 .text.up_ioctl
                0x0000000008007fa0       0xa0 /home/tuofeichen/SLAM/Firmware/build_px4fmu-v2_lpe/px4io-v2/NuttX/nuttx-export/libs/libnuttx.a(arch-stm32_serial.o)
 .text.up_detach
                0x0000000008008040       0x1a /home/tuofeichen/SLAM/Firmware/build_px4fmu-v2_lpe/px4io-v2/NuttX/nuttx-export/libs/libnuttx.a(arch-stm32_serial.o)
 .text.up_attach
                0x000000000800805a       0x1e /home/tuofeichen/SLAM/Firmware/build_px4fmu-v2_lpe/px4io-v2/NuttX/nuttx-export/libs/libnuttx.a(arch-stm32_serial.o)
 .text.up_setup
                0x0000000008008078       0x58 /home/tuofeichen/SLAM/Firmware/build_px4fmu-v2_lpe/px4io-v2/NuttX/nuttx-export/libs/libnuttx.a(arch-stm32_serial.o)
 .text.up_dma_setup
                0x00000000080080d0       0x50 /home/tuofeichen/SLAM/Firmware/build_px4fmu-v2_lpe/px4io-v2/NuttX/nuttx-export/libs/libnuttx.a(arch-stm32_serial.o)
 .text.up_shutdown
                0x0000000008008120       0x1c /home/tuofeichen/SLAM/Firmware/build_px4fmu-v2_lpe/px4io-v2/NuttX/nuttx-export/libs/libnuttx.a(arch-stm32_serial.o)
 .text.up_dma_shutdown
                0x000000000800813c       0x1a /home/tuofeichen/SLAM/Firmware/build_px4fmu-v2_lpe/px4io-v2/NuttX/nuttx-export/libs/libnuttx.a(arch-stm32_serial.o)
 .text.up_dma_rxavailable
                0x0000000008008156       0x18 /home/tuofeichen/SLAM/Firmware/build_px4fmu-v2_lpe/px4io-v2/NuttX/nuttx-export/libs/libnuttx.a(arch-stm32_serial.o)
 .text.up_dma_rxcallback
                0x000000000800816e       0x1e /home/tuofeichen/SLAM/Firmware/build_px4fmu-v2_lpe/px4io-v2/NuttX/nuttx-export/libs/libnuttx.a(arch-stm32_serial.o)
 .text.up_earlyserialinit
                0x000000000800818c       0x34 /home/tuofeichen/SLAM/Firmware/build_px4fmu-v2_lpe/px4io-v2/NuttX/nuttx-export/libs/libnuttx.a(arch-stm32_serial.o)
                0x000000000800818c                up_earlyserialinit
 .text.up_serialinit
                0x00000000080081c0       0x60 /home/tuofeichen/SLAM/Firmware/build_px4fmu-v2_lpe/px4io-v2/NuttX/nuttx-export/libs/libnuttx.a(arch-stm32_serial.o)
                0x00000000080081c0                up_serialinit
 .text.stm32_serial_dma_poll
                0x0000000008008220       0x34 /home/tuofeichen/SLAM/Firmware/build_px4fmu-v2_lpe/px4io-v2/NuttX/nuttx-export/libs/libnuttx.a(arch-stm32_serial.o)
                0x0000000008008220                stm32_serial_dma_poll
 .text.up_putc  0x0000000008008254       0x3c /home/tuofeichen/SLAM/Firmware/build_px4fmu-v2_lpe/px4io-v2/NuttX/nuttx-export/libs/libnuttx.a(arch-stm32_serial.o)
                0x0000000008008254                up_putc
 .text          0x0000000008008290        0x0 /home/tuofeichen/SLAM/Firmware/build_px4fmu-v2_lpe/px4io-v2/NuttX/nuttx-export/libs/libnuttx.a(arch-stm32_start.o)
 .text.__start  0x0000000008008290       0x54 /home/tuofeichen/SLAM/Firmware/build_px4fmu-v2_lpe/px4io-v2/NuttX/nuttx-export/libs/libnuttx.a(arch-stm32_start.o)
                0x0000000008008290                __start
 .text          0x00000000080082e4        0x0 /home/tuofeichen/SLAM/Firmware/build_px4fmu-v2_lpe/px4io-v2/NuttX/nuttx-export/libs/libnuttx.a(arch-up_assert.o)
 .text.up_assert
                0x00000000080082e4      0x144 /home/tuofeichen/SLAM/Firmware/build_px4fmu-v2_lpe/px4io-v2/NuttX/nuttx-export/libs/libnuttx.a(arch-up_assert.o)
                0x00000000080082e4                up_assert
 .text          0x0000000008008428        0x0 /home/tuofeichen/SLAM/Firmware/build_px4fmu-v2_lpe/px4io-v2/NuttX/nuttx-export/libs/libnuttx.a(arch-up_hardfault.o)
 .text.up_hardfault
                0x0000000008008428       0x40 /home/tuofeichen/SLAM/Firmware/build_px4fmu-v2_lpe/px4io-v2/NuttX/nuttx-export/libs/libnuttx.a(arch-up_hardfault.o)
                0x0000000008008428                up_hardfault
 .text          0x0000000008008468        0x0 /home/tuofeichen/SLAM/Firmware/build_px4fmu-v2_lpe/px4io-v2/NuttX/nuttx-export/libs/libnuttx.a(arch-up_modifyreg32.o)
 .text.modifyreg32
                0x0000000008008468       0x1c /home/tuofeichen/SLAM/Firmware/build_px4fmu-v2_lpe/px4io-v2/NuttX/nuttx-export/libs/libnuttx.a(arch-up_modifyreg32.o)
                0x0000000008008468                modifyreg32
 .text          0x0000000008008484        0x0 /home/tuofeichen/SLAM/Firmware/build_px4fmu-v2_lpe/px4io-v2/NuttX/nuttx-export/libs/libnuttx.a(arch-up_svcall.o)
 .text.up_svcall
                0x0000000008008484       0x34 /home/tuofeichen/SLAM/Firmware/build_px4fmu-v2_lpe/px4io-v2/NuttX/nuttx-export/libs/libnuttx.a(arch-up_svcall.o)
                0x0000000008008484                up_svcall
 .text          0x00000000080084b8        0x0 /home/tuofeichen/SLAM/Firmware/build_px4fmu-v2_lpe/px4io-v2/NuttX/nuttx-export/libs/libnuttx.a(arch-up_systemreset.o)
 .text.up_systemreset
                0x00000000080084b8       0x1c /home/tuofeichen/SLAM/Firmware/build_px4fmu-v2_lpe/px4io-v2/NuttX/nuttx-export/libs/libnuttx.a(arch-up_systemreset.o)
                0x00000000080084b8                up_systemreset
 .text          0x00000000080084d4        0x0 /home/tuofeichen/SLAM/Firmware/build_px4fmu-v2_lpe/px4io-v2/NuttX/nuttx-export/libs/libnuttx.a(arch-up_udelay.o)
 .text.up_udelay
                0x00000000080084d4       0x64 /home/tuofeichen/SLAM/Firmware/build_px4fmu-v2_lpe/px4io-v2/NuttX/nuttx-export/libs/libnuttx.a(arch-up_udelay.o)
                0x00000000080084d4                up_udelay
 .text          0x0000000008008538        0x0 /home/tuofeichen/SLAM/Firmware/build_px4fmu-v2_lpe/px4io-v2/NuttX/nuttx-export/libs/libnuttx.a(arch-up_vectors.o)
 .text          0x0000000008008538        0x0 /home/tuofeichen/SLAM/Firmware/build_px4fmu-v2_lpe/px4io-v2/NuttX/nuttx-export/libs/libnuttx.a(cxx-libxx_cxa_atexit.o)
 .text.__cxa_atexit
                0x0000000008008538        0x4 /home/tuofeichen/SLAM/Firmware/build_px4fmu-v2_lpe/px4io-v2/NuttX/nuttx-export/libs/libnuttx.a(cxx-libxx_cxa_atexit.o)
                0x0000000008008538                __cxa_atexit
 .text          0x000000000800853c        0x0 /home/tuofeichen/SLAM/Firmware/build_px4fmu-v2_lpe/px4io-v2/NuttX/nuttx-export/libs/libnuttx.a(cxx-libxx_cxapurevirtual.o)
 .text.__cxa_pure_virtual
                0x000000000800853c       0x10 /home/tuofeichen/SLAM/Firmware/build_px4fmu-v2_lpe/px4io-v2/NuttX/nuttx-export/libs/libnuttx.a(cxx-libxx_cxapurevirtual.o)
                0x000000000800853c                __cxa_pure_virtual
 .text          0x000000000800854c        0x0 /home/tuofeichen/SLAM/Firmware/build_px4fmu-v2_lpe/px4io-v2/NuttX/nuttx-export/libs/libnuttx.a(cxx-libxx_delete.o)
 .text._ZdlPv   0x000000000800854c        0x4 /home/tuofeichen/SLAM/Firmware/build_px4fmu-v2_lpe/px4io-v2/NuttX/nuttx-export/libs/libnuttx.a(cxx-libxx_delete.o)
                0x000000000800854c                operator delete(void*)
 .text          0x0000000008008550        0x0 /home/tuofeichen/SLAM/Firmware/build_px4fmu-v2_lpe/px4io-v2/NuttX/nuttx-export/libs/libnuttx.a(cxx-libxx_eabi_atexit.o)
 .text.__aeabi_atexit
                0x0000000008008550        0xa /home/tuofeichen/SLAM/Firmware/build_px4fmu-v2_lpe/px4io-v2/NuttX/nuttx-export/libs/libnuttx.a(cxx-libxx_eabi_atexit.o)
                0x0000000008008550                __aeabi_atexit
 .text          0x000000000800855a        0x0 /home/tuofeichen/SLAM/Firmware/build_px4fmu-v2_lpe/px4io-v2/NuttX/nuttx-export/libs/libnuttx.a(cxx-libxx_new.o)
 .text._Znwj    0x000000000800855a        0xa /home/tuofeichen/SLAM/Firmware/build_px4fmu-v2_lpe/px4io-v2/NuttX/nuttx-export/libs/libnuttx.a(cxx-libxx_new.o)
                0x000000000800855a                operator new(unsigned int)
 .text          0x0000000008008564        0x0 /home/tuofeichen/SLAM/Firmware/build_px4fmu-v2_lpe/px4io-v2/NuttX/nuttx-export/libs/libnuttx.a(fs-fs_ioctl.o)
 .text.ioctl    0x0000000008008564       0x48 /home/tuofeichen/SLAM/Firmware/build_px4fmu-v2_lpe/px4io-v2/NuttX/nuttx-export/libs/libnuttx.a(fs-fs_ioctl.o)
                0x0000000008008564                ioctl
 .text          0x00000000080085ac        0x0 /home/tuofeichen/SLAM/Firmware/build_px4fmu-v2_lpe/px4io-v2/NuttX/nuttx-export/libs/libnuttx.a(fs-fs_open.o)
 .text.inode_checkflags
                0x00000000080085ac       0x28 /home/tuofeichen/SLAM/Firmware/build_px4fmu-v2_lpe/px4io-v2/NuttX/nuttx-export/libs/libnuttx.a(fs-fs_open.o)
                0x00000000080085ac                inode_checkflags
 .text.open     0x00000000080085d4       0x90 /home/tuofeichen/SLAM/Firmware/build_px4fmu-v2_lpe/px4io-v2/NuttX/nuttx-export/libs/libnuttx.a(fs-fs_open.o)
                0x00000000080085d4                open
 .text          0x0000000008008664        0x0 /home/tuofeichen/SLAM/Firmware/build_px4fmu-v2_lpe/px4io-v2/NuttX/nuttx-export/libs/libnuttx.a(fs-fs_read.o)
 .text.read     0x0000000008008664       0x62 /home/tuofeichen/SLAM/Firmware/build_px4fmu-v2_lpe/px4io-v2/NuttX/nuttx-export/libs/libnuttx.a(fs-fs_read.o)
                0x0000000008008664                read
 .text          0x00000000080086c6        0x0 /home/tuofeichen/SLAM/Firmware/build_px4fmu-v2_lpe/px4io-v2/NuttX/nuttx-export/libs/libnuttx.a(fs-fs_write.o)
 .text.write    0x00000000080086c6       0x54 /home/tuofeichen/SLAM/Firmware/build_px4fmu-v2_lpe/px4io-v2/NuttX/nuttx-export/libs/libnuttx.a(fs-fs_write.o)
                0x00000000080086c6                write
 .text          0x000000000800871a        0x0 /home/tuofeichen/SLAM/Firmware/build_px4fmu-v2_lpe/px4io-v2/NuttX/nuttx-export/libs/libnuttx.a(drivers-serialirq.o)
 .text.uart_xmitchars
                0x000000000800871a       0x70 /home/tuofeichen/SLAM/Firmware/build_px4fmu-v2_lpe/px4io-v2/NuttX/nuttx-export/libs/libnuttx.a(drivers-serialirq.o)
                0x000000000800871a                uart_xmitchars
 .text.uart_recvchars
                0x000000000800878a       0x5c /home/tuofeichen/SLAM/Firmware/build_px4fmu-v2_lpe/px4io-v2/NuttX/nuttx-export/libs/libnuttx.a(drivers-serialirq.o)
                0x000000000800878a                uart_recvchars
 .text          0x00000000080087e6        0x0 /home/tuofeichen/SLAM/Firmware/build_px4fmu-v2_lpe/px4io-v2/NuttX/nuttx-export/libs/libnuttx.a(drivers-serial.o)
 .text.uart_ioctl
                0x00000000080087e6       0xca /home/tuofeichen/SLAM/Firmware/build_px4fmu-v2_lpe/px4io-v2/NuttX/nuttx-export/libs/libnuttx.a(drivers-serial.o)
 .text.uart_takesem
                0x00000000080088b0       0x30 /home/tuofeichen/SLAM/Firmware/build_px4fmu-v2_lpe/px4io-v2/NuttX/nuttx-export/libs/libnuttx.a(drivers-serial.o)
 .text.uart_putxmitchar
                0x00000000080088e0       0x7e /home/tuofeichen/SLAM/Firmware/build_px4fmu-v2_lpe/px4io-v2/NuttX/nuttx-export/libs/libnuttx.a(drivers-serial.o)
 .text.uart_write
                0x000000000800895e       0xe8 /home/tuofeichen/SLAM/Firmware/build_px4fmu-v2_lpe/px4io-v2/NuttX/nuttx-export/libs/libnuttx.a(drivers-serial.o)
 .text.uart_read
                0x0000000008008a46       0xf4 /home/tuofeichen/SLAM/Firmware/build_px4fmu-v2_lpe/px4io-v2/NuttX/nuttx-export/libs/libnuttx.a(drivers-serial.o)
 .text.uart_open
                0x0000000008008b3a       0xa2 /home/tuofeichen/SLAM/Firmware/build_px4fmu-v2_lpe/px4io-v2/NuttX/nuttx-export/libs/libnuttx.a(drivers-serial.o)
 .text.uart_close
                0x0000000008008bdc       0x7e /home/tuofeichen/SLAM/Firmware/build_px4fmu-v2_lpe/px4io-v2/NuttX/nuttx-export/libs/libnuttx.a(drivers-serial.o)
 *fill*         0x0000000008008c5a        0x2 
 .text.uart_register
                0x0000000008008c5c       0x54 /home/tuofeichen/SLAM/Firmware/build_px4fmu-v2_lpe/px4io-v2/NuttX/nuttx-export/libs/libnuttx.a(drivers-serial.o)
                0x0000000008008c5c                uart_register
 .text.uart_datareceived
                0x0000000008008cb0       0x10 /home/tuofeichen/SLAM/Firmware/build_px4fmu-v2_lpe/px4io-v2/NuttX/nuttx-export/libs/libnuttx.a(drivers-serial.o)
                0x0000000008008cb0                uart_datareceived
 .text.uart_datasent
                0x0000000008008cc0       0x10 /home/tuofeichen/SLAM/Firmware/build_px4fmu-v2_lpe/px4io-v2/NuttX/nuttx-export/libs/libnuttx.a(drivers-serial.o)
                0x0000000008008cc0                uart_datasent
 .text.uart_numrxavail
                0x0000000008008cd0       0x2c /home/tuofeichen/SLAM/Firmware/build_px4fmu-v2_lpe/px4io-v2/NuttX/nuttx-export/libs/libnuttx.a(drivers-serial.o)
                0x0000000008008cd0                uart_numrxavail
 .text          0x0000000008008cfc        0x0 /home/tuofeichen/SLAM/Firmware/build_px4fmu-v2_lpe/px4io-v2/NuttX/nuttx-export/libs/libnuttx.a(sched-errno_getptr.o)
 .text.get_errno_ptr
                0x0000000008008cfc       0x24 /home/tuofeichen/SLAM/Firmware/build_px4fmu-v2_lpe/px4io-v2/NuttX/nuttx-export/libs/libnuttx.a(sched-errno_getptr.o)
                0x0000000008008cfc                get_errno_ptr
 .text          0x0000000008008d20        0x0 /home/tuofeichen/SLAM/Firmware/build_px4fmu-v2_lpe/px4io-v2/NuttX/nuttx-export/libs/libnuttx.a(sched-exit.o)
 .text.exit     0x0000000008008d20       0x1c /home/tuofeichen/SLAM/Firmware/build_px4fmu-v2_lpe/px4io-v2/NuttX/nuttx-export/libs/libnuttx.a(sched-exit.o)
                0x0000000008008d20                exit
 .text          0x0000000008008d3c        0x0 /home/tuofeichen/SLAM/Firmware/build_px4fmu-v2_lpe/px4io-v2/NuttX/nuttx-export/libs/libnuttx.a(sched-getpid.o)
 .text.getpid   0x0000000008008d3c       0x10 /home/tuofeichen/SLAM/Firmware/build_px4fmu-v2_lpe/px4io-v2/NuttX/nuttx-export/libs/libnuttx.a(sched-getpid.o)
                0x0000000008008d3c                getpid
 .text          0x0000000008008d4c        0x0 /home/tuofeichen/SLAM/Firmware/build_px4fmu-v2_lpe/px4io-v2/NuttX/nuttx-export/libs/libnuttx.a(sched-os_start.o)
 .text.os_start
                0x0000000008008d4c      0x12c /home/tuofeichen/SLAM/Firmware/build_px4fmu-v2_lpe/px4io-v2/NuttX/nuttx-export/libs/libnuttx.a(sched-os_start.o)
                0x0000000008008d4c                os_start
 .text          0x0000000008008e78        0x0 /home/tuofeichen/SLAM/Firmware/build_px4fmu-v2_lpe/px4io-v2/NuttX/nuttx-export/libs/libnuttx.a(sched-sched_garbage.o)
 .text.sched_garbagecollection
                0x0000000008008e78       0x2c /home/tuofeichen/SLAM/Firmware/build_px4fmu-v2_lpe/px4io-v2/NuttX/nuttx-export/libs/libnuttx.a(sched-sched_garbage.o)
                0x0000000008008e78                sched_garbagecollection
 .text          0x0000000008008ea4        0x0 /home/tuofeichen/SLAM/Firmware/build_px4fmu-v2_lpe/px4io-v2/NuttX/nuttx-export/libs/libnuttx.a(sched-sched_getfiles.o)
 .text.sched_getfiles
                0x0000000008008ea4       0x10 /home/tuofeichen/SLAM/Firmware/build_px4fmu-v2_lpe/px4io-v2/NuttX/nuttx-export/libs/libnuttx.a(sched-sched_getfiles.o)
                0x0000000008008ea4                sched_getfiles
 .text          0x0000000008008eb4        0x0 /home/tuofeichen/SLAM/Firmware/build_px4fmu-v2_lpe/px4io-v2/NuttX/nuttx-export/libs/libnuttx.a(sched-sem_post.o)
 .text.sem_post
                0x0000000008008eb4       0x58 /home/tuofeichen/SLAM/Firmware/build_px4fmu-v2_lpe/px4io-v2/NuttX/nuttx-export/libs/libnuttx.a(sched-sem_post.o)
                0x0000000008008eb4                sem_post
 .text          0x0000000008008f0c        0x0 /home/tuofeichen/SLAM/Firmware/build_px4fmu-v2_lpe/px4io-v2/NuttX/nuttx-export/libs/libnuttx.a(sched-sem_trywait.o)
 .text.sem_trywait
                0x0000000008008f0c       0x4c /home/tuofeichen/SLAM/Firmware/build_px4fmu-v2_lpe/px4io-v2/NuttX/nuttx-export/libs/libnuttx.a(sched-sem_trywait.o)
                0x0000000008008f0c                sem_trywait
 .text          0x0000000008008f58        0x0 /home/tuofeichen/SLAM/Firmware/build_px4fmu-v2_lpe/px4io-v2/NuttX/nuttx-export/libs/libnuttx.a(sched-sem_wait.o)
 .text.sem_wait
                0x0000000008008f58       0x84 /home/tuofeichen/SLAM/Firmware/build_px4fmu-v2_lpe/px4io-v2/NuttX/nuttx-export/libs/libnuttx.a(sched-sem_wait.o)
                0x0000000008008f58                sem_wait
 .text          0x0000000008008fdc        0x0 /home/tuofeichen/SLAM/Firmware/build_px4fmu-v2_lpe/px4io-v2/NuttX/nuttx-export/libs/libnuttx.a(sched-task_exithook.o)
 .text.task_exithook
                0x0000000008008fdc       0x1e /home/tuofeichen/SLAM/Firmware/build_px4fmu-v2_lpe/px4io-v2/NuttX/nuttx-export/libs/libnuttx.a(sched-task_exithook.o)
                0x0000000008008fdc                task_exithook
 .text          0x0000000008008ffa        0x0 /home/tuofeichen/SLAM/Firmware/build_px4fmu-v2_lpe/px4io-v2/NuttX/nuttx-export/libs/libnuttx.a(sched-task_recover.o)
 .text.task_recover
                0x0000000008008ffa       0x26 /home/tuofeichen/SLAM/Firmware/build_px4fmu-v2_lpe/px4io-v2/NuttX/nuttx-export/libs/libnuttx.a(sched-task_recover.o)
                0x0000000008008ffa                task_recover
 .text          0x0000000008009020        0x0 /home/tuofeichen/SLAM/Firmware/build_px4fmu-v2_lpe/px4io-v2/NuttX/nuttx-export/libs/libnuttx.a(sched-wd_cancel.o)
 .text.wd_cancel
                0x0000000008009020       0x64 /home/tuofeichen/SLAM/Firmware/build_px4fmu-v2_lpe/px4io-v2/NuttX/nuttx-export/libs/libnuttx.a(sched-wd_cancel.o)
                0x0000000008009020                wd_cancel
 .text          0x0000000008009084        0x0 /home/tuofeichen/SLAM/Firmware/build_px4fmu-v2_lpe/px4io-v2/NuttX/nuttx-export/libs/libnuttx.a(sched-wd_delete.o)
 .text.wd_delete
                0x0000000008009084       0x3c /home/tuofeichen/SLAM/Firmware/build_px4fmu-v2_lpe/px4io-v2/NuttX/nuttx-export/libs/libnuttx.a(sched-wd_delete.o)
                0x0000000008009084                wd_delete
 .text          0x00000000080090c0        0x0 /home/tuofeichen/SLAM/Firmware/build_px4fmu-v2_lpe/px4io-v2/NuttX/nuttx-export/libs/libnuttx.a(sched-wd_initialize.o)
 .text.wd_initialize
                0x00000000080090c0       0x44 /home/tuofeichen/SLAM/Firmware/build_px4fmu-v2_lpe/px4io-v2/NuttX/nuttx-export/libs/libnuttx.a(sched-wd_initialize.o)
                0x00000000080090c0                wd_initialize
 .text          0x0000000008009104        0x0 /home/tuofeichen/SLAM/Firmware/build_px4fmu-v2_lpe/px4io-v2/NuttX/nuttx-export/libs/libnuttx.a(c-dq_addfirst.o)
 .text.dq_addfirst
                0x0000000008009104       0x18 /home/tuofeichen/SLAM/Firmware/build_px4fmu-v2_lpe/px4io-v2/NuttX/nuttx-export/libs/libnuttx.a(c-dq_addfirst.o)
                0x0000000008009104                dq_addfirst
 .text          0x000000000800911c        0x0 /home/tuofeichen/SLAM/Firmware/build_px4fmu-v2_lpe/px4io-v2/NuttX/nuttx-export/libs/libnuttx.a(c-lib_cfgetspeed.o)
 .text.cfgetspeed
                0x000000000800911c        0x4 /home/tuofeichen/SLAM/Firmware/build_px4fmu-v2_lpe/px4io-v2/NuttX/nuttx-export/libs/libnuttx.a(c-lib_cfgetspeed.o)
                0x000000000800911c                cfgetspeed
 .text          0x0000000008009120        0x0 /home/tuofeichen/SLAM/Firmware/build_px4fmu-v2_lpe/px4io-v2/NuttX/nuttx-export/libs/libnuttx.a(c-lib_checkbase.o)
 .text.lib_checkbase
                0x0000000008009120       0x52 /home/tuofeichen/SLAM/Firmware/build_px4fmu-v2_lpe/px4io-v2/NuttX/nuttx-export/libs/libnuttx.a(c-lib_checkbase.o)
                0x0000000008009120                lib_checkbase
 .text          0x0000000008009172        0x0 /home/tuofeichen/SLAM/Firmware/build_px4fmu-v2_lpe/px4io-v2/NuttX/nuttx-export/libs/libnuttx.a(c-lib_isbasedigit.o)
 .text.lib_isbasedigit
                0x0000000008009172       0x4e /home/tuofeichen/SLAM/Firmware/build_px4fmu-v2_lpe/px4io-v2/NuttX/nuttx-export/libs/libnuttx.a(c-lib_isbasedigit.o)
                0x0000000008009172                lib_isbasedigit
 .text          0x00000000080091c0        0x0 /home/tuofeichen/SLAM/Firmware/build_px4fmu-v2_lpe/px4io-v2/NuttX/nuttx-export/libs/libnuttx.a(c-lib_libvsprintf.o)
 .text.utodec   0x00000000080091c0       0x24 /home/tuofeichen/SLAM/Firmware/build_px4fmu-v2_lpe/px4io-v2/NuttX/nuttx-export/libs/libnuttx.a(c-lib_libvsprintf.o)
 .text.utooct   0x00000000080091e4       0x1e /home/tuofeichen/SLAM/Firmware/build_px4fmu-v2_lpe/px4io-v2/NuttX/nuttx-export/libs/libnuttx.a(c-lib_libvsprintf.o)
 .text.utobin   0x0000000008009202       0x1e /home/tuofeichen/SLAM/Firmware/build_px4fmu-v2_lpe/px4io-v2/NuttX/nuttx-export/libs/libnuttx.a(c-lib_libvsprintf.o)
 .text.llutodec
                0x0000000008009220       0x42 /home/tuofeichen/SLAM/Firmware/build_px4fmu-v2_lpe/px4io-v2/NuttX/nuttx-export/libs/libnuttx.a(c-lib_libvsprintf.o)
 .text.llutooct
                0x0000000008009262       0x2e /home/tuofeichen/SLAM/Firmware/build_px4fmu-v2_lpe/px4io-v2/NuttX/nuttx-export/libs/libnuttx.a(c-lib_libvsprintf.o)
 .text.llutobin
                0x0000000008009290       0x26 /home/tuofeichen/SLAM/Firmware/build_px4fmu-v2_lpe/px4io-v2/NuttX/nuttx-export/libs/libnuttx.a(c-lib_libvsprintf.o)
 .text.prejustify
                0x00000000080092b6       0x8a /home/tuofeichen/SLAM/Firmware/build_px4fmu-v2_lpe/px4io-v2/NuttX/nuttx-export/libs/libnuttx.a(c-lib_libvsprintf.o)
 .text.utohex   0x0000000008009340       0x4c /home/tuofeichen/SLAM/Firmware/build_px4fmu-v2_lpe/px4io-v2/NuttX/nuttx-export/libs/libnuttx.a(c-lib_libvsprintf.o)
 .text.utoascii
                0x000000000800938c       0x88 /home/tuofeichen/SLAM/Firmware/build_px4fmu-v2_lpe/px4io-v2/NuttX/nuttx-export/libs/libnuttx.a(c-lib_libvsprintf.o)
 .text.llutohex
                0x0000000008009414       0x5c /home/tuofeichen/SLAM/Firmware/build_px4fmu-v2_lpe/px4io-v2/NuttX/nuttx-export/libs/libnuttx.a(c-lib_libvsprintf.o)
 .text.llutoascii
                0x0000000008009470       0x92 /home/tuofeichen/SLAM/Firmware/build_px4fmu-v2_lpe/px4io-v2/NuttX/nuttx-export/libs/libnuttx.a(c-lib_libvsprintf.o)
 .text.postjustify
                0x0000000008009502       0x26 /home/tuofeichen/SLAM/Firmware/build_px4fmu-v2_lpe/px4io-v2/NuttX/nuttx-export/libs/libnuttx.a(c-lib_libvsprintf.o)
 .text.lib_vsprintf
                0x0000000008009528      0x2ac /home/tuofeichen/SLAM/Firmware/build_px4fmu-v2_lpe/px4io-v2/NuttX/nuttx-export/libs/libnuttx.a(c-lib_libvsprintf.o)
                0x0000000008009528                lib_vsprintf
 .text          0x00000000080097d4        0x0 /home/tuofeichen/SLAM/Firmware/build_px4fmu-v2_lpe/px4io-v2/NuttX/nuttx-export/libs/libnuttx.a(c-lib_lowoutstream.o)
 .text.lowoutstream_putc
                0x00000000080097d4       0x16 /home/tuofeichen/SLAM/Firmware/build_px4fmu-v2_lpe/px4io-v2/NuttX/nuttx-export/libs/libnuttx.a(c-lib_lowoutstream.o)
 *fill*         0x00000000080097ea        0x2 
 .text.lib_lowoutstream
                0x00000000080097ec       0x10 /home/tuofeichen/SLAM/Firmware/build_px4fmu-v2_lpe/px4io-v2/NuttX/nuttx-export/libs/libnuttx.a(c-lib_lowoutstream.o)
                0x00000000080097ec                lib_lowoutstream
 .text          0x00000000080097fc        0x0 /home/tuofeichen/SLAM/Firmware/build_px4fmu-v2_lpe/px4io-v2/NuttX/nuttx-export/libs/libnuttx.a(c-lib_memoutstream.o)
 .text.memoutstream_putc
                0x00000000080097fc       0x1a /home/tuofeichen/SLAM/Firmware/build_px4fmu-v2_lpe/px4io-v2/NuttX/nuttx-export/libs/libnuttx.a(c-lib_memoutstream.o)
 *fill*         0x0000000008009816        0x2 
 .text.lib_memoutstream
                0x0000000008009818       0x18 /home/tuofeichen/SLAM/Firmware/build_px4fmu-v2_lpe/px4io-v2/NuttX/nuttx-export/libs/libnuttx.a(c-lib_memoutstream.o)
                0x0000000008009818                lib_memoutstream
 .text          0x0000000008009830        0x0 /home/tuofeichen/SLAM/Firmware/build_px4fmu-v2_lpe/px4io-v2/NuttX/nuttx-export/libs/libnuttx.a(c-lib_nulloutstream.o)
 .text.nulloutstream_putc
                0x0000000008009830        0x8 /home/tuofeichen/SLAM/Firmware/build_px4fmu-v2_lpe/px4io-v2/NuttX/nuttx-export/libs/libnuttx.a(c-lib_nulloutstream.o)
 .text.lib_nulloutstream
                0x0000000008009838       0x10 /home/tuofeichen/SLAM/Firmware/build_px4fmu-v2_lpe/px4io-v2/NuttX/nuttx-export/libs/libnuttx.a(c-lib_nulloutstream.o)
                0x0000000008009838                lib_nulloutstream
 .text          0x0000000008009848        0x0 /home/tuofeichen/SLAM/Firmware/build_px4fmu-v2_lpe/px4io-v2/NuttX/nuttx-export/libs/libnuttx.a(c-lib_rawoutstream.o)
 .text.rawoutstream_putc
                0x0000000008009848       0x2e /home/tuofeichen/SLAM/Firmware/build_px4fmu-v2_lpe/px4io-v2/NuttX/nuttx-export/libs/libnuttx.a(c-lib_rawoutstream.o)
 *fill*         0x0000000008009876        0x2 
 .text.lib_rawoutstream
                0x0000000008009878       0x10 /home/tuofeichen/SLAM/Firmware/build_px4fmu-v2_lpe/px4io-v2/NuttX/nuttx-export/libs/libnuttx.a(c-lib_rawoutstream.o)
                0x0000000008009878                lib_rawoutstream
 .text          0x0000000008009888        0x0 /home/tuofeichen/SLAM/Firmware/build_px4fmu-v2_lpe/px4io-v2/NuttX/nuttx-export/libs/libnuttx.a(c-lib_skipspace.o)
 .text.lib_skipspace
                0x0000000008009888       0x16 /home/tuofeichen/SLAM/Firmware/build_px4fmu-v2_lpe/px4io-v2/NuttX/nuttx-export/libs/libnuttx.a(c-lib_skipspace.o)
                0x0000000008009888                lib_skipspace
 .text          0x000000000800989e        0x0 /home/tuofeichen/SLAM/Firmware/build_px4fmu-v2_lpe/px4io-v2/NuttX/nuttx-export/libs/libnuttx.a(c-lib_strcpy.o)
 .text.strcpy   0x000000000800989e       0x10 /home/tuofeichen/SLAM/Firmware/build_px4fmu-v2_lpe/px4io-v2/NuttX/nuttx-export/libs/libnuttx.a(c-lib_strcpy.o)
                0x000000000800989e                strcpy
 .text          0x00000000080098ae        0x0 /home/tuofeichen/SLAM/Firmware/build_px4fmu-v2_lpe/px4io-v2/NuttX/nuttx-export/libs/libnuttx.a(c-lib_strlen.o)
 .text.strlen   0x00000000080098ae       0x10 /home/tuofeichen/SLAM/Firmware/build_px4fmu-v2_lpe/px4io-v2/NuttX/nuttx-export/libs/libnuttx.a(c-lib_strlen.o)
                0x00000000080098ae                strlen
 .text          0x00000000080098be        0x0 /home/tuofeichen/SLAM/Firmware/build_px4fmu-v2_lpe/px4io-v2/NuttX/nuttx-export/libs/libnuttx.a(c-sem_init.o)
 .text.sem_init
                0x00000000080098be       0x1e /home/tuofeichen/SLAM/Firmware/build_px4fmu-v2_lpe/px4io-v2/NuttX/nuttx-export/libs/libnuttx.a(c-sem_init.o)
                0x00000000080098be                sem_init
 .text          0x00000000080098dc        0x0 /home/tuofeichen/SLAM/Firmware/build_px4fmu-v2_lpe/px4io-v2/NuttX/nuttx-export/libs/libnuttx.a(c-sq_remafter.o)
 .text.sq_remafter
                0x00000000080098dc       0x22 /home/tuofeichen/SLAM/Firmware/build_px4fmu-v2_lpe/px4io-v2/NuttX/nuttx-export/libs/libnuttx.a(c-sq_remafter.o)
                0x00000000080098dc                sq_remafter
 .text          0x00000000080098fe        0x0 /home/tuofeichen/SLAM/Firmware/build_px4fmu-v2_lpe/px4io-v2/NuttX/nuttx-export/libs/libnuttx.a(c-sq_remfirst.o)
 .text.sq_remfirst
                0x00000000080098fe       0x14 /home/tuofeichen/SLAM/Firmware/build_px4fmu-v2_lpe/px4io-v2/NuttX/nuttx-export/libs/libnuttx.a(c-sq_remfirst.o)
                0x00000000080098fe                sq_remfirst
 .text          0x0000000008009912        0x0 /home/tuofeichen/SLAM/Firmware/build_px4fmu-v2_lpe/px4io-v2/NuttX/nuttx-export/libs/libnuttx.a(mm-mm_addfreechunk.o)
 .text.mm_addfreechunk
                0x0000000008009912       0x36 /home/tuofeichen/SLAM/Firmware/build_px4fmu-v2_lpe/px4io-v2/NuttX/nuttx-export/libs/libnuttx.a(mm-mm_addfreechunk.o)
                0x0000000008009912                mm_addfreechunk
 .text          0x0000000008009948        0x0 /home/tuofeichen/SLAM/Firmware/build_px4fmu-v2_lpe/px4io-v2/NuttX/nuttx-export/libs/libnuttx.a(mm-mm_initialize.o)
 .text.mm_addregion
                0x0000000008009948       0x50 /home/tuofeichen/SLAM/Firmware/build_px4fmu-v2_lpe/px4io-v2/NuttX/nuttx-export/libs/libnuttx.a(mm-mm_initialize.o)
                0x0000000008009948                mm_addregion
 .text.mm_initialize
                0x0000000008009998       0x40 /home/tuofeichen/SLAM/Firmware/build_px4fmu-v2_lpe/px4io-v2/NuttX/nuttx-export/libs/libnuttx.a(mm-mm_initialize.o)
                0x0000000008009998                mm_initialize
 .text          0x00000000080099d8        0x0 /home/tuofeichen/SLAM/Firmware/build_px4fmu-v2_lpe/px4io-v2/NuttX/nuttx-export/libs/libnuttx.a(arch-stm32_allocateheap.o)
 .text.up_allocate_heap
                0x00000000080099d8       0x14 /home/tuofeichen/SLAM/Firmware/build_px4fmu-v2_lpe/px4io-v2/NuttX/nuttx-export/libs/libnuttx.a(arch-stm32_allocateheap.o)
                0x00000000080099d8                up_allocate_heap
 .text          0x00000000080099ec        0x0 /home/tuofeichen/SLAM/Firmware/build_px4fmu-v2_lpe/px4io-v2/NuttX/nuttx-export/libs/libnuttx.a(arch-stm32_idle.o)
 .text.up_idle  0x00000000080099ec        0x4 /home/tuofeichen/SLAM/Firmware/build_px4fmu-v2_lpe/px4io-v2/NuttX/nuttx-export/libs/libnuttx.a(arch-stm32_idle.o)
                0x00000000080099ec                up_idle
 .text          0x00000000080099f0        0x0 /home/tuofeichen/SLAM/Firmware/build_px4fmu-v2_lpe/px4io-v2/NuttX/nuttx-export/libs/libnuttx.a(arch-stm32_lowputc.o)
 .text.up_lowputc
                0x00000000080099f0       0x18 /home/tuofeichen/SLAM/Firmware/build_px4fmu-v2_lpe/px4io-v2/NuttX/nuttx-export/libs/libnuttx.a(arch-stm32_lowputc.o)
                0x00000000080099f0                up_lowputc
 .text.stm32_lowsetup
                0x0000000008009a08       0x6c /home/tuofeichen/SLAM/Firmware/build_px4fmu-v2_lpe/px4io-v2/NuttX/nuttx-export/libs/libnuttx.a(arch-stm32_lowputc.o)
                0x0000000008009a08                stm32_lowsetup
 .text          0x0000000008009a74        0x0 /home/tuofeichen/SLAM/Firmware/build_px4fmu-v2_lpe/px4io-v2/NuttX/nuttx-export/libs/libnuttx.a(arch-stm32_rcc.o)
 .text.stm32_clockconfig
                0x0000000008009a74       0xe8 /home/tuofeichen/SLAM/Firmware/build_px4fmu-v2_lpe/px4io-v2/NuttX/nuttx-export/libs/libnuttx.a(arch-stm32_rcc.o)
                0x0000000008009a74                stm32_clockconfig
 .text          0x0000000008009b5c        0x0 /home/tuofeichen/SLAM/Firmware/build_px4fmu-v2_lpe/px4io-v2/NuttX/nuttx-export/libs/libnuttx.a(arch-stm32_vectors.o)
 .text          0x0000000008009b5c        0x0 /home/tuofeichen/SLAM/Firmware/build_px4fmu-v2_lpe/px4io-v2/NuttX/nuttx-export/libs/libnuttx.a(arch-up_blocktask.o)
 .text.up_block_task
                0x0000000008009b5c       0x74 /home/tuofeichen/SLAM/Firmware/build_px4fmu-v2_lpe/px4io-v2/NuttX/nuttx-export/libs/libnuttx.a(arch-up_blocktask.o)
                0x0000000008009b5c                up_block_task