Archive member included to satisfy reference by file (symbol)

/home/dexheimere/Firmware/build_px4fmu-v2_lpe/px4io-v2/NuttX/nuttx-export/libs/libnuttx.a(sched-irq_attach.o)
                              src/modules/px4iofirmware/CMakeFiles/px4io-v2.dir/__/__/drivers/stm32/drv_hrt.c.obj (irq_attach)
/home/dexheimere/Firmware/build_px4fmu-v2_lpe/px4io-v2/NuttX/nuttx-export/libs/libnuttx.a(sched-irq_initialize.o)
                              /home/dexheimere/Firmware/build_px4fmu-v2_lpe/px4io-v2/NuttX/nuttx-export/libs/libnuttx.a(sched-irq_attach.o) (g_irqvector)
/home/dexheimere/Firmware/build_px4fmu-v2_lpe/px4io-v2/NuttX/nuttx-export/libs/libnuttx.a(sched-irq_unexpectedisr.o)
                              /home/dexheimere/Firmware/build_px4fmu-v2_lpe/px4io-v2/NuttX/nuttx-export/libs/libnuttx.a(sched-irq_attach.o) (irq_unexpected_isr)
/home/dexheimere/Firmware/build_px4fmu-v2_lpe/px4io-v2/NuttX/nuttx-export/libs/libnuttx.a(c-lib_abort.o)
                              (abort)
/home/dexheimere/Firmware/build_px4fmu-v2_lpe/px4io-v2/NuttX/nuttx-export/libs/libnuttx.a(c-lib_cfsetspeed.o)
                              src/modules/px4iofirmware/CMakeFiles/px4io-v2.dir/__/__/lib/rc/sbus.c.obj (cfsetspeed)
/home/dexheimere/Firmware/build_px4fmu-v2_lpe/px4io-v2/NuttX/nuttx-export/libs/libnuttx.a(c-lib_crc32.o)
                              src/modules/px4iofirmware/CMakeFiles/px4io-v2.dir/px4io.c.obj (crc32part)
/home/dexheimere/Firmware/build_px4fmu-v2_lpe/px4io-v2/NuttX/nuttx-export/libs/libnuttx.a(c-lib_dprintf.o)
                              src/modules/px4iofirmware/CMakeFiles/px4io-v2.dir/__/systemlib/perf_counter.c.obj (dprintf)
/home/dexheimere/Firmware/build_px4fmu-v2_lpe/px4io-v2/NuttX/nuttx-export/libs/libnuttx.a(c-lib_lowsyslog.o)
                              src/modules/px4iofirmware/CMakeFiles/px4io-v2.dir/px4io.c.obj (lowsyslog)
/home/dexheimere/Firmware/build_px4fmu-v2_lpe/px4io-v2/NuttX/nuttx-export/libs/libnuttx.a(c-lib_memchr.o)
                              src/modules/px4iofirmware/CMakeFiles/px4io-v2.dir/__/systemlib/mixer/mixer.cpp.obj (memchr)
/home/dexheimere/Firmware/build_px4fmu-v2_lpe/px4io-v2/NuttX/nuttx-export/libs/libnuttx.a(c-lib_memcpy.o)
                              src/modules/px4iofirmware/CMakeFiles/px4io-v2.dir/mixer.cpp.obj (memcpy)
/home/dexheimere/Firmware/build_px4fmu-v2_lpe/px4io-v2/NuttX/nuttx-export/libs/libnuttx.a(c-lib_memset.o)
                              src/modules/px4iofirmware/CMakeFiles/px4io-v2.dir/registers.c.obj (memset)
/home/dexheimere/Firmware/build_px4fmu-v2_lpe/px4io-v2/NuttX/nuttx-export/libs/libnuttx.a(c-lib_printf.o)
                              src/modules/px4iofirmware/CMakeFiles/px4io-v2.dir/__/systemlib/perf_counter.c.obj (printf)
/home/dexheimere/Firmware/build_px4fmu-v2_lpe/px4io-v2/NuttX/nuttx-export/libs/libnuttx.a(c-lib_sscanf.o)
                              src/modules/px4iofirmware/CMakeFiles/px4io-v2.dir/__/systemlib/mixer/mixer_multirotor.cpp.obj (sscanf)
/home/dexheimere/Firmware/build_px4fmu-v2_lpe/px4io-v2/NuttX/nuttx-export/libs/libnuttx.a(c-lib_strchr.o)
                              /home/dexheimere/Firmware/build_px4fmu-v2_lpe/px4io-v2/NuttX/nuttx-export/libs/libnuttx.a(c-lib_sscanf.o) (strchr)
/home/dexheimere/Firmware/build_px4fmu-v2_lpe/px4io-v2/NuttX/nuttx-export/libs/libnuttx.a(c-lib_strcmp.o)
                              src/modules/px4iofirmware/CMakeFiles/px4io-v2.dir/__/systemlib/perf_counter.c.obj (strcmp)
/home/dexheimere/Firmware/build_px4fmu-v2_lpe/px4io-v2/NuttX/nuttx-export/libs/libnuttx.a(c-lib_strcspn.o)
                              /home/dexheimere/Firmware/build_px4fmu-v2_lpe/px4io-v2/NuttX/nuttx-export/libs/libnuttx.a(c-lib_sscanf.o) (strcspn)
/home/dexheimere/Firmware/build_px4fmu-v2_lpe/px4io-v2/NuttX/nuttx-export/libs/libnuttx.a(c-lib_strncpy.o)
                              /home/dexheimere/Firmware/build_px4fmu-v2_lpe/px4io-v2/NuttX/nuttx-export/libs/libnuttx.a(c-lib_sscanf.o) (strncpy)
/home/dexheimere/Firmware/build_px4fmu-v2_lpe/px4io-v2/NuttX/nuttx-export/libs/libnuttx.a(c-lib_strtol.o)
                              /home/dexheimere/Firmware/build_px4fmu-v2_lpe/px4io-v2/NuttX/nuttx-export/libs/libnuttx.a(c-lib_sscanf.o) (strtol)
/home/dexheimere/Firmware/build_px4fmu-v2_lpe/px4io-v2/NuttX/nuttx-export/libs/libnuttx.a(c-lib_strtoul.o)
                              /home/dexheimere/Firmware/build_px4fmu-v2_lpe/px4io-v2/NuttX/nuttx-export/libs/libnuttx.a(c-lib_strtol.o) (strtoul)
/home/dexheimere/Firmware/build_px4fmu-v2_lpe/px4io-v2/NuttX/nuttx-export/libs/libnuttx.a(c-lib_syslog.o)
                              /home/dexheimere/Firmware/build_px4fmu-v2_lpe/px4io-v2/NuttX/nuttx-export/libs/libnuttx.a(c-lib_printf.o) (vsyslog)
/home/dexheimere/Firmware/build_px4fmu-v2_lpe/px4io-v2/NuttX/nuttx-export/libs/libnuttx.a(c-lib_tcgetattr.o)
                              src/modules/px4iofirmware/CMakeFiles/px4io-v2.dir/__/__/lib/rc/sbus.c.obj (tcgetattr)
[...]
Memory Configuration

Name             Origin             Length             Attributes
flash            0x08001000         0x0000f000         xr
sram             0x20000000         0x00002000         xrw
*default*        0x00000000         0xffffffff

Linker script and memory map

LOAD src/modules/px4iofirmware/CMakeFiles/px4io-v2.dir/adc.c.obj
LOAD src/modules/px4iofirmware/CMakeFiles/px4io-v2.dir/controls.c.obj
LOAD src/modules/px4iofirmware/CMakeFiles/px4io-v2.dir/px4io.c.obj
LOAD src/modules/px4iofirmware/CMakeFiles/px4io-v2.dir/registers.c.obj
LOAD src/modules/px4iofirmware/CMakeFiles/px4io-v2.dir/safety.c.obj
LOAD src/modules/px4iofirmware/CMakeFiles/px4io-v2.dir/__/systemlib/up_cxxinitialize.c.obj
LOAD src/modules/px4iofirmware/CMakeFiles/px4io-v2.dir/__/systemlib/perf_counter.c.obj
LOAD src/modules/px4iofirmware/CMakeFiles/px4io-v2.dir/mixer.cpp.obj
LOAD src/modules/px4iofirmware/CMakeFiles/px4io-v2.dir/__/systemlib/mixer/mixer.cpp.obj
LOAD src/modules/px4iofirmware/CMakeFiles/px4io-v2.dir/__/systemlib/mixer/mixer_group.cpp.obj
LOAD src/modules/px4iofirmware/CMakeFiles/px4io-v2.dir/__/systemlib/mixer/mixer_multirotor.cpp.obj
LOAD src/modules/px4iofirmware/CMakeFiles/px4io-v2.dir/__/systemlib/mixer/mixer_simple.cpp.obj
LOAD src/modules/px4iofirmware/CMakeFiles/px4io-v2.dir/__/systemlib/pwm_limit/pwm_limit.c.obj
LOAD src/modules/px4iofirmware/CMakeFiles/px4io-v2.dir/__/__/lib/rc/st24.c.obj
LOAD src/modules/px4iofirmware/CMakeFiles/px4io-v2.dir/__/__/lib/rc/sumd.c.obj
LOAD src/modules/px4iofirmware/CMakeFiles/px4io-v2.dir/__/__/lib/rc/sbus.c.obj
LOAD src/modules/px4iofirmware/CMakeFiles/px4io-v2.dir/__/__/lib/rc/dsm.c.obj
LOAD src/modules/px4iofirmware/CMakeFiles/px4io-v2.dir/__/__/drivers/stm32/drv_hrt.c.obj
LOAD src/modules/px4iofirmware/CMakeFiles/px4io-v2.dir/__/__/drivers/stm32/drv_io_timer.c.obj
LOAD src/modules/px4iofirmware/CMakeFiles/px4io-v2.dir/__/__/drivers/stm32/drv_pwm_servo.c.obj
LOAD src/modules/px4iofirmware/CMakeFiles/px4io-v2.dir/__/__/drivers/boards/px4io-v2/px4io_init.c.obj
LOAD src/modules/px4iofirmware/CMakeFiles/px4io-v2.dir/__/__/drivers/boards/px4io-v2/px4io_timer_config.c.obj
LOAD src/modules/px4iofirmware/CMakeFiles/px4io-v2.dir/serial.c.obj
LOAD src/modules/px4iofirmware/CMakeFiles/px4io-v2.dir/__/systemlib/hx_stream.c.obj
START GROUP
LOAD /home/dexheimere/Firmware/build_px4fmu-v2_lpe/px4io-v2/NuttX/nuttx-export/libs/libapps.a
LOAD /home/dexheimere/Firmware/build_px4fmu-v2_lpe/px4io-v2/NuttX/nuttx-export/libs/libnuttx.a
LOAD /home/dexheimere/gcc-arm-none-eabi-5_4-2016q2/bin/../lib/gcc/arm-none-eabi/5.4.1/../../../../arm-none-eabi/lib/armv7-m/libnosys.a
LOAD /home/dexheimere/gcc-arm-none-eabi-5_4-2016q2/bin/../lib/gcc/arm-none-eabi/5.4.1/../../../../arm-none-eabi/lib/armv7-m/libm.a
LOAD /home/dexheimere/gcc-arm-none-eabi-5_4-2016q2/bin/../lib/gcc/arm-none-eabi/5.4.1/armv7-m/libgcc.a
END GROUP

.text           0x08001000     0xc628
                0x08001000                _stext = ABSOLUTE (.)
 *(.vectors)
 .vectors       0x08001000      0x134 /home/dexheimere/Firmware/build_px4fmu-v2_lpe/px4io-v2/NuttX/nuttx-export/libs/libnuttx.a(arch-up_vectors.o)
                0x08001000                _vectors
 *(.text .text.*)
 .text          0x08001134        0x0 src/modules/px4iofirmware/CMakeFiles/px4io-v2.dir/adc.c.obj
 .text.adc_init
                0x08001134       0x98 src/modules/px4iofirmware/CMakeFiles/px4io-v2.dir/adc.c.obj
                0x08001134                adc_init
 .text.adc_measure
                0x080011cc       0x80 src/modules/px4iofirmware/CMakeFiles/px4io-v2.dir/adc.c.obj
                0x080011cc                adc_measure
 .text          0x0800124c        0x0 src/modules/px4iofirmware/CMakeFiles/px4io-v2.dir/controls.c.obj
 .text.controls_init
                0x0800124c       0x90 src/modules/px4iofirmware/CMakeFiles/px4io-v2.dir/controls.c.obj
                0x0800124c                controls_init
 .text.controls_tick
                0x080012dc      0x6f8 src/modules/px4iofirmware/CMakeFiles/px4io-v2.dir/controls.c.obj
                0x080012dc                controls_tick
 .text          0x080019d4        0x0 src/modules/px4iofirmware/CMakeFiles/px4io-v2.dir/px4io.c.obj
 .text.isr_debug
                0x080019d4       0x60 src/modules/px4iofirmware/CMakeFiles/px4io-v2.dir/px4io.c.obj
                0x080019d4                isr_debug
 .text.schedule_reboot
                0x08001a34       0x1c src/modules/px4iofirmware/CMakeFiles/px4io-v2.dir/px4io.c.obj
                0x08001a34                schedule_reboot
 .text.user_start
                0x08001a50      0x354 src/modules/px4iofirmware/CMakeFiles/px4io-v2.dir/px4io.c.obj
                0x08001a50                user_start
 .text          0x08001da4        0x0 src/modules/px4iofirmware/CMakeFiles/px4io-v2.dir/registers.c.obj
 .text.pwm_configure_rates
                0x08001da4       0x90 src/modules/px4iofirmware/CMakeFiles/px4io-v2.dir/registers.c.obj
 .text.registers_set
                0x08001e34      0x680 src/modules/px4iofirmware/CMakeFiles/px4io-v2.dir/registers.c.obj
                0x08001e34                registers_set
 .text.registers_get
                0x080024b4      0x288 src/modules/px4iofirmware/CMakeFiles/px4io-v2.dir/registers.c.obj
                0x080024b4                registers_get
 .text          0x0800273c        0x0 src/modules/px4iofirmware/CMakeFiles/px4io-v2.dir/safety.c.obj
 .text.safety_check_button
                0x0800273c       0xe0 src/modules/px4iofirmware/CMakeFiles/px4io-v2.dir/safety.c.obj
 .text.failsafe_blink
                0x0800281c       0x44 src/modules/px4iofirmware/CMakeFiles/px4io-v2.dir/safety.c.obj
 .text.safety_init
                0x08002860       0x34 src/modules/px4iofirmware/CMakeFiles/px4io-v2.dir/safety.c.obj
                0x08002860                safety_init
 .text.failsafe_led_init
                0x08002894       0x34 src/modules/px4iofirmware/CMakeFiles/px4io-v2.dir/safety.c.obj
                0x08002894                failsafe_led_init
 .text          0x080028c8        0x0 src/modules/px4iofirmware/CMakeFiles/px4io-v2.dir/__/systemlib/up_cxxinitialize.c.obj
 .text.up_cxxinitialize
                0x080028c8       0x38 src/modules/px4iofirmware/CMakeFiles/px4io-v2.dir/__/systemlib/up_cxxinitialize.c.obj
                0x080028c8                up_cxxinitialize
 .text          0x08002900        0x0 src/modules/px4iofirmware/CMakeFiles/px4io-v2.dir/__/systemlib/perf_counter.c.obj
 .text.perf_alloc
                0x08002900       0x50 src/modules/px4iofirmware/CMakeFiles/px4io-v2.dir/__/systemlib/perf_counter.c.obj
                0x08002900                perf_alloc
 .text.perf_alloc_once
                0x08002950       0x3c src/modules/px4iofirmware/CMakeFiles/px4io-v2.dir/__/systemlib/perf_counter.c.obj
                0x08002950                perf_alloc_once
 .text.perf_free
                0x0800298c       0x1c src/modules/px4iofirmware/CMakeFiles/px4io-v2.dir/__/systemlib/perf_counter.c.obj
                0x0800298c                perf_free
 .text.perf_count
                0x080029a8       0xfc src/modules/px4iofirmware/CMakeFiles/px4io-v2.dir/__/systemlib/perf_counter.c.obj
                0x080029a8                perf_count
 .text.perf_begin
                0x08002aa4       0x18 src/modules/px4iofirmware/CMakeFiles/px4io-v2.dir/__/systemlib/perf_counter.c.obj
                0x08002aa4                perf_begin
 .text.perf_end
                0x08002abc       0xe0 src/modules/px4iofirmware/CMakeFiles/px4io-v2.dir/__/systemlib/perf_counter.c.obj
                0x08002abc                perf_end
 .text.perf_set
                0x08002b9c       0xcc src/modules/px4iofirmware/CMakeFiles/px4io-v2.dir/__/systemlib/perf_counter.c.obj
                0x08002b9c                perf_set
 .text.perf_cancel
                0x08002c68       0x14 src/modules/px4iofirmware/CMakeFiles/px4io-v2.dir/__/systemlib/perf_counter.c.obj
                0x08002c68                perf_cancel
 .text.perf_reset
                0x08002c7c       0x54 src/modules/px4iofirmware/CMakeFiles/px4io-v2.dir/__/systemlib/perf_counter.c.obj
                0x08002c7c                perf_reset
 .text.perf_print_counter_fd
                0x08002cd0      0x154 src/modules/px4iofirmware/CMakeFiles/px4io-v2.dir/__/systemlib/perf_counter.c.obj
                0x08002cd0                perf_print_counter_fd
 .text.perf_print_counter
                0x08002e24        0x8 src/modules/px4iofirmware/CMakeFiles/px4io-v2.dir/__/systemlib/perf_counter.c.obj
                0x08002e24                perf_print_counter
 .text.perf_event_count
                0x08002e2c       0x20 src/modules/px4iofirmware/CMakeFiles/px4io-v2.dir/__/systemlib/perf_counter.c.obj
                0x08002e2c                perf_event_count
 .text.perf_print_all
                0x08002e4c       0x20 src/modules/px4iofirmware/CMakeFiles/px4io-v2.dir/__/systemlib/perf_counter.c.obj
                0x08002e4c                perf_print_all
 .text.perf_print_latency
                0x08002e6c       0x6c src/modules/px4iofirmware/CMakeFiles/px4io-v2.dir/__/systemlib/perf_counter.c.obj
                0x08002e6c                perf_print_latency
 .text.perf_reset_all
                0x08002ed8       0x38 src/modules/px4iofirmware/CMakeFiles/px4io-v2.dir/__/systemlib/perf_counter.c.obj
                0x08002ed8                perf_reset_all
 .text          0x08002f10        0x0 src/modules/px4iofirmware/CMakeFiles/px4io-v2.dir/mixer.cpp.obj
 .text._ZL14mixer_callbackjhhRf
                0x08002f10      0x188 src/modules/px4iofirmware/CMakeFiles/px4io-v2.dir/mixer.cpp.obj
 .text.mixer_handle_text
                0x08003098      0x120 src/modules/px4iofirmware/CMakeFiles/px4io-v2.dir/mixer.cpp.obj
                0x08003098                mixer_handle_text
 .text.startup._GLOBAL__sub_I_mixer_tick
                0x080031b8       0x2c src/modules/px4iofirmware/CMakeFiles/px4io-v2.dir/mixer.cpp.obj
 .text.mixer_tick
                0x080031e4      0x458 src/modules/px4iofirmware/CMakeFiles/px4io-v2.dir/mixer.cpp.obj
                0x080031e4                mixer_tick
 .text.mixer_set_failsafe
                0x0800363c       0x80 src/modules/px4iofirmware/CMakeFiles/px4io-v2.dir/mixer.cpp.obj
                0x0800363c                mixer_set_failsafe
 .text          0x080036bc        0x0 src/modules/px4iofirmware/CMakeFiles/px4io-v2.dir/__/systemlib/mixer/mixer.cpp.obj
 .text._ZN9NullMixerD2Ev
                0x080036bc        0x4 src/modules/px4iofirmware/CMakeFiles/px4io-v2.dir/__/systemlib/mixer/mixer.cpp.obj
                0x080036bc                NullMixer::~NullMixer()
                0x080036bc                NullMixer::~NullMixer()
 .text._ZN9NullMixer3mixEPfjPt
                0x080036c0       0x10 src/modules/px4iofirmware/CMakeFiles/px4io-v2.dir/__/systemlib/mixer/mixer.cpp.obj
                0x080036c0                NullMixer::mix(float*, unsigned int, unsigned short*)
 .text._ZN9NullMixer15groups_requiredERj
                0x080036d0        0x4 src/modules/px4iofirmware/CMakeFiles/px4io-v2.dir/__/systemlib/mixer/mixer.cpp.obj
                0x080036d0                NullMixer::groups_required(unsigned int&)
 .text._ZN9NullMixerD0Ev
                0x080036d4        0xc src/modules/px4iofirmware/CMakeFiles/px4io-v2.dir/__/systemlib/mixer/mixer.cpp.obj
                0x080036d4                NullMixer::~NullMixer()
 .text._ZN5MixerC2EPFijhhRfEj
                0x080036e0       0x18 src/modules/px4iofirmware/CMakeFiles/px4io-v2.dir/__/systemlib/mixer/mixer.cpp.obj
                0x080036e0                Mixer::Mixer(int (*)(unsigned int, unsigned char, unsigned char, float&), unsigned int)
                0x080036e0                Mixer::Mixer(int (*)(unsigned int, unsigned char, unsigned char, float&), unsigned int)
 .text._ZN5Mixer11get_controlEhh
                0x080036f8       0x14 src/modules/px4iofirmware/CMakeFiles/px4io-v2.dir/__/systemlib/mixer/mixer.cpp.obj
                0x080036f8                Mixer::get_control(unsigned char, unsigned char)
 .text._ZN5Mixer5scaleERK14mixer_scaler_sf
                0x0800370c       0x54 src/modules/px4iofirmware/CMakeFiles/px4io-v2.dir/__/systemlib/mixer/mixer.cpp.obj
                0x0800370c                Mixer::scale(mixer_scaler_s const&, float)
 .text._ZN5Mixer11scale_checkER14mixer_scaler_s
                0x08003760       0x5c src/modules/px4iofirmware/CMakeFiles/px4io-v2.dir/__/systemlib/mixer/mixer.cpp.obj
                0x08003760                Mixer::scale_check(mixer_scaler_s&)
 .text._ZN5Mixer7findtagEPKcRjc
                0x080037bc       0x34 src/modules/px4iofirmware/CMakeFiles/px4io-v2.dir/__/systemlib/mixer/mixer.cpp.obj
                0x080037bc                Mixer::findtag(char const*, unsigned int&, char)
 .text._ZN5Mixer8skiplineEPKcRj
                0x080037f0       0x30 src/modules/px4iofirmware/CMakeFiles/px4io-v2.dir/__/systemlib/mixer/mixer.cpp.obj
                0x080037f0                Mixer::skipline(char const*, unsigned int&)
 .text._ZN9NullMixerC2Ev
                0x08003820       0x14 src/modules/px4iofirmware/CMakeFiles/px4io-v2.dir/__/systemlib/mixer/mixer.cpp.obj
                0x08003820                NullMixer::NullMixer()
                0x08003820                NullMixer::NullMixer()
 .text._ZN9NullMixer9from_textEPKcRj
                0x08003834       0x68 src/modules/px4iofirmware/CMakeFiles/px4io-v2.dir/__/systemlib/mixer/mixer.cpp.obj
                0x08003834                NullMixer::from_text(char const*, unsigned int&)
 .text          0x0800389c        0x0 src/modules/px4iofirmware/CMakeFiles/px4io-v2.dir/__/systemlib/mixer/mixer_group.cpp.obj
 .text._ZN10MixerGroupD2Ev
                0x0800389c       0x28 src/modules/px4iofirmware/CMakeFiles/px4io-v2.dir/__/systemlib/mixer/mixer_group.cpp.obj
                0x0800389c                MixerGroup::~MixerGroup()
                0x0800389c                MixerGroup::~MixerGroup()
 .text._ZN10MixerGroup3mixEPfjPt
                0x080038c4       0x40 src/modules/px4iofirmware/CMakeFiles/px4io-v2.dir/__/systemlib/mixer/mixer_group.cpp.obj
                0x080038c4                MixerGroup::mix(float*, unsigned int, unsigned short*)
 .text._ZN10MixerGroup15groups_requiredERj
                0x08003904       0x1c src/modules/px4iofirmware/CMakeFiles/px4io-v2.dir/__/systemlib/mixer/mixer_group.cpp.obj
                0x08003904                MixerGroup::groups_required(unsigned int&)
 .text._ZN10MixerGroupD0Ev
                0x08003920       0x2c src/modules/px4iofirmware/CMakeFiles/px4io-v2.dir/__/systemlib/mixer/mixer_group.cpp.obj
                0x08003920                MixerGroup::~MixerGroup()
 .text._ZN10MixerGroupC2EPFijhhRfEj
                0x0800394c       0x18 src/modules/px4iofirmware/CMakeFiles/px4io-v2.dir/__/systemlib/mixer/mixer_group.cpp.obj
                0x0800394c                MixerGroup::MixerGroup(int (*)(unsigned int, unsigned char, unsigned char, float&), unsigned int)
                0x0800394c                MixerGroup::MixerGroup(int (*)(unsigned int, unsigned char, unsigned char, float&), unsigned int)
 .text._ZN10MixerGroup9add_mixerEP5Mixer
                0x08003964       0x20 src/modules/px4iofirmware/CMakeFiles/px4io-v2.dir/__/systemlib/mixer/mixer_group.cpp.obj
                0x08003964                MixerGroup::add_mixer(Mixer*)
 .text._ZN10MixerGroup5resetEv
                0x08003984       0x20 src/modules/px4iofirmware/CMakeFiles/px4io-v2.dir/__/systemlib/mixer/mixer_group.cpp.obj
                0x08003984                MixerGroup::reset()
 .text._ZN10MixerGroup5countEv
                0x080039a4       0x14 src/modules/px4iofirmware/CMakeFiles/px4io-v2.dir/__/systemlib/mixer/mixer_group.cpp.obj
                0x080039a4                MixerGroup::count()
 .text._ZN10MixerGroup13load_from_bufEPKcRj
                0x080039b8       0x88 src/modules/px4iofirmware/CMakeFiles/px4io-v2.dir/__/systemlib/mixer/mixer_group.cpp.obj
                0x080039b8                MixerGroup::load_from_buf(char const*, unsigned int&)
 .text          0x08003a40        0x0 src/modules/px4iofirmware/CMakeFiles/px4io-v2.dir/__/systemlib/mixer/mixer_multirotor.cpp.obj
 .text._ZN15MultirotorMixerD2Ev
                0x08003a40        0x4 src/modules/px4iofirmware/CMakeFiles/px4io-v2.dir/__/systemlib/mixer/mixer_multirotor.cpp.obj
                0x08003a40                MultirotorMixer::~MultirotorMixer()
                0x08003a40                MultirotorMixer::~MultirotorMixer()
 .text._ZN15MultirotorMixer15groups_requiredERj
                0x08003a44        0xc src/modules/px4iofirmware/CMakeFiles/px4io-v2.dir/__/systemlib/mixer/mixer_multirotor.cpp.obj
                0x08003a44                MultirotorMixer::groups_required(unsigned int&)
 .text._ZN15MultirotorMixerD0Ev
                0x08003a50        0xc src/modules/px4iofirmware/CMakeFiles/px4io-v2.dir/__/systemlib/mixer/mixer_multirotor.cpp.obj
                0x08003a50                MultirotorMixer::~MultirotorMixer()
 .text._ZN15MultirotorMixer3mixEPfjPt
                0x08003a5c      0x6cc src/modules/px4iofirmware/CMakeFiles/px4io-v2.dir/__/systemlib/mixer/mixer_multirotor.cpp.obj
                0x08003a5c                MultirotorMixer::mix(float*, unsigned int, unsigned short*)
 .text._ZN15MultirotorMixerC2EPFijhhRfEj18MultirotorGeometryffff
                0x08004128       0x58 src/modules/px4iofirmware/CMakeFiles/px4io-v2.dir/__/systemlib/mixer/mixer_multirotor.cpp.obj
                0x08004128                MultirotorMixer::MultirotorMixer(int (*)(unsigned int, unsigned char, unsigned char, float&), unsigned int, MultirotorGeometry, float, float, float, float)
                0x08004128                MultirotorMixer::MultirotorMixer(int (*)(unsigned int, unsigned char, unsigned char, float&), unsigned int, MultirotorGeometry, float, float, float, float)
 .text._ZN15MultirotorMixer9from_textEPFijhhRfEjPKcRj
                0x08004180      0x2ac src/modules/px4iofirmware/CMakeFiles/px4io-v2.dir/__/systemlib/mixer/mixer_multirotor.cpp.obj
                0x08004180                MultirotorMixer::from_text(int (*)(unsigned int, unsigned char, unsigned char, float&), unsigned int, char const*, unsigned int&)
 .text          0x0800442c        0x0 src/modules/px4iofirmware/CMakeFiles/px4io-v2.dir/__/systemlib/mixer/mixer_simple.cpp.obj
 .text._ZN11SimpleMixer15groups_requiredERj
                0x0800442c       0x30 src/modules/px4iofirmware/CMakeFiles/px4io-v2.dir/__/systemlib/mixer/mixer_simple.cpp.obj
                0x0800442c                SimpleMixer::groups_required(unsigned int&)
 .text._ZN11SimpleMixerD2Ev
                0x0800445c       0x18 src/modules/px4iofirmware/CMakeFiles/px4io-v2.dir/__/systemlib/mixer/mixer_simple.cpp.obj
                0x0800445c                SimpleMixer::~SimpleMixer()
                0x0800445c                SimpleMixer::~SimpleMixer()
 .text._ZN11SimpleMixerD0Ev
                0x08004474       0x20 src/modules/px4iofirmware/CMakeFiles/px4io-v2.dir/__/systemlib/mixer/mixer_simple.cpp.obj
                0x08004474                SimpleMixer::~SimpleMixer()
 .text._ZN11SimpleMixer3mixEPfjPt
                0x08004494       0x78 src/modules/px4iofirmware/CMakeFiles/px4io-v2.dir/__/systemlib/mixer/mixer_simple.cpp.obj
                0x08004494                SimpleMixer::mix(float*, unsigned int, unsigned short*)
 .text._ZN11SimpleMixerC2EPFijhhRfEjP14mixer_simple_s
                0x0800450c       0x18 src/modules/px4iofirmware/CMakeFiles/px4io-v2.dir/__/systemlib/mixer/mixer_simple.cpp.obj
                0x0800450c                SimpleMixer::SimpleMixer(int (*)(unsigned int, unsigned char, unsigned char, float&), unsigned int, mixer_simple_s*)
                0x0800450c                SimpleMixer::SimpleMixer(int (*)(unsigned int, unsigned char, unsigned char, float&), unsigned int, mixer_simple_s*)
 .text._ZN11SimpleMixer19parse_output_scalerEPKcRjR14mixer_scaler_s
                0x08004524       0xa8 src/modules/px4iofirmware/CMakeFiles/px4io-v2.dir/__/systemlib/mixer/mixer_simple.cpp.obj
                0x08004524                SimpleMixer::parse_output_scaler(char const*, unsigned int&, mixer_scaler_s&)
 .text._ZN11SimpleMixer20parse_control_scalerEPKcRjR14mixer_scaler_sRhS5_
                0x080045cc       0xb8 src/modules/px4iofirmware/CMakeFiles/px4io-v2.dir/__/systemlib/mixer/mixer_simple.cpp.obj
                0x080045cc                SimpleMixer::parse_control_scaler(char const*, unsigned int&, mixer_scaler_s&, unsigned char&, unsigned char&)
 .text._ZN11SimpleMixer9from_textEPFijhhRfEjPKcRj
                0x08004684       0xb4 src/modules/px4iofirmware/CMakeFiles/px4io-v2.dir/__/systemlib/mixer/mixer_simple.cpp.obj
                0x08004684                SimpleMixer::from_text(int (*)(unsigned int, unsigned char, unsigned char, float&), unsigned int, char const*, unsigned int&)
 .text._ZN11SimpleMixer9pwm_inputEPFijhhRfEjjttt
                0x08004738       0xa4 src/modules/px4iofirmware/CMakeFiles/px4io-v2.dir/__/systemlib/mixer/mixer_simple.cpp.obj
                0x08004738                SimpleMixer::pwm_input(int (*)(unsigned int, unsigned char, unsigned char, float&), unsigned int, unsigned int, unsigned short, unsigned short, unsigned short)
 .text._ZN11SimpleMixer5checkEv
                0x080047dc       0x78 src/modules/px4iofirmware/CMakeFiles/px4io-v2.dir/__/systemlib/mixer/mixer_simple.cpp.obj
                0x080047dc                SimpleMixer::check()
 .text          0x08004854        0x0 src/modules/px4iofirmware/CMakeFiles/px4io-v2.dir/__/systemlib/pwm_limit/pwm_limit.c.obj
 .text.pwm_limit_init
                0x08004854       0x10 src/modules/px4iofirmware/CMakeFiles/px4io-v2.dir/__/systemlib/pwm_limit/pwm_limit.c.obj
                0x08004854                pwm_limit_init
 *fill*         0x08004864        0x4 
 .text.pwm_limit_calc
                0x08004868      0x2ac src/modules/px4iofirmware/CMakeFiles/px4io-v2.dir/__/systemlib/pwm_limit/pwm_limit.c.obj
                0x08004868                pwm_limit_calc
 .text          0x08004b14        0x0 src/modules/px4iofirmware/CMakeFiles/px4io-v2.dir/__/__/lib/rc/st24.c.obj
 .text.st24_common_crc8
                0x08004b14       0x44 src/modules/px4iofirmware/CMakeFiles/px4io-v2.dir/__/__/lib/rc/st24.c.obj
                0x08004b14                st24_common_crc8
 .text.st24_decode
                0x08004b58      0x24c src/modules/px4iofirmware/CMakeFiles/px4io-v2.dir/__/__/lib/rc/st24.c.obj
                0x08004b58                st24_decode
 .text          0x08004da4        0x0 src/modules/px4iofirmware/CMakeFiles/px4io-v2.dir/__/__/lib/rc/sumd.c.obj
 .text.sumd_crc16
                0x08004da4       0x20 src/modules/px4iofirmware/CMakeFiles/px4io-v2.dir/__/__/lib/rc/sumd.c.obj
                0x08004da4                sumd_crc16
 .text.sumd_crc8
                0x08004dc4        0x8 src/modules/px4iofirmware/CMakeFiles/px4io-v2.dir/__/__/lib/rc/sumd.c.obj
                0x08004dc4                sumd_crc8
 .text.sumd_decode
                0x08004dcc      0x4d8 src/modules/px4iofirmware/CMakeFiles/px4io-v2.dir/__/__/lib/rc/sumd.c.obj
                0x08004dcc                sumd_decode
 .text          0x080052a4        0x0 src/modules/px4iofirmware/CMakeFiles/px4io-v2.dir/__/__/lib/rc/sbus.c.obj
 .text.sbus_dropped_frames
                0x080052a4        0xc src/modules/px4iofirmware/CMakeFiles/px4io-v2.dir/__/__/lib/rc/sbus.c.obj
                0x080052a4                sbus_dropped_frames
 .text.sbus_config
                0x080052b0       0x64 src/modules/px4iofirmware/CMakeFiles/px4io-v2.dir/__/__/lib/rc/sbus.c.obj
                0x080052b0                sbus_config
 .text.sbus_init
                0x08005314       0x20 src/modules/px4iofirmware/CMakeFiles/px4io-v2.dir/__/__/lib/rc/sbus.c.obj
                0x08005314                sbus_init
 .text.sbus1_output
                0x08005334      0x12c src/modules/px4iofirmware/CMakeFiles/px4io-v2.dir/__/__/lib/rc/sbus.c.obj
                0x08005334                sbus1_output
 .text.sbus2_output
                0x08005460        0x4 src/modules/px4iofirmware/CMakeFiles/px4io-v2.dir/__/__/lib/rc/sbus.c.obj
                0x08005460                sbus2_output
 .text.sbus_parse
                0x08005464      0x31c src/modules/px4iofirmware/CMakeFiles/px4io-v2.dir/__/__/lib/rc/sbus.c.obj
                0x08005464                sbus_parse
 .text.sbus_input
                0x08005780       0x5c src/modules/px4iofirmware/CMakeFiles/px4io-v2.dir/__/__/lib/rc/sbus.c.obj
                0x08005780                sbus_input
 .text          0x080057dc        0x0 src/modules/px4iofirmware/CMakeFiles/px4io-v2.dir/__/__/lib/rc/dsm.c.obj
 .text.dsm_config
                0x080057dc       0x80 src/modules/px4iofirmware/CMakeFiles/px4io-v2.dir/__/__/lib/rc/dsm.c.obj
                0x080057dc                dsm_config
 .text.dsm_init
                0x0800585c       0x50 src/modules/px4iofirmware/CMakeFiles/px4io-v2.dir/__/__/lib/rc/dsm.c.obj
                0x0800585c                dsm_init
 .text.dsm_bind
                0x080058ac       0xa8 src/modules/px4iofirmware/CMakeFiles/px4io-v2.dir/__/__/lib/rc/dsm.c.obj
                0x080058ac                dsm_bind
 .text.dsm_parse
                0x08005954      0x448 src/modules/px4iofirmware/CMakeFiles/px4io-v2.dir/__/__/lib/rc/dsm.c.obj
                0x08005954                dsm_parse
 .text.dsm_input
                0x08005d9c       0x64 src/modules/px4iofirmware/CMakeFiles/px4io-v2.dir/__/__/lib/rc/dsm.c.obj
                0x08005d9c                dsm_input
 .text          0x08005e00        0x0 src/modules/px4iofirmware/CMakeFiles/px4io-v2.dir/__/__/drivers/stm32/drv_hrt.c.obj
 .text.hrt_absolute_time
                0x08005e00       0x4c src/modules/px4iofirmware/CMakeFiles/px4io-v2.dir/__/__/drivers/stm32/drv_hrt.c.obj
                0x08005e00                hrt_absolute_time
 .text.hrt_call_reschedule
                0x08005e4c       0x58 src/modules/px4iofirmware/CMakeFiles/px4io-v2.dir/__/__/drivers/stm32/drv_hrt.c.obj
 .text.hrt_call_enter
                0x08005ea4       0x50 src/modules/px4iofirmware/CMakeFiles/px4io-v2.dir/__/__/drivers/stm32/drv_hrt.c.obj
 .text.hrt_call_internal
                0x08005ef4       0x4c src/modules/px4iofirmware/CMakeFiles/px4io-v2.dir/__/__/drivers/stm32/drv_hrt.c.obj
 .text.hrt_tim_isr
                0x08005f40      0x21c src/modules/px4iofirmware/CMakeFiles/px4io-v2.dir/__/__/drivers/stm32/drv_hrt.c.obj
 .text.ts_to_abstime
                0x0800615c       0x28 src/modules/px4iofirmware/CMakeFiles/px4io-v2.dir/__/__/drivers/stm32/drv_hrt.c.obj
                0x0800615c                ts_to_abstime
 .text.abstime_to_ts
                0x08006184       0x30 src/modules/px4iofirmware/CMakeFiles/px4io-v2.dir/__/__/drivers/stm32/drv_hrt.c.obj
                0x08006184                abstime_to_ts
 .text.hrt_elapsed_time
                0x080061b4       0x24 src/modules/px4iofirmware/CMakeFiles/px4io-v2.dir/__/__/drivers/stm32/drv_hrt.c.obj
                0x080061b4                hrt_elapsed_time
 .text.hrt_store_absolute_time
                0x080061d8       0x18 src/modules/px4iofirmware/CMakeFiles/px4io-v2.dir/__/__/drivers/stm32/drv_hrt.c.obj
                0x080061d8                hrt_store_absolute_time
 .text.hrt_init
                0x080061f0       0xa8 src/modules/px4iofirmware/CMakeFiles/px4io-v2.dir/__/__/drivers/stm32/drv_hrt.c.obj
                0x080061f0                hrt_init
 .text.hrt_call_after
                0x08006298       0x38 src/modules/px4iofirmware/CMakeFiles/px4io-v2.dir/__/__/drivers/stm32/drv_hrt.c.obj
                0x08006298                hrt_call_after
 .text.hrt_call_at
                0x080062d0       0x1c src/modules/px4iofirmware/CMakeFiles/px4io-v2.dir/__/__/drivers/stm32/drv_hrt.c.obj
                0x080062d0                hrt_call_at
 .text.hrt_call_every
                0x080062ec       0x34 src/modules/px4iofirmware/CMakeFiles/px4io-v2.dir/__/__/drivers/stm32/drv_hrt.c.obj
                0x080062ec                hrt_call_every
 .text.hrt_called
                0x08006320       0x10 src/modules/px4iofirmware/CMakeFiles/px4io-v2.dir/__/__/drivers/stm32/drv_hrt.c.obj
                0x08006320                hrt_called
 .text.hrt_cancel
                0x08006330       0x2c src/modules/px4iofirmware/CMakeFiles/px4io-v2.dir/__/__/drivers/stm32/drv_hrt.c.obj
                0x08006330                hrt_cancel
 .text.hrt_call_init
                0x0800635c        0x8 src/modules/px4iofirmware/CMakeFiles/px4io-v2.dir/__/__/drivers/stm32/drv_hrt.c.obj
                0x0800635c                hrt_call_init
 .text.hrt_call_delay
                0x08006364       0x18 src/modules/px4iofirmware/CMakeFiles/px4io-v2.dir/__/__/drivers/stm32/drv_hrt.c.obj
                0x08006364                hrt_call_delay
 .text          0x0800637c        0x0 src/modules/px4iofirmware/CMakeFiles/px4io-v2.dir/__/__/drivers/stm32/drv_io_timer.c.obj
 .text.io_timer_handler
                0x0800637c       0xcc src/modules/px4iofirmware/CMakeFiles/px4io-v2.dir/__/__/drivers/stm32/drv_io_timer.c.obj
 .text.io_timer_handler0
                0x08006448        0x8 src/modules/px4iofirmware/CMakeFiles/px4io-v2.dir/__/__/drivers/stm32/drv_io_timer.c.obj
                0x08006448                io_timer_handler0
 .text.io_timer_handler1
                0x08006450        0x8 src/modules/px4iofirmware/CMakeFiles/px4io-v2.dir/__/__/drivers/stm32/drv_io_timer.c.obj
                0x08006450                io_timer_handler1
 .text.io_timer_handler2
                0x08006458        0x8 src/modules/px4iofirmware/CMakeFiles/px4io-v2.dir/__/__/drivers/stm32/drv_io_timer.c.obj
                0x08006458                io_timer_handler2
 .text.io_timer_handler3
                0x08006460        0x8 src/modules/px4iofirmware/CMakeFiles/px4io-v2.dir/__/__/drivers/stm32/drv_io_timer.c.obj
                0x08006460                io_timer_handler3
 .text.io_timer_is_channel_free
                0x08006468       0x5c src/modules/px4iofirmware/CMakeFiles/px4io-v2.dir/__/__/drivers/stm32/drv_io_timer.c.obj
                0x08006468                io_timer_is_channel_free
 .text.io_timer_validate_channel_index
                0x080064c4       0x44 src/modules/px4iofirmware/CMakeFiles/px4io-v2.dir/__/__/drivers/stm32/drv_io_timer.c.obj
                0x080064c4                io_timer_validate_channel_index
 .text.io_timer_get_mode_channels
                0x08006508       0x10 src/modules/px4iofirmware/CMakeFiles/px4io-v2.dir/__/__/drivers/stm32/drv_io_timer.c.obj
                0x08006508                io_timer_get_mode_channels
 .text.io_timer_get_channel_mode
                0x08006518       0x24 src/modules/px4iofirmware/CMakeFiles/px4io-v2.dir/__/__/drivers/stm32/drv_io_timer.c.obj
                0x08006518                io_timer_get_channel_mode
 .text.io_timer_set_rate
                0x0800653c       0x58 src/modules/px4iofirmware/CMakeFiles/px4io-v2.dir/__/__/drivers/stm32/drv_io_timer.c.obj
                0x0800653c                io_timer_set_rate
 .text.io_timer_channel_init
                0x08006594      0x224 src/modules/px4iofirmware/CMakeFiles/px4io-v2.dir/__/__/drivers/stm32/drv_io_timer.c.obj
                0x08006594                io_timer_channel_init
 .text.io_timer_set_enable
                0x080067b8      0x1d8 src/modules/px4iofirmware/CMakeFiles/px4io-v2.dir/__/__/drivers/stm32/drv_io_timer.c.obj
                0x080067b8                io_timer_set_enable
 .text.io_timer_free_channel
                0x08006990       0x94 src/modules/px4iofirmware/CMakeFiles/px4io-v2.dir/__/__/drivers/stm32/drv_io_timer.c.obj
                0x08006990                io_timer_free_channel
 .text.io_timer_set_ccr
                0x08006a24       0x78 src/modules/px4iofirmware/CMakeFiles/px4io-v2.dir/__/__/drivers/stm32/drv_io_timer.c.obj
                0x08006a24                io_timer_set_ccr
 .text.io_channel_get_ccr
                0x08006a9c       0x70 src/modules/px4iofirmware/CMakeFiles/px4io-v2.dir/__/__/drivers/stm32/drv_io_timer.c.obj
                0x08006a9c                io_channel_get_ccr
 .text.io_timer_get_group
                0x08006b0c       0x38 src/modules/px4iofirmware/CMakeFiles/px4io-v2.dir/__/__/drivers/stm32/drv_io_timer.c.obj
                0x08006b0c                io_timer_get_group
 .text          0x08006b44        0x0 src/modules/px4iofirmware/CMakeFiles/px4io-v2.dir/__/__/drivers/stm32/drv_pwm_servo.c.obj
 .text.up_pwm_servo_set
                0x08006b44        0x4 src/modules/px4iofirmware/CMakeFiles/px4io-v2.dir/__/__/drivers/stm32/drv_pwm_servo.c.obj
                0x08006b44                up_pwm_servo_set
 .text.up_pwm_servo_get
                0x08006b48        0x4 src/modules/px4iofirmware/CMakeFiles/px4io-v2.dir/__/__/drivers/stm32/drv_pwm_servo.c.obj
                0x08006b48                up_pwm_servo_get
 .text.up_pwm_servo_init
                0x08006b4c       0x78 src/modules/px4iofirmware/CMakeFiles/px4io-v2.dir/__/__/drivers/stm32/drv_pwm_servo.c.obj
                0x08006b4c                up_pwm_servo_init
 .text.up_pwm_servo_deinit
                0x08006bc4        0xc src/modules/px4iofirmware/CMakeFiles/px4io-v2.dir/__/__/drivers/stm32/drv_pwm_servo.c.obj
                0x08006bc4                up_pwm_servo_deinit
 .text.up_pwm_servo_set_rate_group_update
                0x08006bd0       0x30 src/modules/px4iofirmware/CMakeFiles/px4io-v2.dir/__/__/drivers/stm32/drv_pwm_servo.c.obj
                0x08006bd0                up_pwm_servo_set_rate_group_update
 .text.up_pwm_servo_set_rate
                0x08006c00       0x18 src/modules/px4iofirmware/CMakeFiles/px4io-v2.dir/__/__/drivers/stm32/drv_pwm_servo.c.obj
                0x08006c00                up_pwm_servo_set_rate
 .text.up_pwm_servo_get_rate_group
                0x08006c18        0x4 src/modules/px4iofirmware/CMakeFiles/px4io-v2.dir/__/__/drivers/stm32/drv_pwm_servo.c.obj
                0x08006c18                up_pwm_servo_get_rate_group
 .text.up_pwm_servo_arm
                0x08006c1c        0x8 src/modules/px4iofirmware/CMakeFiles/px4io-v2.dir/__/__/drivers/stm32/drv_pwm_servo.c.obj
                0x08006c1c                up_pwm_servo_arm
 .text          0x08006c24        0x0 src/modules/px4iofirmware/CMakeFiles/px4io-v2.dir/__/__/drivers/boards/px4io-v2/px4io_init.c.obj
 .text.stm32_boardinitialize
                0x08006c24      0x110 src/modules/px4iofirmware/CMakeFiles/px4io-v2.dir/__/__/drivers/boards/px4io-v2/px4io_init.c.obj
                0x08006c24                stm32_boardinitialize
 .text          0x08006d34        0x0 src/modules/px4iofirmware/CMakeFiles/px4io-v2.dir/__/__/drivers/boards/px4io-v2/px4io_timer_config.c.obj
 .text          0x08006d34        0x0 src/modules/px4iofirmware/CMakeFiles/px4io-v2.dir/serial.c.obj
 .text.dma_reset
                0x08006d34       0x70 src/modules/px4iofirmware/CMakeFiles/px4io-v2.dir/serial.c.obj
 .text.rx_dma_callback
                0x08006da4      0x15c src/modules/px4iofirmware/CMakeFiles/px4io-v2.dir/serial.c.obj
 .text.serial_interrupt
                0x08006f00       0xe4 src/modules/px4iofirmware/CMakeFiles/px4io-v2.dir/serial.c.obj
 .text.interface_init
                0x08006fe4       0xd0 src/modules/px4iofirmware/CMakeFiles/px4io-v2.dir/serial.c.obj
                0x08006fe4                interface_init
 .text          0x080070b4        0x0 src/modules/px4iofirmware/CMakeFiles/px4io-v2.dir/__/systemlib/hx_stream.c.obj
 .text.hx_stream_init
                0x080070b4       0x1c src/modules/px4iofirmware/CMakeFiles/px4io-v2.dir/__/systemlib/hx_stream.c.obj
                0x080070b4                hx_stream_init
 .text.hx_stream_free
                0x080070d0       0x20 src/modules/px4iofirmware/CMakeFiles/px4io-v2.dir/__/systemlib/hx_stream.c.obj
                0x080070d0                hx_stream_free
 .text.hx_stream_set_counters
                0x080070f0        0x8 src/modules/px4iofirmware/CMakeFiles/px4io-v2.dir/__/systemlib/hx_stream.c.obj
                0x080070f0                hx_stream_set_counters
 .text.hx_stream_reset
                0x080070f8       0x14 src/modules/px4iofirmware/CMakeFiles/px4io-v2.dir/__/systemlib/hx_stream.c.obj
                0x080070f8                hx_stream_reset
 .text.hx_stream_start
                0x0800710c       0x2c src/modules/px4iofirmware/CMakeFiles/px4io-v2.dir/__/systemlib/hx_stream.c.obj
                0x0800710c                hx_stream_start
 .text.hx_stream_send_next
                0x08007138       0x7c src/modules/px4iofirmware/CMakeFiles/px4io-v2.dir/__/systemlib/hx_stream.c.obj
                0x08007138                hx_stream_send_next
 .text.hx_stream_send
                0x080071b4       0x6c src/modules/px4iofirmware/CMakeFiles/px4io-v2.dir/__/systemlib/hx_stream.c.obj
                0x080071b4                hx_stream_send
 .text.hx_stream_rx
                0x08007220       0x90 src/modules/px4iofirmware/CMakeFiles/px4io-v2.dir/__/systemlib/hx_stream.c.obj
                0x08007220                hx_stream_rx
 .text          0x080072b0        0x0 /home/dexheimere/Firmware/build_px4fmu-v2_lpe/px4io-v2/NuttX/nuttx-export/libs/libnuttx.a(sched-irq_attach.o)
 .text.irq_attach
                0x080072b0       0x38 /home/dexheimere/Firmware/build_px4fmu-v2_lpe/px4io-v2/NuttX/nuttx-export/libs/libnuttx.a(sched-irq_attach.o)
                0x080072b0                irq_attach
 .text          0x080072e8        0x0 /home/dexheimere/Firmware/build_px4fmu-v2_lpe/px4io-v2/NuttX/nuttx-export/libs/libnuttx.a(sched-irq_initialize.o)
 .text.irq_initialize
                0x080072e8       0x1c /home/dexheimere/Firmware/build_px4fmu-v2_lpe/px4io-v2/NuttX/nuttx-export/libs/libnuttx.a(sched-irq_initialize.o)
                0x080072e8                irq_initialize
 .text          0x08007304        0x0 /home/dexheimere/Firmware/build_px4fmu-v2_lpe/px4io-v2/NuttX/nuttx-export/libs/libnuttx.a(sched-irq_unexpectedisr.o)
 .text.irq_unexpected_isr
                0x08007304       0x14 /home/dexheimere/Firmware/build_px4fmu-v2_lpe/px4io-v2/NuttX/nuttx-export/libs/libnuttx.a(sched-irq_unexpectedisr.o)
                0x08007304                irq_unexpected_isr
 .text          0x08007318        0x0 /home/dexheimere/Firmware/build_px4fmu-v2_lpe/px4io-v2/NuttX/nuttx-export/libs/libnuttx.a(c-lib_abort.o)
 .text.abort    0x08007318        0x8 /home/dexheimere/Firmware/build_px4fmu-v2_lpe/px4io-v2/NuttX/nuttx-export/libs/libnuttx.a(c-lib_abort.o)
                0x08007318                abort
 .text          0x08007320        0x0 /home/dexheimere/Firmware/build_px4fmu-v2_lpe/px4io-v2/NuttX/nuttx-export/libs/libnuttx.a(c-lib_cfsetspeed.o)
 .text.cfsetspeed
                0x08007320        0x6 /home/dexheimere/Firmware/build_px4fmu-v2_lpe/px4io-v2/NuttX/nuttx-export/libs/libnuttx.a(c-lib_cfsetspeed.o)
                0x08007320                cfsetspeed
 .text          0x08007326        0x0 /home/dexheimere/Firmware/build_px4fmu-v2_lpe/px4io-v2/NuttX/nuttx-export/libs/libnuttx.a(c-lib_crc32.o)
 *fill*         0x08007326        0x2 
 .text.crc32part
                0x08007328       0x24 /home/dexheimere/Firmware/build_px4fmu-v2_lpe/px4io-v2/NuttX/nuttx-export/libs/libnuttx.a(c-lib_crc32.o)
                0x08007328                crc32part
 .text.crc32    0x0800734c        0x6 /home/dexheimere/Firmware/build_px4fmu-v2_lpe/px4io-v2/NuttX/nuttx-export/libs/libnuttx.a(c-lib_crc32.o)
                0x0800734c                crc32
 .text          0x08007352        0x0 /home/dexheimere/Firmware/build_px4fmu-v2_lpe/px4io-v2/NuttX/nuttx-export/libs/libnuttx.a(c-lib_dprintf.o)
 .text.dprintf  0x08007352       0x1a /home/dexheimere/Firmware/build_px4fmu-v2_lpe/px4io-v2/NuttX/nuttx-export/libs/libnuttx.a(c-lib_dprintf.o)
                0x08007352                dprintf
 .text          0x0800736c        0x0 /home/dexheimere/Firmware/build_px4fmu-v2_lpe/px4io-v2/NuttX/nuttx-export/libs/libnuttx.a(c-lib_lowsyslog.o)
 .text.lowvsyslog
                0x0800736c       0x1a /home/dexheimere/Firmware/build_px4fmu-v2_lpe/px4io-v2/NuttX/nuttx-export/libs/libnuttx.a(c-lib_lowsyslog.o)
                0x0800736c                lowvsyslog
 .text.lowsyslog
                0x08007386       0x1a /home/dexheimere/Firmware/build_px4fmu-v2_lpe/px4io-v2/NuttX/nuttx-export/libs/libnuttx.a(c-lib_lowsyslog.o)
                0x08007386                lowsyslog
 .text          0x080073a0        0x0 /home/dexheimere/Firmware/build_px4fmu-v2_lpe/px4io-v2/NuttX/nuttx-export/libs/libnuttx.a(c-lib_memchr.o)
 .text.memchr   0x080073a0       0x1c /home/dexheimere/Firmware/build_px4fmu-v2_lpe/px4io-v2/NuttX/nuttx-export/libs/libnuttx.a(c-lib_memchr.o)
                0x080073a0                memchr
 .text          0x080073bc        0x0 /home/dexheimere/Firmware/build_px4fmu-v2_lpe/px4io-v2/NuttX/nuttx-export/libs/libnuttx.a(c-lib_memcpy.o)
 .text.memcpy   0x080073bc       0x16 /home/dexheimere/Firmware/build_px4fmu-v2_lpe/px4io-v2/NuttX/nuttx-export/libs/libnuttx.a(c-lib_memcpy.o)
                0x080073bc                memcpy
 .text          0x080073d2        0x0 /home/dexheimere/Firmware/build_px4fmu-v2_lpe/px4io-v2/NuttX/nuttx-export/libs/libnuttx.a(c-lib_memset.o)
 .text.memset   0x080073d2       0x10 /home/dexheimere/Firmware/build_px4fmu-v2_lpe/px4io-v2/NuttX/nuttx-export/libs/libnuttx.a(c-lib_memset.o)
                0x080073d2                memset
 .text          0x080073e2        0x0 /home/dexheimere/Firmware/build_px4fmu-v2_lpe/px4io-v2/NuttX/nuttx-export/libs/libnuttx.a(c-lib_printf.o)
 .text.printf   0x080073e2       0x1a /home/dexheimere/Firmware/build_px4fmu-v2_lpe/px4io-v2/NuttX/nuttx-export/libs/libnuttx.a(c-lib_printf.o)
                0x080073e2                printf
 .text          0x080073fc        0x0 /home/dexheimere/Firmware/build_px4fmu-v2_lpe/px4io-v2/NuttX/nuttx-export/libs/libnuttx.a(c-lib_sscanf.o)
 .text.findwidth
                0x080073fc       0x34 /home/dexheimere/Firmware/build_px4fmu-v2_lpe/px4io-v2/NuttX/nuttx-export/libs/libnuttx.a(c-lib_sscanf.o)
 .text.vsscanf  0x08007430      0x304 /home/dexheimere/Firmware/build_px4fmu-v2_lpe/px4io-v2/NuttX/nuttx-export/libs/libnuttx.a(c-lib_sscanf.o)
                0x08007430                vsscanf
 .text.sscanf   0x08007734       0x1a /home/dexheimere/Firmware/build_px4fmu-v2_lpe/px4io-v2/NuttX/nuttx-export/libs/libnuttx.a(c-lib_sscanf.o)
                0x08007734                sscanf
 .text          0x0800774e        0x0 /home/dexheimere/Firmware/build_px4fmu-v2_lpe/px4io-v2/NuttX/nuttx-export/libs/libnuttx.a(c-lib_strchr.o)
 .text.strchr   0x0800774e       0x16 /home/dexheimere/Firmware/build_px4fmu-v2_lpe/px4io-v2/NuttX/nuttx-export/libs/libnuttx.a(c-lib_strchr.o)
                0x0800774e                strchr
 .text          0x08007764        0x0 /home/dexheimere/Firmware/build_px4fmu-v2_lpe/px4io-v2/NuttX/nuttx-export/libs/libnuttx.a(c-lib_strcmp.o)
 .text.strcmp   0x08007764       0x16 /home/dexheimere/Firmware/build_px4fmu-v2_lpe/px4io-v2/NuttX/nuttx-export/libs/libnuttx.a(c-lib_strcmp.o)
                0x08007764                strcmp
 .text          0x0800777a        0x0 /home/dexheimere/Firmware/build_px4fmu-v2_lpe/px4io-v2/NuttX/nuttx-export/libs/libnuttx.a(c-lib_strcspn.o)
 .text.strcspn  0x0800777a       0x1e /home/dexheimere/Firmware/build_px4fmu-v2_lpe/px4io-v2/NuttX/nuttx-export/libs/libnuttx.a(c-lib_strcspn.o)
                0x0800777a                strcspn
 .text          0x08007798        0x0 /home/dexheimere/Firmware/build_px4fmu-v2_lpe/px4io-v2/NuttX/nuttx-export/libs/libnuttx.a(c-lib_strncpy.o)
 .text.strncpy  0x08007798       0x22 /home/dexheimere/Firmware/build_px4fmu-v2_lpe/px4io-v2/NuttX/nuttx-export/libs/libnuttx.a(c-lib_strncpy.o)
                0x08007798                strncpy
 .text          0x080077ba        0x0 /home/dexheimere/Firmware/build_px4fmu-v2_lpe/px4io-v2/NuttX/nuttx-export/libs/libnuttx.a(c-lib_strtol.o)
 .text.strtol   0x080077ba       0x3c /home/dexheimere/Firmware/build_px4fmu-v2_lpe/px4io-v2/NuttX/nuttx-export/libs/libnuttx.a(c-lib_strtol.o)
                0x080077ba                strtol
 .text          0x080077f6        0x0 /home/dexheimere/Firmware/build_px4fmu-v2_lpe/px4io-v2/NuttX/nuttx-export/libs/libnuttx.a(c-lib_strtoul.o)
 .text.strtoul  0x080077f6       0x48 /home/dexheimere/Firmware/build_px4fmu-v2_lpe/px4io-v2/NuttX/nuttx-export/libs/libnuttx.a(c-lib_strtoul.o)
                0x080077f6                strtoul
 .text          0x0800783e        0x0 /home/dexheimere/Firmware/build_px4fmu-v2_lpe/px4io-v2/NuttX/nuttx-export/libs/libnuttx.a(c-lib_syslog.o)
 .text.vsyslog  0x0800783e       0x1e /home/dexheimere/Firmware/build_px4fmu-v2_lpe/px4io-v2/NuttX/nuttx-export/libs/libnuttx.a(c-lib_syslog.o)
                0x0800783e                vsyslog
 .text.syslog   0x0800785c       0x1a /home/dexheimere/Firmware/build_px4fmu-v2_lpe/px4io-v2/NuttX/nuttx-export/libs/libnuttx.a(c-lib_syslog.o)
                0x0800785c                syslog
 .text          0x08007876        0x0 /home/dexheimere/Firmware/build_px4fmu-v2_lpe/px4io-v2/NuttX/nuttx-export/libs/libnuttx.a(c-lib_tcgetattr.o)
 .text.tcgetattr
                0x08007876        0xa /home/dexheimere/Firmware/build_px4fmu-v2_lpe/px4io-v2/NuttX/nuttx-export/libs/libnuttx.a(c-lib_tcgetattr.o)
                0x08007876                tcgetattr
 .text          0x08007880        0x0 /home/dexheimere/Firmware/build_px4fmu-v2_lpe/px4io-v2/NuttX/nuttx-export/libs/libnuttx.a(c-lib_tcsetattr.o)
 .text.tcsetattr
                0x08007880       0x10 /home/dexheimere/Firmware/build_px4fmu-v2_lpe/px4io-v2/NuttX/nuttx-export/libs/libnuttx.a(c-lib_tcsetattr.o)
                0x08007880                tcsetattr
 .text          0x08007890        0x0 /home/dexheimere/Firmware/build_px4fmu-v2_lpe/px4io-v2/NuttX/nuttx-export/libs/libnuttx.a(c-lib_vdprintf.o)
 .text.vdprintf
                0x08007890       0x1e /home/dexheimere/Firmware/build_px4fmu-v2_lpe/px4io-v2/NuttX/nuttx-export/libs/libnuttx.a(c-lib_vdprintf.o)
                0x08007890                vdprintf
 .text          0x080078ae        0x0 /home/dexheimere/Firmware/build_px4fmu-v2_lpe/px4io-v2/NuttX/nuttx-export/libs/libnuttx.a(c-lib_vsnprintf.o)
 .text.vsnprintf
                0x080078ae       0x20 /home/dexheimere/Firmware/build_px4fmu-v2_lpe/px4io-v2/NuttX/nuttx-export/libs/libnuttx.a(c-lib_vsnprintf.o)
                0x080078ae                vsnprintf
 .text          0x080078ce        0x0 /home/dexheimere/Firmware/build_px4fmu-v2_lpe/px4io-v2/NuttX/nuttx-export/libs/libnuttx.a(c-sq_addafter.o)
 .text.sq_addafter
                0x080078ce       0x1c /home/dexheimere/Firmware/build_px4fmu-v2_lpe/px4io-v2/NuttX/nuttx-export/libs/libnuttx.a(c-sq_addafter.o)
                0x080078ce                sq_addafter
 .text          0x080078ea        0x0 /home/dexheimere/Firmware/build_px4fmu-v2_lpe/px4io-v2/NuttX/nuttx-export/libs/libnuttx.a(c-sq_addfirst.o)
 .text.sq_addfirst
                0x080078ea        0xe /home/dexheimere/Firmware/build_px4fmu-v2_lpe/px4io-v2/NuttX/nuttx-export/libs/libnuttx.a(c-sq_addfirst.o)
                0x080078ea                sq_addfirst
 .text          0x080078f8        0x0 /home/dexheimere/Firmware/build_px4fmu-v2_lpe/px4io-v2/NuttX/nuttx-export/libs/libnuttx.a(c-sq_addlast.o)
 .text.sq_addlast
                0x080078f8       0x14 /home/dexheimere/Firmware/build_px4fmu-v2_lpe/px4io-v2/NuttX/nuttx-export/libs/libnuttx.a(c-sq_addlast.o)
                0x080078f8                sq_addlast
 .text          0x0800790c        0x0 /home/dexheimere/Firmware/build_px4fmu-v2_lpe/px4io-v2/NuttX/nuttx-export/libs/libnuttx.a(c-sq_rem.o)
 .text.sq_rem   0x0800790c       0x2c /home/dexheimere/Firmware/build_px4fmu-v2_lpe/px4io-v2/NuttX/nuttx-export/libs/libnuttx.a(c-sq_rem.o)
                0x0800790c                sq_rem
 .text          0x08007938        0x0 /home/dexheimere/Firmware/build_px4fmu-v2_lpe/px4io-v2/NuttX/nuttx-export/libs/libnuttx.a(mm-mm_calloc.o)
 .text.calloc   0x08007938        0xe /home/dexheimere/Firmware/build_px4fmu-v2_lpe/px4io-v2/NuttX/nuttx-export/libs/libnuttx.a(mm-mm_calloc.o)
                0x08007938                calloc
 .text          0x08007946        0x0 /home/dexheimere/Firmware/build_px4fmu-v2_lpe/px4io-v2/NuttX/nuttx-export/libs/libnuttx.a(mm-mm_free.o)
 *fill*         0x08007946        0x2 
 .text.free     0x08007948       0xa8 /home/dexheimere/Firmware/build_px4fmu-v2_lpe/px4io-v2/NuttX/nuttx-export/libs/libnuttx.a(mm-mm_free.o)
                0x08007948                free
 .text          0x080079f0        0x0 /home/dexheimere/Firmware/build_px4fmu-v2_lpe/px4io-v2/NuttX/nuttx-export/libs/libnuttx.a(mm-mm_mallinfo.o)
 .text.mallinfo
                0x080079f0       0x5c /home/dexheimere/Firmware/build_px4fmu-v2_lpe/px4io-v2/NuttX/nuttx-export/libs/libnuttx.a(mm-mm_mallinfo.o)
                0x080079f0                mallinfo
 .text          0x08007a4c        0x0 /home/dexheimere/Firmware/build_px4fmu-v2_lpe/px4io-v2/NuttX/nuttx-export/libs/libnuttx.a(mm-mm_malloc.o)
 .text.malloc   0x08007a4c       0x94 /home/dexheimere/Firmware/build_px4fmu-v2_lpe/px4io-v2/NuttX/nuttx-export/libs/libnuttx.a(mm-mm_malloc.o)
                0x08007a4c                malloc
 .text          0x08007ae0        0x0 /home/dexheimere/Firmware/build_px4fmu-v2_lpe/px4io-v2/NuttX/nuttx-export/libs/libnuttx.a(mm-mm_sem.o)
 .text.mm_seminitialize
                0x08007ae0       0x18 /home/dexheimere/Firmware/build_px4fmu-v2_lpe/px4io-v2/NuttX/nuttx-export/libs/libnuttx.a(mm-mm_sem.o)
                0x08007ae0                mm_seminitialize
 .text.mm_trysemaphore
                0x08007af8       0x32 /home/dexheimere/Firmware/build_px4fmu-v2_lpe/px4io-v2/NuttX/nuttx-export/libs/libnuttx.a(mm-mm_sem.o)
                0x08007af8                mm_trysemaphore
 *fill*         0x08007b2a        0x2 
 .text.mm_takesemaphore
                0x08007b2c       0x40 /home/dexheimere/Firmware/build_px4fmu-v2_lpe/px4io-v2/NuttX/nuttx-export/libs/libnuttx.a(mm-mm_sem.o)
                0x08007b2c                mm_takesemaphore
 .text.mm_givesemaphore
                0x08007b6c       0x2c /home/dexheimere/Firmware/build_px4fmu-v2_lpe/px4io-v2/NuttX/nuttx-export/libs/libnuttx.a(mm-mm_sem.o)
                0x08007b6c                mm_givesemaphore
 .text          0x08007b98        0x0 /home/dexheimere/Firmware/build_px4fmu-v2_lpe/px4io-v2/NuttX/nuttx-export/libs/libnuttx.a(mm-mm_size2ndx.o)
 .text.mm_size2ndx
                0x08007b98       0x1a /home/dexheimere/Firmware/build_px4fmu-v2_lpe/px4io-v2/NuttX/nuttx-export/libs/libnuttx.a(mm-mm_size2ndx.o)
                0x08007b98                mm_size2ndx
 .text          0x08007bb2        0x0 /home/dexheimere/Firmware/build_px4fmu-v2_lpe/px4io-v2/NuttX/nuttx-export/libs/libnuttx.a(mm-mm_user.o)
 *fill*         0x08007bb2        0x2 
 .text.umm_initialize
                0x08007bb4       0x10 /home/dexheimere/Firmware/build_px4fmu-v2_lpe/px4io-v2/NuttX/nuttx-export/libs/libnuttx.a(mm-mm_user.o)
                0x08007bb4                umm_initialize
 .text.umm_addregion
                0x08007bc4       0x10 /home/dexheimere/Firmware/build_px4fmu-v2_lpe/px4io-v2/NuttX/nuttx-export/libs/libnuttx.a(mm-mm_user.o)
                0x08007bc4                umm_addregion
 .text.umm_trysemaphore
                0x08007bd4        0xc /home/dexheimere/Firmware/build_px4fmu-v2_lpe/px4io-v2/NuttX/nuttx-export/libs/libnuttx.a(mm-mm_user.o)
                0x08007bd4                umm_trysemaphore
 .text.umm_givesemaphore
                0x08007be0        0xc /home/dexheimere/Firmware/build_px4fmu-v2_lpe/px4io-v2/NuttX/nuttx-export/libs/libnuttx.a(mm-mm_user.o)
                0x08007be0                umm_givesemaphore
 .text          0x08007bec        0x0 /home/dexheimere/Firmware/build_px4fmu-v2_lpe/px4io-v2/NuttX/nuttx-export/libs/libnuttx.a(mm-mm_zalloc.o)
 .text.zalloc   0x08007bec       0x18 /home/dexheimere/Firmware/build_px4fmu-v2_lpe/px4io-v2/NuttX/nuttx-export/libs/libnuttx.a(mm-mm_zalloc.o)
                0x08007bec                zalloc
 .text          0x08007c04        0x0 /home/dexheimere/Firmware/build_px4fmu-v2_lpe/px4io-v2/NuttX/nuttx-export/libs/libnuttx.a(arch-stm32_dma.o)
 .text.stm32_dmachandisable
                0x08007c04       0x22 /home/dexheimere/Firmware/build_px4fmu-v2_lpe/px4io-v2/NuttX/nuttx-export/libs/libnuttx.a(arch-stm32_dma.o)
 *fill*         0x08007c26        0x2 
 .text.stm32_dmainterrupt
                0x08007c28       0x54 /home/dexheimere/Firmware/build_px4fmu-v2_lpe/px4io-v2/NuttX/nuttx-export/libs/libnuttx.a(arch-stm32_dma.o)
 .text.up_dmainitialize
                0x08007c7c       0x3c /home/dexheimere/Firmware/build_px4fmu-v2_lpe/px4io-v2/NuttX/nuttx-export/libs/libnuttx.a(arch-stm32_dma.o)
                0x08007c7c                up_dmainitialize
 .text.stm32_dmachannel
                0x08007cb8       0x30 /home/dexheimere/Firmware/build_px4fmu-v2_lpe/px4io-v2/NuttX/nuttx-export/libs/libnuttx.a(arch-stm32_dma.o)
                0x08007cb8                stm32_dmachannel
 .text.stm32_dmafree
                0x08007ce8        0x6 /home/dexheimere/Firmware/build_px4fmu-v2_lpe/px4io-v2/NuttX/nuttx-export/libs/libnuttx.a(arch-stm32_dma.o)
                0x08007ce8                stm32_dmafree
 .text.stm32_dmasetup
                0x08007cee       0x2a /home/dexheimere/Firmware/build_px4fmu-v2_lpe/px4io-v2/NuttX/nuttx-export/libs/libnuttx.a(arch-stm32_dma.o)
                0x08007cee                stm32_dmasetup
 .text.stm32_dmastart
                0x08007d18       0x28 /home/dexheimere/Firmware/build_px4fmu-v2_lpe/px4io-v2/NuttX/nuttx-export/libs/libnuttx.a(arch-stm32_dma.o)
                0x08007d18                stm32_dmastart
 .text.stm32_dmastop
                0x08007d40        0x4 /home/dexheimere/Firmware/build_px4fmu-v2_lpe/px4io-v2/NuttX/nuttx-export/libs/libnuttx.a(arch-stm32_dma.o)
                0x08007d40                stm32_dmastop
 .text.stm32_dmaresidual
                0x08007d44        0x6 /home/dexheimere/Firmware/build_px4fmu-v2_lpe/px4io-v2/NuttX/nuttx-export/libs/libnuttx.a(arch-stm32_dma.o)
                0x08007d44                stm32_dmaresidual
 .text          0x08007d4a        0x0 /home/dexheimere/Firmware/build_px4fmu-v2_lpe/px4io-v2/NuttX/nuttx-export/libs/libnuttx.a(arch-stm32_gpio.o)
 *fill*         0x08007d4a        0x2 
 .text.stm32_gpioinit
                0x08007d4c       0x10 /home/dexheimere/Firmware/build_px4fmu-v2_lpe/px4io-v2/NuttX/nuttx-export/libs/libnuttx.a(arch-stm32_gpio.o)
                0x08007d4c                stm32_gpioinit
 .text.stm32_configgpio
                0x08007d5c       0xd0 /home/dexheimere/Firmware/build_px4fmu-v2_lpe/px4io-v2/NuttX/nuttx-export/libs/libnuttx.a(arch-stm32_gpio.o)
                0x08007d5c                stm32_configgpio
 .text.stm32_unconfiggpio
                0x08007e2c        0xc /home/dexheimere/Firmware/build_px4fmu-v2_lpe/px4io-v2/NuttX/nuttx-export/libs/libnuttx.a(arch-stm32_gpio.o)
                0x08007e2c                stm32_unconfiggpio
 .text.stm32_gpiowrite
                0x08007e38       0x2c /home/dexheimere/Firmware/build_px4fmu-v2_lpe/px4io-v2/NuttX/nuttx-export/libs/libnuttx.a(arch-stm32_gpio.o)
                0x08007e38                stm32_gpiowrite
 .text.stm32_gpioread
                0x08007e64       0x2c /home/dexheimere/Firmware/build_px4fmu-v2_lpe/px4io-v2/NuttX/nuttx-export/libs/libnuttx.a(arch-stm32_gpio.o)
                0x08007e64                stm32_gpioread
 .text          0x08007e90        0x0 /home/dexheimere/Firmware/build_px4fmu-v2_lpe/px4io-v2/NuttX/nuttx-export/libs/libnuttx.a(arch-stm32_irq.o)
 .text.stm32_irqinfo
                0x08007e90       0x6c /home/dexheimere/Firmware/build_px4fmu-v2_lpe/px4io-v2/NuttX/nuttx-export/libs/libnuttx.a(arch-stm32_irq.o)
 .text.up_irqinitialize
                0x08007efc       0x64 /home/dexheimere/Firmware/build_px4fmu-v2_lpe/px4io-v2/NuttX/nuttx-export/libs/libnuttx.a(arch-stm32_irq.o)
                0x08007efc                up_irqinitialize
 .text.up_disable_irq
                0x08007f60       0x1e /home/dexheimere/Firmware/build_px4fmu-v2_lpe/px4io-v2/NuttX/nuttx-export/libs/libnuttx.a(arch-stm32_irq.o)
                0x08007f60                up_disable_irq
 .text.up_enable_irq
                0x08007f7e       0x1c /home/dexheimere/Firmware/build_px4fmu-v2_lpe/px4io-v2/NuttX/nuttx-export/libs/libnuttx.a(arch-stm32_irq.o)
                0x08007f7e                up_enable_irq
 .text.up_maskack_irq
                0x08007f9a        0x4 /home/dexheimere/Firmware/build_px4fmu-v2_lpe/px4io-v2/NuttX/nuttx-export/libs/libnuttx.a(arch-stm32_irq.o)
                0x08007f9a                up_maskack_irq
 .text          0x08007f9e        0x0 /home/dexheimere/Firmware/build_px4fmu-v2_lpe/px4io-v2/NuttX/nuttx-export/libs/libnuttx.a(arch-stm32_serial.o)
 .text.up_restoreusartint
                0x08007f9e       0x26 /home/dexheimere/Firmware/build_px4fmu-v2_lpe/px4io-v2/NuttX/nuttx-export/libs/libnuttx.a(arch-stm32_serial.o)
 .text.up_set_format
                0x08007fc4       0x72 /home/dexheimere/Firmware/build_px4fmu-v2_lpe/px4io-v2/NuttX/nuttx-export/libs/libnuttx.a(arch-stm32_serial.o)
 .text.up_shutdown
                0x08008036       0x1c /home/dexheimere/Firmware/build_px4fmu-v2_lpe/px4io-v2/NuttX/nuttx-export/libs/libnuttx.a(arch-stm32_serial.o)
 .text.up_receive
                0x08008052       0x16 /home/dexheimere/Firmware/build_px4fmu-v2_lpe/px4io-v2/NuttX/nuttx-export/libs/libnuttx.a(arch-stm32_serial.o)
 .text.up_rxint
                0x08008068       0x2c /home/dexheimere/Firmware/build_px4fmu-v2_lpe/px4io-v2/NuttX/nuttx-export/libs/libnuttx.a(arch-stm32_serial.o)
 .text.up_rxavailable
                0x08008094        0xc /home/dexheimere/Firmware/build_px4fmu-v2_lpe/px4io-v2/NuttX/nuttx-export/libs/libnuttx.a(arch-stm32_serial.o)
 .text.up_dma_rxint
                0x080080a0        0x8 /home/dexheimere/Firmware/build_px4fmu-v2_lpe/px4io-v2/NuttX/nuttx-export/libs/libnuttx.a(arch-stm32_serial.o)
 .text.up_send  0x080080a8        0x8 /home/dexheimere/Firmware/build_px4fmu-v2_lpe/px4io-v2/NuttX/nuttx-export/libs/libnuttx.a(arch-stm32_serial.o)
 .text.up_txready
                0x080080b0        0xc /home/dexheimere/Firmware/build_px4fmu-v2_lpe/px4io-v2/NuttX/nuttx-export/libs/libnuttx.a(arch-stm32_serial.o)
 .text.up_txint
                0x080080bc       0x38 /home/dexheimere/Firmware/build_px4fmu-v2_lpe/px4io-v2/NuttX/nuttx-export/libs/libnuttx.a(arch-stm32_serial.o)
 .text.up_interrupt_common
                0x080080f4       0x4e /home/dexheimere/Firmware/build_px4fmu-v2_lpe/px4io-v2/NuttX/nuttx-export/libs/libnuttx.a(arch-stm32_serial.o)
 *fill*         0x08008142        0x2 
 .text.up_interrupt_usart3
                0x08008144        0xc /home/dexheimere/Firmware/build_px4fmu-v2_lpe/px4io-v2/NuttX/nuttx-export/libs/libnuttx.a(arch-stm32_serial.o)
 .text.up_interrupt_usart2
                0x08008150        0xc /home/dexheimere/Firmware/build_px4fmu-v2_lpe/px4io-v2/NuttX/nuttx-export/libs/libnuttx.a(arch-stm32_serial.o)
 .text.up_interrupt_usart1
                0x0800815c        0xc /home/dexheimere/Firmware/build_px4fmu-v2_lpe/px4io-v2/NuttX/nuttx-export/libs/libnuttx.a(arch-stm32_serial.o)
 .text.up_dma_receive
                0x08008168       0x28 /home/dexheimere/Firmware/build_px4fmu-v2_lpe/px4io-v2/NuttX/nuttx-export/libs/libnuttx.a(arch-stm32_serial.o)
 .text.up_ioctl
                0x08008190       0xa0 /home/dexheimere/Firmware/build_px4fmu-v2_lpe/px4io-v2/NuttX/nuttx-export/libs/libnuttx.a(arch-stm32_serial.o)
 .text.up_detach
                0x08008230       0x1a /home/dexheimere/Firmware/build_px4fmu-v2_lpe/px4io-v2/NuttX/nuttx-export/libs/libnuttx.a(arch-stm32_serial.o)
 .text.up_attach
                0x0800824a       0x1e /home/dexheimere/Firmware/build_px4fmu-v2_lpe/px4io-v2/NuttX/nuttx-export/libs/libnuttx.a(arch-stm32_serial.o)
 .text.up_dma_shutdown
                0x08008268       0x1a /home/dexheimere/Firmware/build_px4fmu-v2_lpe/px4io-v2/NuttX/nuttx-export/libs/libnuttx.a(arch-stm32_serial.o)
 .text.up_setup
                0x08008282       0x58 /home/dexheimere/Firmware/build_px4fmu-v2_lpe/px4io-v2/NuttX/nuttx-export/libs/libnuttx.a(arch-stm32_serial.o)
 *fill*         0x080082da        0x2 
 .text.up_dma_setup
                0x080082dc       0x50 /home/dexheimere/Firmware/build_px4fmu-v2_lpe/px4io-v2/NuttX/nuttx-export/libs/libnuttx.a(arch-stm32_serial.o)
 .text.up_dma_rxavailable
                0x0800832c       0x18 /home/dexheimere/Firmware/build_px4fmu-v2_lpe/px4io-v2/NuttX/nuttx-export/libs/libnuttx.a(arch-stm32_serial.o)
 .text.up_dma_rxcallback
                0x08008344       0x1e /home/dexheimere/Firmware/build_px4fmu-v2_lpe/px4io-v2/NuttX/nuttx-export/libs/libnuttx.a(arch-stm32_serial.o)
 *fill*         0x08008362        0x2 
 .text.up_earlyserialinit
                0x08008364       0x34 /home/dexheimere/Firmware/build_px4fmu-v2_lpe/px4io-v2/NuttX/nuttx-export/libs/libnuttx.a(arch-stm32_serial.o)
                0x08008364                up_earlyserialinit
 .text.up_serialinit
                0x08008398       0x60 /home/dexheimere/Firmware/build_px4fmu-v2_lpe/px4io-v2/NuttX/nuttx-export/libs/libnuttx.a(arch-stm32_serial.o)
                0x08008398                up_serialinit
 .text.stm32_serial_dma_poll
                0x080083f8       0x34 /home/dexheimere/Firmware/build_px4fmu-v2_lpe/px4io-v2/NuttX/nuttx-export/libs/libnuttx.a(arch-stm32_serial.o)
                0x080083f8                stm32_serial_dma_poll
 .text.up_putc  0x0800842c       0x3c /home/dexheimere/Firmware/build_px4fmu-v2_lpe/px4io-v2/NuttX/nuttx-export/libs/libnuttx.a(arch-stm32_serial.o)
                0x0800842c                up_putc
 .text          0x08008468        0x0 /home/dexheimere/Firmware/build_px4fmu-v2_lpe/px4io-v2/NuttX/nuttx-export/libs/libnuttx.a(arch-stm32_start.o)
 .text.__start  0x08008468       0x54 /home/dexheimere/Firmware/build_px4fmu-v2_lpe/px4io-v2/NuttX/nuttx-export/libs/libnuttx.a(arch-stm32_start.o)
                0x08008468                __start
 .text          0x080084bc        0x0 /home/dexheimere/Firmware/build_px4fmu-v2_lpe/px4io-v2/NuttX/nuttx-export/libs/libnuttx.a(arch-up_assert.o)
 .text.up_assert
                0x080084bc      0x140 /home/dexheimere/Firmware/build_px4fmu-v2_lpe/px4io-v2/NuttX/nuttx-export/libs/libnuttx.a(arch-up_assert.o)
                0x080084bc                up_assert
 .text          0x080085fc        0x0 /home/dexheimere/Firmware/build_px4fmu-v2_lpe/px4io-v2/NuttX/nuttx-export/libs/libnuttx.a(arch-up_hardfault.o)
 .text.up_hardfault
                0x080085fc       0x40 /home/dexheimere/Firmware/build_px4fmu-v2_lpe/px4io-v2/NuttX/nuttx-export/libs/libnuttx.a(arch-up_hardfault.o)
                0x080085fc                up_hardfault
 .text          0x0800863c        0x0 /home/dexheimere/Firmware/build_px4fmu-v2_lpe/px4io-v2/NuttX/nuttx-export/libs/libnuttx.a(arch-up_modifyreg32.o)
 .text.modifyreg32
                0x0800863c       0x1c /home/dexheimere/Firmware/build_px4fmu-v2_lpe/px4io-v2/NuttX/nuttx-export/libs/libnuttx.a(arch-up_modifyreg32.o)
                0x0800863c                modifyreg32
 .text          0x08008658        0x0 /home/dexheimere/Firmware/build_px4fmu-v2_lpe/px4io-v2/NuttX/nuttx-export/libs/libnuttx.a(arch-up_svcall.o)
 .text.up_svcall
                0x08008658       0x34 /home/dexheimere/Firmware/build_px4fmu-v2_lpe/px4io-v2/NuttX/nuttx-export/libs/libnuttx.a(arch-up_svcall.o)
                0x08008658                up_svcall
 .text          0x0800868c        0x0 /home/dexheimere/Firmware/build_px4fmu-v2_lpe/px4io-v2/NuttX/nuttx-export/libs/libnuttx.a(arch-up_systemreset.o)
 .text.up_systemreset
                0x0800868c       0x1c /home/dexheimere/Firmware/build_px4fmu-v2_lpe/px4io-v2/NuttX/nuttx-export/libs/libnuttx.a(arch-up_systemreset.o)
                0x0800868c                up_systemreset
 .text          0x080086a8        0x0 /home/dexheimere/Firmware/build_px4fmu-v2_lpe/px4io-v2/NuttX/nuttx-export/libs/libnuttx.a(arch-up_udelay.o)
 .text.up_udelay
                0x080086a8       0x72 /home/dexheimere/Firmware/build_px4fmu-v2_lpe/px4io-v2/NuttX/nuttx-export/libs/libnuttx.a(arch-up_udelay.o)
                0x080086a8                up_udelay
 .text          0x0800871a        0x0 /home/dexheimere/Firmware/build_px4fmu-v2_lpe/px4io-v2/NuttX/nuttx-export/libs/libnuttx.a(arch-up_vectors.o)
 .text          0x0800871a        0x0 /home/dexheimere/Firmware/build_px4fmu-v2_lpe/px4io-v2/NuttX/nuttx-export/libs/libnuttx.a(cxx-libxx_cxa_atexit.o)
 .text.__cxa_atexit
                0x0800871a        0x4 /home/dexheimere/Firmware/build_px4fmu-v2_lpe/px4io-v2/NuttX/nuttx-export/libs/libnuttx.a(cxx-libxx_cxa_atexit.o)
                0x0800871a                __cxa_atexit
 .text          0x0800871e        0x0 /home/dexheimere/Firmware/build_px4fmu-v2_lpe/px4io-v2/NuttX/nuttx-export/libs/libnuttx.a(cxx-libxx_cxapurevirtual.o)
 *fill*         0x0800871e        0x2 
 .text.__cxa_pure_virtual
                0x08008720       0x10 /home/dexheimere/Firmware/build_px4fmu-v2_lpe/px4io-v2/NuttX/nuttx-export/libs/libnuttx.a(cxx-libxx_cxapurevirtual.o)
                0x08008720                __cxa_pure_virtual
 .text          0x08008730        0x0 /home/dexheimere/Firmware/build_px4fmu-v2_lpe/px4io-v2/NuttX/nuttx-export/libs/libnuttx.a(cxx-libxx_delete.o)
 .text._ZdlPv   0x08008730        0x4 /home/dexheimere/Firmware/build_px4fmu-v2_lpe/px4io-v2/NuttX/nuttx-export/libs/libnuttx.a(cxx-libxx_delete.o)
                0x08008730                operator delete(void*)
 .text          0x08008734        0x0 /home/dexheimere/Firmware/build_px4fmu-v2_lpe/px4io-v2/NuttX/nuttx-export/libs/libnuttx.a(cxx-libxx_eabi_atexit.o)
 .text.__aeabi_atexit
                0x08008734        0xa /home/dexheimere/Firmware/build_px4fmu-v2_lpe/px4io-v2/NuttX/nuttx-export/libs/libnuttx.a(cxx-libxx_eabi_atexit.o)
                0x08008734                __aeabi_atexit
 .text          0x0800873e        0x0 /home/dexheimere/Firmware/build_px4fmu-v2_lpe/px4io-v2/NuttX/nuttx-export/libs/libnuttx.a(cxx-libxx_new.o)
 .text._Znwj    0x0800873e        0xa /home/dexheimere/Firmware/build_px4fmu-v2_lpe/px4io-v2/NuttX/nuttx-export/libs/libnuttx.a(cxx-libxx_new.o)
                0x0800873e                operator new(unsigned int)
 .text          0x08008748        0x0 /home/dexheimere/Firmware/build_px4fmu-v2_lpe/px4io-v2/NuttX/nuttx-export/libs/libnuttx.a(fs-fs_ioctl.o)
 .text.ioctl    0x08008748       0x48 /home/dexheimere/Firmware/build_px4fmu-v2_lpe/px4io-v2/NuttX/nuttx-export/libs/libnuttx.a(fs-fs_ioctl.o)
                0x08008748                ioctl
 .text          0x08008790        0x0 /home/dexheimere/Firmware/build_px4fmu-v2_lpe/px4io-v2/NuttX/nuttx-export/libs/libnuttx.a(fs-fs_open.o)
 .text.inode_checkflags
                0x08008790       0x28 /home/dexheimere/Firmware/build_px4fmu-v2_lpe/px4io-v2/NuttX/nuttx-export/libs/libnuttx.a(fs-fs_open.o)
                0x08008790                inode_checkflags
 .text.open     0x080087b8       0x8e /home/dexheimere/Firmware/build_px4fmu-v2_lpe/px4io-v2/NuttX/nuttx-export/libs/libnuttx.a(fs-fs_open.o)
                0x080087b8                open
 .text          0x08008846        0x0 /home/dexheimere/Firmware/build_px4fmu-v2_lpe/px4io-v2/NuttX/nuttx-export/libs/libnuttx.a(fs-fs_read.o)
 .text.read     0x08008846       0x62 /home/dexheimere/Firmware/build_px4fmu-v2_lpe/px4io-v2/NuttX/nuttx-export/libs/libnuttx.a(fs-fs_read.o)
                0x08008846                read
 .text          0x080088a8        0x0 /home/dexheimere/Firmware/build_px4fmu-v2_lpe/px4io-v2/NuttX/nuttx-export/libs/libnuttx.a(fs-fs_write.o)
 .text.write    0x080088a8       0x54 /home/dexheimere/Firmware/build_px4fmu-v2_lpe/px4io-v2/NuttX/nuttx-export/libs/libnuttx.a(fs-fs_write.o)
                0x080088a8                write
 .text          0x080088fc        0x0 /home/dexheimere/Firmware/build_px4fmu-v2_lpe/px4io-v2/NuttX/nuttx-export/libs/libnuttx.a(drivers-serialirq.o)
 .text.uart_xmitchars
                0x080088fc       0x70 /home/dexheimere/Firmware/build_px4fmu-v2_lpe/px4io-v2/NuttX/nuttx-export/libs/libnuttx.a(drivers-serialirq.o)
                0x080088fc                uart_xmitchars
 .text.uart_recvchars
                0x0800896c       0x5c /home/dexheimere/Firmware/build_px4fmu-v2_lpe/px4io-v2/NuttX/nuttx-export/libs/libnuttx.a(drivers-serialirq.o)
                0x0800896c                uart_recvchars
 .text          0x080089c8        0x0 /home/dexheimere/Firmware/build_px4fmu-v2_lpe/px4io-v2/NuttX/nuttx-export/libs/libnuttx.a(drivers-serial.o)
 .text.uart_ioctl
                0x080089c8       0xc8 /home/dexheimere/Firmware/build_px4fmu-v2_lpe/px4io-v2/NuttX/nuttx-export/libs/libnuttx.a(drivers-serial.o)
 .text.uart_takesem
                0x08008a90       0x30 /home/dexheimere/Firmware/build_px4fmu-v2_lpe/px4io-v2/NuttX/nuttx-export/libs/libnuttx.a(drivers-serial.o)
 .text.uart_putxmitchar
                0x08008ac0       0x86 /home/dexheimere/Firmware/build_px4fmu-v2_lpe/px4io-v2/NuttX/nuttx-export/libs/libnuttx.a(drivers-serial.o)
 .text.uart_write
                0x08008b46       0xe8 /home/dexheimere/Firmware/build_px4fmu-v2_lpe/px4io-v2/NuttX/nuttx-export/libs/libnuttx.a(drivers-serial.o)
 .text.uart_read
                0x08008c2e       0xf6 /home/dexheimere/Firmware/build_px4fmu-v2_lpe/px4io-v2/NuttX/nuttx-export/libs/libnuttx.a(drivers-serial.o)
 .text.uart_open
                0x08008d24       0xa2 /home/dexheimere/Firmware/build_px4fmu-v2_lpe/px4io-v2/NuttX/nuttx-export/libs/libnuttx.a(drivers-serial.o)
 .text.uart_close
                0x08008dc6       0x7e /home/dexheimere/Firmware/build_px4fmu-v2_lpe/px4io-v2/NuttX/nuttx-export/libs/libnuttx.a(drivers-serial.o)
 .text.uart_register
                0x08008e44       0x54 /home/dexheimere/Firmware/build_px4fmu-v2_lpe/px4io-v2/NuttX/nuttx-export/libs/libnuttx.a(drivers-serial.o)
                0x08008e44                uart_register
 .text.uart_datareceived
                0x08008e98       0x10 /home/dexheimere/Firmware/build_px4fmu-v2_lpe/px4io-v2/NuttX/nuttx-export/libs/libnuttx.a(drivers-serial.o)
                0x08008e98                uart_datareceived
 .text.uart_datasent
                0x08008ea8       0x10 /home/dexheimere/Firmware/build_px4fmu-v2_lpe/px4io-v2/NuttX/nuttx-export/libs/libnuttx.a(drivers-serial.o)
                0x08008ea8                uart_datasent
 .text.uart_numrxavail
                0x08008eb8       0x2a /home/dexheimere/Firmware/build_px4fmu-v2_lpe/px4io-v2/NuttX/nuttx-export/libs/libnuttx.a(drivers-serial.o)
                0x08008eb8                uart_numrxavail
 .text          0x08008ee2        0x0 /home/dexheimere/Firmware/build_px4fmu-v2_lpe/px4io-v2/NuttX/nuttx-export/libs/libnuttx.a(sched-errno_getptr.o)
 *fill*         0x08008ee2        0x2 
 .text.get_errno_ptr
                0x08008ee4       0x24 /home/dexheimere/Firmware/build_px4fmu-v2_lpe/px4io-v2/NuttX/nuttx-export/libs/libnuttx.a(sched-errno_getptr.o)
                0x08008ee4                get_errno_ptr
 .text          0x08008f08        0x0 /home/dexheimere/Firmware/build_px4fmu-v2_lpe/px4io-v2/NuttX/nuttx-export/libs/libnuttx.a(sched-exit.o)
 .text.exit     0x08008f08       0x1c /home/dexheimere/Firmware/build_px4fmu-v2_lpe/px4io-v2/NuttX/nuttx-export/libs/libnuttx.a(sched-exit.o)
                0x08008f08                exit
 .text          0x08008f24        0x0 /home/dexheimere/Firmware/build_px4fmu-v2_lpe/px4io-v2/NuttX/nuttx-export/libs/libnuttx.a(sched-getpid.o)
 .text.getpid   0x08008f24       0x10 /home/dexheimere/Firmware/build_px4fmu-v2_lpe/px4io-v2/NuttX/nuttx-export/libs/libnuttx.a(sched-getpid.o)
                0x08008f24                getpid
 .text          0x08008f34        0x0 /home/dexheimere/Firmware/build_px4fmu-v2_lpe/px4io-v2/NuttX/nuttx-export/libs/libnuttx.a(sched-os_start.o)
 .text.os_start
                0x08008f34      0x12c /home/dexheimere/Firmware/build_px4fmu-v2_lpe/px4io-v2/NuttX/nuttx-export/libs/libnuttx.a(sched-os_start.o)
                0x08008f34                os_start
 .text          0x08009060        0x0 /home/dexheimere/Firmware/build_px4fmu-v2_lpe/px4io-v2/NuttX/nuttx-export/libs/libnuttx.a(sched-sched_garbage.o)
 .text.sched_garbagecollection
                0x08009060       0x2c /home/dexheimere/Firmware/build_px4fmu-v2_lpe/px4io-v2/NuttX/nuttx-export/libs/libnuttx.a(sched-sched_garbage.o)
                0x08009060                sched_garbagecollection
 .text          0x0800908c        0x0 /home/dexheimere/Firmware/build_px4fmu-v2_lpe/px4io-v2/NuttX/nuttx-export/libs/libnuttx.a(sched-sched_getfiles.o)
 .text.sched_getfiles
                0x0800908c       0x10 /home/dexheimere/Firmware/build_px4fmu-v2_lpe/px4io-v2/NuttX/nuttx-export/libs/libnuttx.a(sched-sched_getfiles.o)
                0x0800908c                sched_getfiles
 .text          0x0800909c        0x0 /home/dexheimere/Firmware/build_px4fmu-v2_lpe/px4io-v2/NuttX/nuttx-export/libs/libnuttx.a(sched-sem_post.o)
 .text.sem_post
                0x0800909c       0x58 /home/dexheimere/Firmware/build_px4fmu-v2_lpe/px4io-v2/NuttX/nuttx-export/libs/libnuttx.a(sched-sem_post.o)
                0x0800909c                sem_post
 .text          0x080090f4        0x0 /home/dexheimere/Firmware/build_px4fmu-v2_lpe/px4io-v2/NuttX/nuttx-export/libs/libnuttx.a(sched-sem_trywait.o)
 .text.sem_trywait
                0x080090f4       0x4c /home/dexheimere/Firmware/build_px4fmu-v2_lpe/px4io-v2/NuttX/nuttx-export/libs/libnuttx.a(sched-sem_trywait.o)
                0x080090f4                sem_trywait
 .text          0x08009140        0x0 /home/dexheimere/Firmware/build_px4fmu-v2_lpe/px4io-v2/NuttX/nuttx-export/libs/libnuttx.a(sched-sem_wait.o)
 .text.sem_wait
                0x08009140       0x84 /home/dexheimere/Firmware/build_px4fmu-v2_lpe/px4io-v2/NuttX/nuttx-export/libs/libnuttx.a(sched-sem_wait.o)
                0x08009140                sem_wait
 .text          0x080091c4        0x0 /home/dexheimere/Firmware/build_px4fmu-v2_lpe/px4io-v2/NuttX/nuttx-export/libs/libnuttx.a(sched-task_exithook.o)
 .text.task_exithook
                0x080091c4       0x1e /home/dexheimere/Firmware/build_px4fmu-v2_lpe/px4io-v2/NuttX/nuttx-export/libs/libnuttx.a(sched-task_exithook.o)
                0x080091c4                task_exithook
 .text          0x080091e2        0x0 /home/dexheimere/Firmware/build_px4fmu-v2_lpe/px4io-v2/NuttX/nuttx-export/libs/libnuttx.a(sched-task_recover.o)
 .text.task_recover
                0x080091e2       0x26 /home/dexheimere/Firmware/build_px4fmu-v2_lpe/px4io-v2/NuttX/nuttx-export/libs/libnuttx.a(sched-task_recover.o)
                0x080091e2                task_recover
 .text          0x08009208        0x0 /home/dexheimere/Firmware/build_px4fmu-v2_lpe/px4io-v2/NuttX/nuttx-export/libs/libnuttx.a(sched-wd_cancel.o)
 .text.wd_cancel
                0x08009208       0x64 /home/dexheimere/Firmware/build_px4fmu-v2_lpe/px4io-v2/NuttX/nuttx-export/libs/libnuttx.a(sched-wd_cancel.o)
                0x08009208                wd_cancel
 .text          0x0800926c        0x0 /home/dexheimere/Firmware/build_px4fmu-v2_lpe/px4io-v2/NuttX/nuttx-export/libs/libnuttx.a(sched-wd_delete.o)
 .text.wd_delete
                0x0800926c       0x3c /home/dexheimere/Firmware/build_px4fmu-v2_lpe/px4io-v2/NuttX/nuttx-export/libs/libnuttx.a(sched-wd_delete.o)
                0x0800926c                wd_delete
 .text          0x080092a8        0x0 /home/dexheimere/Firmware/build_px4fmu-v2_lpe/px4io-v2/NuttX/nuttx-export/libs/libnuttx.a(sched-wd_initialize.o)
 .text.wd_initialize
                0x080092a8       0x44 /home/dexheimere/Firmware/build_px4fmu-v2_lpe/px4io-v2/NuttX/nuttx-export/libs/libnuttx.a(sched-wd_initialize.o)
                0x080092a8                wd_initialize
 .text          0x080092ec        0x0 /home/dexheimere/Firmware/build_px4fmu-v2_lpe/px4io-v2/NuttX/nuttx-export/libs/libnuttx.a(c-dq_addfirst.o)
 .text.dq_addfirst
                0x080092ec       0x18 /home/dexheimere/Firmware/build_px4fmu-v2_lpe/px4io-v2/NuttX/nuttx-export/libs/libnuttx.a(c-dq_addfirst.o)
                0x080092ec                dq_addfirst
 .text          0x08009304        0x0 /home/dexheimere/Firmware/build_px4fmu-v2_lpe/px4io-v2/NuttX/nuttx-export/libs/libnuttx.a(c-lib_cfgetspeed.o)
 .text.cfgetspeed
                0x08009304        0x4 /home/dexheimere/Firmware/build_px4fmu-v2_lpe/px4io-v2/NuttX/nuttx-export/libs/libnuttx.a(c-lib_cfgetspeed.o)
                0x08009304                cfgetspeed
 .text          0x08009308        0x0 /home/dexheimere/Firmware/build_px4fmu-v2_lpe/px4io-v2/NuttX/nuttx-export/libs/libnuttx.a(c-lib_checkbase.o)
 .text.lib_checkbase
                0x08009308       0x50 /home/dexheimere/Firmware/build_px4fmu-v2_lpe/px4io-v2/NuttX/nuttx-export/libs/libnuttx.a(c-lib_checkbase.o)
                0x08009308                lib_checkbase
 .text          0x08009358        0x0 /home/dexheimere/Firmware/build_px4fmu-v2_lpe/px4io-v2/NuttX/nuttx-export/libs/libnuttx.a(c-lib_isbasedigit.o)
 .text.lib_isbasedigit
                0x08009358       0x4e /home/dexheimere/Firmware/build_px4fmu-v2_lpe/px4io-v2/NuttX/nuttx-export/libs/libnuttx.a(c-lib_isbasedigit.o)
                0x08009358                lib_isbasedigit
 .text          0x080093a6        0x0 /home/dexheimere/Firmware/build_px4fmu-v2_lpe/px4io-v2/NuttX/nuttx-export/libs/libnuttx.a(c-lib_libvsprintf.o)
 .text.utodec   0x080093a6       0x24 /home/dexheimere/Firmware/build_px4fmu-v2_lpe/px4io-v2/NuttX/nuttx-export/libs/libnuttx.a(c-lib_libvsprintf.o)
 .text.utooct   0x080093ca       0x1e /home/dexheimere/Firmware/build_px4fmu-v2_lpe/px4io-v2/NuttX/nuttx-export/libs/libnuttx.a(c-lib_libvsprintf.o)
 .text.utobin   0x080093e8       0x1e /home/dexheimere/Firmware/build_px4fmu-v2_lpe/px4io-v2/NuttX/nuttx-export/libs/libnuttx.a(c-lib_libvsprintf.o)
 .text.llutodec
                0x08009406       0x42 /home/dexheimere/Firmware/build_px4fmu-v2_lpe/px4io-v2/NuttX/nuttx-export/libs/libnuttx.a(c-lib_libvsprintf.o)
 .text.llutooct
                0x08009448       0x2e /home/dexheimere/Firmware/build_px4fmu-v2_lpe/px4io-v2/NuttX/nuttx-export/libs/libnuttx.a(c-lib_libvsprintf.o)
 .text.llutobin
                0x08009476       0x26 /home/dexheimere/Firmware/build_px4fmu-v2_lpe/px4io-v2/NuttX/nuttx-export/libs/libnuttx.a(c-lib_libvsprintf.o)
 .text.prejustify
                0x0800949c       0x8c /home/dexheimere/Firmware/build_px4fmu-v2_lpe/px4io-v2/NuttX/nuttx-export/libs/libnuttx.a(c-lib_libvsprintf.o)
 .text.llutohex
                0x08009528       0x5a /home/dexheimere/Firmware/build_px4fmu-v2_lpe/px4io-v2/NuttX/nuttx-export/libs/libnuttx.a(c-lib_libvsprintf.o)
 .text.llutoascii
                0x08009582       0x98 /home/dexheimere/Firmware/build_px4fmu-v2_lpe/px4io-v2/NuttX/nuttx-export/libs/libnuttx.a(c-lib_libvsprintf.o)
 .text.postjustify
                0x0800961a       0x26 /home/dexheimere/Firmware/build_px4fmu-v2_lpe/px4io-v2/NuttX/nuttx-export/libs/libnuttx.a(c-lib_libvsprintf.o)
 .text.utohex   0x08009640       0x4a /home/dexheimere/Firmware/build_px4fmu-v2_lpe/px4io-v2/NuttX/nuttx-export/libs/libnuttx.a(c-lib_libvsprintf.o)
 .text.utoascii
                0x0800968a       0x8c /home/dexheimere/Firmware/build_px4fmu-v2_lpe/px4io-v2/NuttX/nuttx-export/libs/libnuttx.a(c-lib_libvsprintf.o)
 *fill*         0x08009716        0x2 
 .text.lib_vsprintf
                0x08009718      0x29c /home/dexheimere/Firmware/build_px4fmu-v2_lpe/px4io-v2/NuttX/nuttx-export/libs/libnuttx.a(c-lib_libvsprintf.o)
                0x08009718                lib_vsprintf
 .text          0x080099b4        0x0 /home/dexheimere/Firmware/build_px4fmu-v2_lpe/px4io-v2/NuttX/nuttx-export/libs/libnuttx.a(c-lib_lowoutstream.o)
 .text.lowoutstream_putc
                0x080099b4       0x16 /home/dexheimere/Firmware/build_px4fmu-v2_lpe/px4io-v2/NuttX/nuttx-export/libs/libnuttx.a(c-lib_lowoutstream.o)
 *fill*         0x080099ca        0x2 
 .text.lib_lowoutstream
                0x080099cc       0x10 /home/dexheimere/Firmware/build_px4fmu-v2_lpe/px4io-v2/NuttX/nuttx-export/libs/libnuttx.a(c-lib_lowoutstream.o)
                0x080099cc                lib_lowoutstream
 .text          0x080099dc        0x0 /home/dexheimere/Firmware/build_px4fmu-v2_lpe/px4io-v2/NuttX/nuttx-export/libs/libnuttx.a(c-lib_memoutstream.o)
 .text.memoutstream_putc
                0x080099dc       0x1a /home/dexheimere/Firmware/build_px4fmu-v2_lpe/px4io-v2/NuttX/nuttx-export/libs/libnuttx.a(c-lib_memoutstream.o)
 *fill*         0x080099f6        0x2 
 .text.lib_memoutstream
                0x080099f8       0x18 /home/dexheimere/Firmware/build_px4fmu-v2_lpe/px4io-v2/NuttX/nuttx-export/libs/libnuttx.a(c-lib_memoutstream.o)
                0x080099f8                lib_memoutstream
 .text          0x08009a10        0x0 /home/dexheimere/Firmware/build_px4fmu-v2_lpe/px4io-v2/NuttX/nuttx-export/libs/libnuttx.a(c-lib_nulloutstream.o)
 .text.nulloutstream_putc
                0x08009a10        0x8 /home/dexheimere/Firmware/build_px4fmu-v2_lpe/px4io-v2/NuttX/nuttx-export/libs/libnuttx.a(c-lib_nulloutstream.o)
 .text.lib_nulloutstream
                0x08009a18       0x10 /home/dexheimere/Firmware/build_px4fmu-v2_lpe/px4io-v2/NuttX/nuttx-export/libs/libnuttx.a(c-lib_nulloutstream.o)
                0x08009a18                lib_nulloutstream
 .text          0x08009a28        0x0 /home/dexheimere/Firmware/build_px4fmu-v2_lpe/px4io-v2/NuttX/nuttx-export/libs/libnuttx.a(c-lib_rawoutstream.o)
 .text.rawoutstream_putc
                0x08009a28       0x2e /home/dexheimere/Firmware/build_px4fmu-v2_lpe/px4io-v2/NuttX/nuttx-export/libs/libnuttx.a(c-lib_rawoutstream.o)
 *fill*         0x08009a56        0x2 
 .text.lib_rawoutstream
                0x08009a58       0x10 /home/dexheimere/Firmware/build_px4fmu-v2_lpe/px4io-v2/NuttX/nuttx-export/libs/libnuttx.a(c-lib_rawoutstream.o)
                0x08009a58                lib_rawoutstream
 .text          0x08009a68        0x0 /home/dexheimere/Firmware/build_px4fmu-v2_lpe/px4io-v2/NuttX/nuttx-export/libs/libnuttx.a(c-lib_skipspace.o)
 .text.lib_skipspace
                0x08009a68       0x16 /home/dexheimere/Firmware/build_px4fmu-v2_lpe/px4io-v2/NuttX/nuttx-export/libs/libnuttx.a(c-lib_skipspace.o)
                0x08009a68                lib_skipspace
 .text          0x08009a7e        0x0 /home/dexheimere/Firmware/build_px4fmu-v2_lpe/px4io-v2/NuttX/nuttx-export/libs/libnuttx.a(c-lib_strcpy.o)
 .text.strcpy   0x08009a7e       0x10 /home/dexheimere/Firmware/build_px4fmu-v2_lpe/px4io-v2/NuttX/nuttx-export/libs/libnuttx.a(c-lib_strcpy.o)
                0x08009a7e                strcpy
 .text          0x08009a8e        0x0 /home/dexheimere/Firmware/build_px4fmu-v2_lpe/px4io-v2/NuttX/nuttx-export/libs/libnuttx.a(c-lib_strlen.o)
 .text.strlen   0x08009a8e       0x10 /home/dexheimere/Firmware/build_px4fmu-v2_lpe/px4io-v2/NuttX/nuttx-export/libs/libnuttx.a(c-lib_strlen.o)
                0x08009a8e                strlen
 .text          0x08009a9e        0x0 /home/dexheimere/Firmware/build_px4fmu-v2_lpe/px4io-v2/NuttX/nuttx-export/libs/libnuttx.a(c-sem_init.o)
 .text.sem_init
                0x08009a9e       0x1e /home/dexheimere/Firmware/build_px4fmu-v2_lpe/px4io-v2/NuttX/nuttx-export/libs/libnuttx.a(c-sem_init.o)
                0x08009a9e                sem_init
 .text          0x08009abc        0x0 /home/dexheimere/Firmware/build_px4fmu-v2_lpe/px4io-v2/NuttX/nuttx-export/libs/libnuttx.a(c-sq_remafter.o)
 .text.sq_remafter
                0x08009abc       0x22 /home/dexheimere/Firmware/build_px4fmu-v2_lpe/px4io-v2/NuttX/nuttx-export/libs/libnuttx.a(c-sq_remafter.o)
                0x08009abc                sq_remafter
 .text          0x08009ade        0x0 /home/dexheimere/Firmware/build_px4fmu-v2_lpe/px4io-v2/NuttX/nuttx-export/libs/libnuttx.a(c-sq_remfirst.o)
 .text.sq_remfirst
                0x08009ade       0x14 /home/dexheimere/Firmware/build_px4fmu-v2_lpe/px4io-v2/NuttX/nuttx-export/libs/libnuttx.a(c-sq_remfirst.o)
                0x08009ade                sq_remfirst
 .text          0x08009af2        0x0 /home/dexheimere/Firmware/build_px4fmu-v2_lpe/px4io-v2/NuttX/nuttx-export/libs/libnuttx.a(mm-mm_addfreechunk.o)
 .text.mm_addfreechunk
                0x08009af2       0x36 /home/dexheimere/Firmware/build_px4fmu-v2_lpe/px4io-v2/NuttX/nuttx-export/libs/libnuttx.a(mm-mm_addfreechunk.o)
                0x08009af2                mm_addfreechunk
 .text          0x08009b28        0x0 /home/dexheimere/Firmware/build_px4fmu-v2_lpe/px4io-v2/NuttX/nuttx-export/libs/libnuttx.a(mm-mm_initialize.o)
 .text.mm_addregion
                0x08009b28       0x50 /home/dexheimere/Firmware/build_px4fmu-v2_lpe/px4io-v2/NuttX/nuttx-export/libs/libnuttx.a(mm-mm_initialize.o)
                0x08009b28                mm_addregion
 .text.mm_initialize
                0x08009b78       0x40 /home/dexheimere/Firmware/build_px4fmu-v2_lpe/px4io-v2/NuttX/nuttx-export/libs/libnuttx.a(mm-mm_initialize.o)
                0x08009b78                mm_initialize
 .text          0x08009bb8        0x0 /home/dexheimere/Firmware/build_px4fmu-v2_lpe/px4io-v2/NuttX/nuttx-export/libs/libnuttx.a(arch-stm32_allocateheap.o)
 .text.up_allocate_heap
                0x08009bb8       0x14 /home/dexheimere/Firmware/build_px4fmu-v2_lpe/px4io-v2/NuttX/nuttx-export/libs/libnuttx.a(arch-stm32_allocateheap.o)
                0x08009bb8                up_allocate_heap
 .text          0x08009bcc        0x0 /home/dexheimere/Firmware/build_px4fmu-v2_lpe/px4io-v2/NuttX/nuttx-export/libs/libnuttx.a(arch-stm32_idle.o)
 .text.up_idle  0x08009bcc        0x4 /home/dexheimere/Firmware/build_px4fmu-v2_lpe/px4io-v2/NuttX/nuttx-export/libs/libnuttx.a(arch-stm32_idle.o)
                0x08009bcc                up_idle
 .text          0x08009bd0        0x0 /home/dexheimere/Firmware/build_px4fmu-v2_lpe/px4io-v2/NuttX/nuttx-export/libs/libnuttx.a(arch-stm32_lowputc.o)
 .text.up_lowputc
                0x08009bd0       0x18 /home/dexheimere/Firmware/build_px4fmu-v2_lpe/px4io-v2/NuttX/nuttx-export/libs/libnuttx.a(arch-stm32_lowputc.o)
                0x08009bd0                up_lowputc
 .text.stm32_lowsetup
                0x08009be8       0x6c /home/dexheimere/Firmware/build_px4fmu-v2_lpe/px4io-v2/NuttX/nuttx-export/libs/libnuttx.a(arch-stm32_lowputc.o)
                0x08009be8                stm32_lowsetup
 .text          0x08009c54        0x0 /home/dexheimere/Firmware/build_px4fmu-v2_lpe/px4io-v2/NuttX/nuttx-export/libs/libnuttx.a(arch-stm32_rcc.o)
 .text.stm32_clockconfig
                0x08009c54       0xe8 /home/dexheimere/Firmware/build_px4fmu-v2_lpe/px4io-v2/NuttX/nuttx-export/libs/libnuttx.a(arch-stm32_rcc.o)
                0x08009c54                stm32_clockconfig
 .text          0x08009d3c        0x0 /home/dexheimere/Firmware/build_px4fmu-v2_lpe/px4io-v2/NuttX/nuttx-export/libs/libnuttx.a(arch-stm32_vectors.o)
 .text          0x08009d3c        0x0 /home/dexheimere/Firmware/build_px4fmu-v2_lpe/px4io-v2/NuttX/nuttx-export/libs/libnuttx.a(arch-up_blocktask.o)
 .text.up_block_task
                0x08009d3c       0x74 /home/dexheimere/Firmware/build_px4fmu-v2_lpe/px4io-v2/NuttX/nuttx-export/libs/libnuttx.a(arch-up_blocktask.o)
                0x08009d3c                up_block_task
 .text          0x08009db0        0x0 /home/dexheimere/Firmware/build_px4fmu-v2_lpe/px4io-v2/NuttX/nuttx-export/libs/libnuttx.a(arch-up_copystate.o)
 .text.up_copystate
                0x08009db0       0x18 /home/dexheimere/Firmware/build_px4fmu-v2_lpe/px4io-v2/NuttX/nuttx-export/libs/libnuttx.a(arch-up_copystate.o)
                0x08009db0                up_copystate
 .text          0x08009dc8       0x5e /home/dexheimere/Firmware/build_px4fmu-v2_lpe/px4io-v2/NuttX/nuttx-export/libs/libnuttx.a(arch-up_exception.o)
                0x08009dc8                exception_common
 .text          0x08009e26        0x0 /home/dexheimere/Firmware/build_px4fmu-v2_lpe/px4io-v2/NuttX/nuttx-export/libs/libnuttx.a(arch-up_exit.o)
 *fill*         0x08009e26        0x2 
 .text._exit    0x08009e28       0x1c /home/dexheimere/Firmware/build_px4fmu-v2_lpe/px4io-v2/NuttX/nuttx-export/libs/libnuttx.a(arch-up_exit.o)
                0x08009e28                _exit
 .text          0x08009e44        0xa /home/dexheimere/Firmware/build_px4fmu-v2_lpe/px4io-v2/NuttX/nuttx-export/libs/libnuttx.a(arch-up_fullcontextrestore.o)
                0x08009e44                up_fullcontextrestore
 .text          0x08009e4e        0x0 /home/dexheimere/Firmware/build_px4fmu-v2_lpe/px4io-v2/NuttX/nuttx-export/libs/libnuttx.a(arch-up_initialize.o)
 *fill*         0x08009e4e        0x2 
 .text.up_initialize
                0x08009e50       0x28 /home/dexheimere/Firmware/build_px4fmu-v2_lpe/px4io-v2/NuttX/nuttx-export/libs/libnuttx.a(arch-up_initialize.o)
                0x08009e50                up_initialize
 .text          0x08009e78        0x0 /home/dexheimere/Firmware/build_px4fmu-v2_lpe/px4io-v2/NuttX/nuttx-export/libs/libnuttx.a(arch-up_initialstate.o)
 .text.up_initial_state
                0x08009e78       0x34 /home/dexheimere/Firmware/build_px4fmu-v2_lpe/px4io-v2/NuttX/nuttx-export/libs/libnuttx.a(arch-up_initialstate.o)
                0x08009e78                up_initial_state
 .text          0x08009eac        0x0 /home/dexheimere/Firmware/build_px4fmu-v2_lpe/px4io-v2/NuttX/nuttx-export/libs/libnuttx.a(arch-up_interruptcontext.o)
 .text.up_interrupt_context
                0x08009eac       0x10 /home/dexheimere/Firmware/build_px4fmu-v2_lpe/px4io-v2/NuttX/nuttx-export/libs/libnuttx.a(arch-up_interruptcontext.o)
                0x08009eac                up_interrupt_context
 .text          0x08009ebc        0x0 /home/dexheimere/Firmware/build_px4fmu-v2_lpe/px4io-v2/NuttX/nuttx-export/libs/libnuttx.a(arch-up_mdelay.o)
 .text.up_mdelay
                0x08009ebc       0x2a /home/dexheimere/Firmware/build_px4fmu-v2_lpe/px4io-v2/NuttX/nuttx-export/libs/libnuttx.a(arch-up_mdelay.o)
                0x08009ebc                up_mdelay
 .text          0x08009ee6        0xc /home/dexheimere/Firmware/build_px4fmu-v2_lpe/px4io-v2/NuttX/nuttx-export/libs/libnuttx.a(arch-up_switchcontext.o)
                0x08009ee6                up_switchcontext
 .text          0x08009ef2        0x0 /home/dexheimere/Firmware/build_px4fmu-v2_lpe/px4io-v2/NuttX/nuttx-export/libs/libnuttx.a(arch-up_unblocktask.o)
 *fill*         0x08009ef2        0x2 
 .text.up_unblock_task
                0x08009ef4       0x54 /home/dexheimere/Firmware/build_px4fmu-v2_lpe/px4io-v2/NuttX/nuttx-export/libs/libnuttx.a(arch-up_unblocktask.o)
                0x08009ef4                up_unblock_task
 .text          0x08009f48        0x0 /home/dexheimere/Firmware/build_px4fmu-v2_lpe/px4io-v2/NuttX/nuttx-export/libs/libnuttx.a(fs-fs_files.o)
 .text._files_close
                0x08009f48       0x2a /home/dexheimere/Firmware/build_px4fmu-v2_lpe/px4io-v2/NuttX/nuttx-export/libs/libnuttx.a(fs-fs_files.o)
 *fill*         0x08009f72        0x2 
 .text._files_semtake
                0x08009f74       0x24 /home/dexheimere/Firmware/build_px4fmu-v2_lpe/px4io-v2/NuttX/nuttx-export/libs/libnuttx.a(fs-fs_files.o)
 .text.files_initialize
                0x08009f98        0x2 /home/dexheimere/Firmware/build_px4fmu-v2_lpe/px4io-v2/NuttX/nuttx-export/libs/libnuttx.a(fs-fs_files.o)
                0x08009f98                files_initialize
 .text.files_initlist
                0x08009f9a        0x8 /home/dexheimere/Firmware/build_px4fmu-v2_lpe/px4io-v2/NuttX/nuttx-export/libs/libnuttx.a(fs-fs_files.o)
                0x08009f9a                files_initlist
 .text.files_releaselist
                0x08009fa2       0x20 /home/dexheimere/Firmware/build_px4fmu-v2_lpe/px4io-v2/NuttX/nuttx-export/libs/libnuttx.a(fs-fs_files.o)
                0x08009fa2                files_releaselist
 .text.files_dup
                0x08009fc2       0x80 /home/dexheimere/Firmware/build_px4fmu-v2_lpe/px4io-v2/NuttX/nuttx-export/libs/libnuttx.a(fs-fs_files.o)
                0x08009fc2                files_dup
 .text.files_allocate
                0x0800a042       0x54 /home/dexheimere/Firmware/build_px4fmu-v2_lpe/px4io-v2/NuttX/nuttx-export/libs/libnuttx.a(fs-fs_files.o)
                0x0800a042                files_allocate
 .text.files_close
                0x0800a096       0x3a /home/dexheimere/Firmware/build_px4fmu-v2_lpe/px4io-v2/NuttX/nuttx-export/libs/libnuttx.a(fs-fs_files.o)
                0x0800a096                files_close
 .text.files_release
                0x0800a0d0       0x2c /home/dexheimere/Firmware/build_px4fmu-v2_lpe/px4io-v2/NuttX/nuttx-export/libs/libnuttx.a(fs-fs_files.o)
                0x0800a0d0                files_release
 .text          0x0800a0fc        0x0 /home/dexheimere/Firmware/build_px4fmu-v2_lpe/px4io-v2/NuttX/nuttx-export/libs/libnuttx.a(fs-fs_inodeaddref.o)
 .text.inode_addref
                0x0800a0fc       0x1a /home/dexheimere/Firmware/build_px4fmu-v2_lpe/px4io-v2/NuttX/nuttx-export/libs/libnuttx.a(fs-fs_inodeaddref.o)
                0x0800a0fc                inode_addref
 .text          0x0800a116        0x0 /home/dexheimere/Firmware/build_px4fmu-v2_lpe/px4io-v2/NuttX/nuttx-export/libs/libnuttx.a(fs-fs_inodefind.o)
 .text.inode_find
                0x0800a116       0x34 /home/dexheimere/Firmware/build_px4fmu-v2_lpe/px4io-v2/NuttX/nuttx-export/libs/libnuttx.a(fs-fs_inodefind.o)
                0x0800a116                inode_find
 .text          0x0800a14a        0x0 /home/dexheimere/Firmware/build_px4fmu-v2_lpe/px4io-v2/NuttX/nuttx-export/libs/libnuttx.a(fs-fs_inode.o)
 *fill*         0x0800a14a        0x2 
 .text.fs_initialize
                0x0800a14c       0x20 /home/dexheimere/Firmware/build_px4fmu-v2_lpe/px4io-v2/NuttX/nuttx-export/libs/libnuttx.a(fs-fs_inode.o)
                0x0800a14c                fs_initialize
 .text.inode_semtake
                0x0800a16c       0x28 /home/dexheimere/Firmware/build_px4fmu-v2_lpe/px4io-v2/NuttX/nuttx-export/libs/libnuttx.a(fs-fs_inode.o)
                0x0800a16c                inode_semtake
 .text.inode_semgive
                0x0800a194        0xc /home/dexheimere/Firmware/build_px4fmu-v2_lpe/px4io-v2/NuttX/nuttx-export/libs/libnuttx.a(fs-fs_inode.o)
                0x0800a194                inode_semgive
 .text.inode_free